08-08 12:16:12.586 19181 19181 I Routine@Core[4.8.02.28]: Pref: removeSharedPrefsData() key=condition_launch_app_data_resume_pkg
08-08 12:16:12.587 19181 19213 I Routine@Core[4.8.02.28]: DynamicShortcutsUpdater: addOrUpdateShortcut: result(true)
08-08 12:16:12.587 19181 19213 I Routine@Core[4.8.02.28]: DynamicShortcutsRepository: getPreferredRoutineId
08-08 12:16:12.587 19181 19181 I Routine@Core[4.8.02.28]: AppLifecycleWatcher: updateUsageStateWatcher: 0
08-08 12:16:12.588 19181 19213 I Routine@Core[4.8.02.28]: DynamicShortcutsUpdater: addPreferredRoutineShortcut: preferredRoutineId(-1)
08-08 12:16:12.588 19181 19213 I Routine@Core[4.8.02.28]: DynamicShortcutsUpdater: removeDynamicShortcut: id=ds_routine
08-08 12:16:12.589 19181 19181 I Routine@Core[4.8.02.28]: ActivityWatcherForSolo: unregister
08-08 12:16:12.589 19181 19181 I Routine@Core[4.8.02.28]: WatchingConditions: clear
08-08 12:16:12.589 19181 19181 I Routine@Core[4.8.02.28]: Pref: removeSharedPrefsData() key=condition_launch_app_data_resume_pkg
08-08 12:16:12.589 19181 19181 I Routine@Core[4.8.02.28]: PreloadConditionService: onEnd: tag=launch_app_v3, stop service.
08-08 12:16:12.592 19181 19181 I Routine@Core[4.8.02.28]: WatchingConditions: clear
08-08 12:16:12.592 19181 19181 I Routine@Core[4.8.02.28]: Pref: removeSharedPrefsData() key=condition_launch_game_data_resume_pkg
08-08 12:16:12.592 19181 19181 I Routine@Core[4.8.02.28]: AppLifecycleWatcher: updateUsageStateWatcher: 0
08-08 12:16:12.592 19181 19181 I Routine@Core[4.8.02.28]: ActivityWatcherForSolo: unregister
08-08 12:16:12.592 19181 19181 I Routine@Core[4.8.02.28]: WatchingConditions: clear
08-08 12:16:12.592 19181 19181 I Routine@Core[4.8.02.28]: Pref: removeSharedPrefsData() key=condition_launch_game_data_resume_pkg
08-08 12:16:12.592 19181 19181 I Routine@Core[4.8.02.28]: PreloadConditionService: onEnd: tag=launch_game_v3, stop service.
08-08 12:16:12.596 19181 19214 I Routine@Core[4.8.02.28]: DynamicShortcutsUpdater: addOrUpdateShortcut: result(true)
08-08 12:16:12.596 19181 19214 I Routine@Core[4.8.02.28]: DynamicShortcutsRepository: getPreferredRoutineId
08-08 12:16:12.598 19181 19214 I Routine@Core[4.8.02.28]: DynamicShortcutsUpdater: addPreferredRoutineShortcut: preferredRoutineId(-1)
08-08 12:16:12.598 19181 19214 I Routine@Core[4.8.02.28]: DynamicShortcutsUpdater: removeDynamicShortcut: id=ds_routine
08-08 12:16:12.608  1230  1668 D DisplayModeController: setDesiredMode 4627039422300187648 {mode={fps=90.00 Hz, modePtr={id=0, vsyncRate=90.00 Hz, peakRefreshRate=90.00 Hz}}, emitEvent=true, force=false}
08-08 12:16:12.609 19181 19181 I Routine@Core[4.8.02.28]: MediaConditionUtils: isNeedToUnregister: result(true)
08-08 12:16:12.609 19181 19181 I Routine@Core[4.8.02.28]: MediaPlayConditionImpl: reloadCondition: isRunning(false)
08-08 12:16:12.609 19181 19181 I Routine@Core[4.8.02.28]: MediaPlayConditionImpl: unregisterMediaSessionListener
08-08 12:16:12.616 19181 19181 E Routine@Core[4.8.02.28]: a: android.hardware.input.InputManager: InvocationTargetException encountered invoking semUnregisterOnSwitchEventChangedListener 
08-08 12:16:12.616 19181 19181 E Routine@Core[4.8.02.28]: a: java.lang.reflect.InvocationTargetException
08-08 12:16:12.616 19181 19181 E Routine@Core[4.8.02.28]: a: 	at java.lang.reflect.Method.invoke(Native Method)
08-08 12:16:12.616 19181 19181 E Routine@Core[4.8.02.28]: a: 	at b1.a.k(Unknown Source:37)
08-08 12:16:12.616 19181 19181 E Routine@Core[4.8.02.28]: a: 	at Fa.c.e(Unknown Source:34)
08-08 12:16:12.616 19181 19181 E Routine@Core[4.8.02.28]: a: 	at Fa.c.b(Unknown Source:39)
08-08 12:16:12.616 19181 19181 E Routine@Core[4.8.02.28]: a: 	at com.samsung.android.app.routines.preloadproviders.service.condition.PreloadConditionService.onStartCommand(Unknown Source:534)
08-08 12:16:12.616 19181 19181 E Routine@Core[4.8.02.28]: a: 	at android.app.ActivityThread.handleServiceArgs(ActivityThread.java:5756)
08-08 12:16:12.616 19181 19181 E Routine@Core[4.8.02.28]: a: 	at android.app.ActivityThread.-$$Nest$mhandleServiceArgs(Unknown Source:0)
08-08 12:16:12.616 19181 19181 E Routine@Core[4.8.02.28]: a: 	at android.app.ActivityThread$H.handleMessage(ActivityThread.java:2732)
08-08 12:16:12.616 19181 19181 E Routine@Core[4.8.02.28]: a: 	at android.os.Handler.dispatchMessage(Handler.java:107)
08-08 12:16:12.616 19181 19181 E Routine@Core[4.8.02.28]: a: 	at android.os.Looper.loopOnce(Looper.java:257)
08-08 12:16:12.616 19181 19181 E Routine@Core[4.8.02.28]: a: 	at android.os.Looper.loop(Looper.java:342)
08-08 12:16:12.616 19181 19181 E Routine@Core[4.8.02.28]: a: 	at android.app.ActivityThread.main(ActivityThread.java:9638)
08-08 12:16:12.616 19181 19181 E Routine@Core[4.8.02.28]: a: 	at java.lang.reflect.Method.invoke(Native Method)
08-08 12:16:12.616 19181 19181 E Routine@Core[4.8.02.28]: a: 	at com.android.internal.os.RuntimeInit$MethodAndArgsCaller.run(RuntimeInit.java:619)
08-08 12:16:12.616 19181 19181 E Routine@Core[4.8.02.28]: a: 	at com.android.internal.os.ZygoteInit.main(ZygoteInit.java:929)
08-08 12:16:12.616 19181 19181 E Routine@Core[4.8.02.28]: a: Caused by: java.lang.NullPointerException: Attempt to invoke interface method 'int java.util.List.size()' on a null object reference
08-08 12:16:12.616 19181 19181 E Routine@Core[4.8.02.28]: a: 	at android.hardware.input.InputManagerGlobal.findOnSwitchEventChangedListenerLocked(InputManagerGlobal.java:742)
08-08 12:16:12.616 19181 19181 E Routine@Core[4.8.02.28]: a: 	at android.hardware.input.InputManagerGlobal.semUnregisterOnSwitchEventChangedListener(InputManagerGlobal.java:556)
08-08 12:16:12.616 19181 19181 E Routine@Core[4.8.02.28]: a: 	at android.hardware.input.InputManager.semUnregisterOnSwitchEventChangedListener(InputManager.java:587)
08-08 12:16:12.616 19181 19181 E Routine@Core[4.8.02.28]: a: 	... 15 more
08-08 12:16:12.616 19181 19181 E Routine@Core[4.8.02.28]: android.hardware.input.InputManager: invokeNormalMethod: java.lang.reflect.InvocationTargetException
08-08 12:16:12.617 19181 19181 I Routine@Core[4.8.02.28]: RoutineService: onDestroy
08-08 12:16:12.617 19181 19181 I Routine@Core[4.8.02.28]: PreloadConditionService: onDestroy
08-08 12:16:12.617 19181 19181 I Routine@Core[4.8.02.28]: ProcessUtils: setProcessImportant: needForeground=false, reason=PRELOAD_CONDITION_SERVICE
08-08 12:16:12.618 19181 19181 I Routine@Core[4.8.02.28]: ActivityWatcherForSolo: unregister
08-08 12:16:12.618 19181 19181 I Routine@Core[4.8.02.28]: WatchingConditions: clear
08-08 12:16:12.618 19181 19181 I Routine@Core[4.8.02.28]: Pref: removeSharedPrefsData() key=condition_launch_app_data_resume_pkg
08-08 12:16:12.618 19181 19181 I Routine@Core[4.8.02.28]: PreloadConditionService: onEnd: tag=launch_app_v3, stop service.
08-08 12:16:12.618 19181 19181 I Routine@Core[4.8.02.28]: ActivityWatcherForSolo: unregister
08-08 12:16:12.618 19181 19181 I Routine@Core[4.8.02.28]: WatchingConditions: clear
08-08 12:16:12.618  1230  3015 I VSyncReactor: Current= 90, Period= 90, hwcPeriod= 90
08-08 12:16:12.618 19181 19181 I Routine@Core[4.8.02.28]: Pref: removeSharedPrefsData() key=condition_launch_game_data_resume_pkg
08-08 12:16:12.619 19181 19181 I Routine@Core[4.8.02.28]: PreloadConditionService: onEnd: tag=launch_game_v3, stop service.
08-08 12:16:12.625 19181 19181 I Routine@Core[4.8.02.28]: Routine: onTrimMemory: level : 40
08-08 12:16:12.637 19135 19135 D nativeloader: Load libicu_jni.so using APEX ns com_android_art for caller /apex/com.android.art/javalib/core-oj.jar: ok
08-08 12:16:12.637 19135 19135 D app_process: u_setTimeZoneFilesDirectory("/apex/com.android.tzdata/etc/tz/versioned/8/icu") succeeded. 
08-08 12:16:12.637 19135 19135 D app_process: I18n APEX ICU file found: /apex/com.android.i18n/etc/icu/icudt75l.dat
08-08 12:16:12.645 19135 19135 D nativeloader: Load libjavacore.so using APEX ns com_android_art for caller /apex/com.android.art/javalib/core-oj.jar: ok
08-08 12:16:12.649 19135 19135 D nativeloader: Load libopenjdk.so using APEX ns com_android_art for caller /apex/com.android.art/javalib/core-oj.jar: ok
08-08 12:16:12.693  1166  1204 E HfLooper: eventConvertAll, lux = 989.000000
08-08 12:16:12.699  1703  2257 I SemExecuteManagerService: onShortcutChanged: com.samsung.android.app.routines0
08-08 12:16:12.704  2978  2978 I HoneySpace.PackageOperationTracker: onShortcutsChanged com.samsung.android.app.routines - 3 UserHandle{0}
08-08 12:16:12.705  2978 17169 I HoneySpace.ShortcutDataSourceImpl: shortcut updated. ShortcutInfo {id=***, flags=0x489 [DynIc-fStrRets], packageName=com.samsung.android.app.routines, activity=ComponentInfo{com.samsung.android.app.routines/com.samsung.android.app.routines.ui.main.RoutineLaunchActivityDummy}, shortLabel=***, resId=0[null], longLabel=***, resId=0[null], disabledMessage=***, resId=0[null], disabledReason=[Not disabled], categories=null, persons=null, icon=null, rank=0, timestamp=1754680572595, intents=null, extras=PersistableBundle[mParcelledData.dataSize=152]}
08-08 12:16:12.705  2978 17169 I HoneySpace.ShortcutDataSourceImpl: shortcut updated. ShortcutInfo {id=***, flags=0x5a4 [ImManIc-rStrRets], packageName=com.samsung.android.app.routines, activity=ComponentInfo{com.samsung.android.app.routines/com.samsung.android.app.routines.ui.main.RoutineLaunchActivityDummy}, shortLabel=***, resId=2131888569[null], longLabel=***, resId=2131888569[null], disabledMessage=***, resId=0[null], disabledReason=[Not disabled], categories=null, persons=null, icon=null, rank=1, timestamp=1754661922606, intents=null, extras=null}
08-08 12:16:12.705  2978 17169 I HoneySpace.ShortcutDataSourceImpl: shortcut updated. ShortcutInfo {id=***, flags=0x5a4 [ImManIc-rStrRets], packageName=com.samsung.android.app.routines, activity=ComponentInfo{com.samsung.android.app.routines/com.samsung.android.app.routines.ui.main.RoutineLaunchActivityDummy}, shortLabel=***, resId=2131886753[null], longLabel=***, resId=2131886753[null], disabledMessage=***, resId=0[null], disabledReason=[Not disabled], categories=null, persons=null, icon=null, rank=0, timestamp=1754661922606, intents=null, extras=null}
08-08 12:16:12.705  2978  2978 I HoneySpace.HoneySpaceManagerContainer: packageUpdateEvent - com.honeyspace.sdk.source.entity.PackageOperation$ShortcutChanged@d1f244d
08-08 12:16:12.706  2978 17606 I HoneySpace.HistoryViewModel@71172901@OneUI: handlePackageEvent
08-08 12:16:12.706  2978 17606 I HoneySpace.HistoryViewModel@71172901@OneUI: skip for alone
08-08 12:16:12.706  2978  2978 I HoneySpace.EventListenerRegistry: pendingPackageOperation : pending = false, com.honeyspace.sdk.source.entity.PackageOperation$ShortcutChanged@d1f244d
08-08 12:16:12.708 19135 19135 E SemDvfsManager_JNI: SemDvfsManager: registerfunction enter
08-08 12:16:12.708 19135 19135 E SemAffinityControl: SemAffinityControl: registerfunction enter
08-08 12:16:12.731 19135 19135 D nativeloader: Load libframework-connectivity-tiramisu-jni.so using APEX ns com_android_tethering for caller /apex/com.android.tethering/javalib/framework-connectivity-t.jar: ok
08-08 12:16:12.732 19135 19135 D AndroidRuntime: Calling main entry com.android.commands.monkey.Monkey
08-08 12:16:12.733 19135 19135 W Monkey  : args: [-p, com.atakmap.app.civ, -c, android.intent.category.LAUNCHER, 1]
08-08 12:16:12.733 19135 19135 W Monkey  :  arg: "-p"
08-08 12:16:12.733 19135 19135 W Monkey  :  arg: "com.atakmap.app.civ"
08-08 12:16:12.733 19135 19135 W Monkey  :  arg: "-c"
08-08 12:16:12.733 19135 19135 W Monkey  :  arg: "android.intent.category.LAUNCHER"
08-08 12:16:12.733 19135 19135 W Monkey  :  arg: "1"
08-08 12:16:12.734 19135 19135 W Monkey  : data="com.atakmap.app.civ"
08-08 12:16:12.734 19135 19135 W Monkey  : data="android.intent.category.LAUNCHER"
08-08 12:16:12.752   497   499 D io_stats: !@ cpu boost: status(ON), traffic_level(1), io_cpus(0xff), boosted_cpus(0xff), set_freq(2000000)
08-08 12:16:12.777  1703  2546 W ActivityManager: registerReceiverWithFeature: no app for null
08-08 12:16:12.786 19135 19135 D SemCscFeature: Encoded
08-08 12:16:12.790  1703  2546 W ParceledListSlice: Element #47 is 20496 bytes.
08-08 12:16:12.796  1703  1742 D ActivityTaskManager: startActivityAsUser: callingPid=19135, callingUid=2000, caller=com.android.server.am.ActivityManagerService.startActivityAsUserWithFeature:28 android.app.IActivityManager$Stub.onTransact$startActivityAsUserWithFeature$:12794 android.app.IActivityManager$Stub.onTransact:4187 com.android.server.am.ActivityManagerService.onTransact:463 android.os.Binder.execTransactInternal:1536 android.os.Binder.execTransact:1480 <bottom of call stack> 
08-08 12:16:12.797  1703  1837 I ChimeraSystemEventListener: appLaunchIntent package name is: com.atakmap.app.civ
08-08 12:16:12.797  1703  1742 I Pageboost: onAppLaunch : com.atakmap.app.civ
08-08 12:16:12.798  1703  1742 W ActivityTaskManager: callingPackage for (uid=2000, pid=19135) has no WPC
08-08 12:16:12.799  1703  1742 D ActivityTaskManager: TaskLaunchParamsModifier:task=null activity=null display-area-from-current-params=null display-area-from-default-fallback=DefaultTaskDisplayArea_d0@14696045 display-id=0 task-display-area-windowing-mode=1 suggested-display-area=DefaultTaskDisplayArea_d0@14696045
08-08 12:16:12.800  1703  1742 W OptProp : Cannot read opt property android.window.PROPERTY_COMPAT_ALLOW_ORIENTATION_OVERRIDE
08-08 12:16:12.801  1703  1836 D KNOX_MDM_SettingsProvider: isChangeAllowed() : name = enabled_notification_listeners
08-08 12:16:12.802  1703  1742 V GrammaticalInflectionUtils: AttributionSource: AttributionSource { uid = 10461, packageName = null, attributionTag = null, token = android.os.Binder@fc7e934, deviceId = 0, next = null } does not have READ_SYSTEM_GRAMMATICAL_GENDER permission.
08-08 12:16:12.803  1703  1742 W OptProp : Cannot read opt property android.window.PROPERTY_COMPAT_ALLOW_RESIZEABLE_ACTIVITY_OVERRIDES
08-08 12:16:12.803  1703  1742 W OptProp : Cannot read opt property android.window.PROPERTY_COMPAT_ALLOW_MIN_ASPECT_RATIO_OVERRIDE
08-08 12:16:12.804  1703  1742 D WindowManager: Transition is created, t=TransitionRecord{2f2587d id=-1 type=OPEN flags=0x0}, caller=com.android.server.wm.Transition.<init>:170 com.android.server.wm.ActivityStarter.startActivityUnchecked:330 com.android.server.wm.ActivityStarter.executeRequest:3397 com.android.server.wm.ActivityStarter.execute:1122 com.android.server.wm.ActivityTaskManagerService.startActivityAsUser:75 
08-08 12:16:12.804  1703  1742 D BLASTSyncEngine: SyncGroup is created, id=1513, name=Transition-OPEN, caller=com.android.server.wm.BLASTSyncEngine$SyncGroup.<init>:51 com.android.server.wm.TransitionController.moveToCollecting:78 com.android.server.wm.ActivityStarter.startActivityUnchecked:333 com.android.server.wm.ActivityStarter.executeRequest:3397 com.android.server.wm.ActivityStarter.execute:1122 com.android.server.wm.ActivityTaskManagerService.startActivityAsUser:75 com.android.server.am.ActivityManagerService.startActivityAsUserWithFeature:28 
08-08 12:16:12.805  1703  1742 W BLASTSyncEngine: setSyncMethod, id=1513, method=0, caller=com.android.server.wm.TransitionController.moveToCollecting:90 com.android.server.wm.ActivityStarter.startActivityUnchecked:333 com.android.server.wm.ActivityStarter.executeRequest:3397 
08-08 12:16:12.805  1703  1742 V WindowManager: Start collecting in Transition: TransitionRecord{2f2587d id=1513 type=OPEN flags=0x0}, caller=com.android.server.wm.ActivityStarter.startActivityUnchecked:333 com.android.server.wm.ActivityStarter.executeRequest:3397 com.android.server.wm.ActivityStarter.execute:1122 com.android.server.wm.ActivityTaskManagerService.startActivityAsUser:75 com.android.server.am.ActivityManagerService.startActivityAsUserWithFeature:28 
08-08 12:16:12.805  1703  1742 V WindowManager: Collecting in transition 1513: ActivityRecord{5d3f372 u0 com.atakmap.app.civ/com.atakmap.app.ATAKActivityCiv, caller=com.android.server.wm.TransitionController.collect:7 com.android.server.wm.ActivityStarter.startActivityUnchecked:626 com.android.server.wm.ActivityStarter.executeRequest:3397 com.android.server.wm.ActivityStarter.execute:1122 com.android.server.wm.ActivityTaskManagerService.startActivityAsUser:75 
08-08 12:16:12.805  1703  1742 D ActivityTaskManager: TaskLaunchParamsModifier:task=null activity=ActivityRecord{5d3f372 u0 com.atakmap.app.civ/com.atakmap.app.ATAKActivityCiv t-1} display-area-from-current-params=null display-area-from-default-fallback=DefaultTaskDisplayArea_d0@14696045 display-id=0 task-display-area-windowing-mode=1 suggested-display-area=DefaultTaskDisplayArea_d0@14696045
08-08 12:16:12.806  1703  1742 D ActivityTaskManager: TaskLaunchParamsModifier:task=null activity=ActivityRecord{5d3f372 u0 com.atakmap.app.civ/com.atakmap.app.ATAKActivityCiv t-1} display-area-from-current-params=null display-area-from-default-fallback=DefaultTaskDisplayArea_d0@14696045 display-id=0 task-display-area-windowing-mode=1 suggested-display-area=DefaultTaskDisplayArea_d0@14696045 non-freeform-task-display-area display-area=DefaultTaskDisplayArea_d0@14696045 default-portrait freeform-size-mismatch=Rect(81, 566 - 999, 1770)
08-08 12:16:12.807  1703  3114 I SemDvfsHyPerManager: acquire hyper - AMS_APP_SWITCH/1703@20, type = -999
08-08 12:16:12.807  1170  1212 I HYPER-HAL: [RequestManager.cpp]acquire(): Acquired ID : 1485246  [1703 / 20]    HINT : AMS_APP_SWITCH    list : 
08-08 12:16:12.807  1703  3114 D ActivityManagerPerformance: AMP_acquire() APP_SWITCH
08-08 12:16:12.808  1703  3114 W libprocessgroup: Failed to find DoSomethingOlaf task profile
08-08 12:16:12.809  1230  1296 I BufferQueueDebug: [Task=573#22272](this:0xb40000746d14a8a0,id:-1,api:0,p:-1,c:-1) BufferQueue core=(1230:/system/bin/surfaceflinger)
08-08 12:16:12.809  1170  1212 I mtkpower_client: perf_lock_rel, hdl:26214, tid:1212
08-08 12:16:12.809  1230  1296 I SurfaceFlinger: id=22272 createSurf, flag=24004, Task=573#22272
08-08 12:16:12.810  1170  1212 I mtkpower_client: perf_lock_acq, hdl:0, dur:0, num:2, pid:1170, tid:1212
08-08 12:16:12.810  1180  1228 I libPowerHal: [perfLockRel] hdl:26214, idx:3
08-08 12:16:12.811  1703  1742 D ActivityTaskManager: TaskLaunchParamsModifier:task=Task{b9793c3 #573 type=standard A=10461:com.atakmap.app.civ} activity=ActivityRecord{5d3f372 u0 com.atakmap.app.civ/com.atakmap.app.ATAKActivityCiv t-1} display-from-task=0 display-id=0 task-display-area-windowing-mode=1 suggested-display-area=DefaultTaskDisplayArea_d0@14696045 inherit-from-task=fullscreen non-freeform-task-display-area display-area=DefaultTaskDisplayArea_d0@14696045 default-portrait freeform-size-mismatch=Rect(81, 566 - 999, 1770)
08-08 12:16:12.811  1180  1228 I libPowerHal: [set_cpuidle] enable:1, fd:15, scn:0xb400007c2d277130
08-08 12:16:12.811  1180  1228 I libPowerHal: [PD] vendor.samsung. update cmd:1c3c100 param:1 pr:6
08-08 12:16:12.811  1703  1742 V WindowManager: Collecting in transition 1513: Task{b9793c3 #573 type=standard A=10461:com.atakmap.app.civ}, caller=com.android.server.wm.Transition.collectExistenceChange:42 com.android.server.wm.ActivityStarter.setNewTask:43 com.android.server.wm.ActivityStarter.startActivityInner:307 com.android.server.wm.ActivityStarter.startActivityUnchecked:639 com.android.server.wm.ActivityStarter.executeRequest:3397 
08-08 12:16:12.811  1180  1228 I libPowerHal: [perfLockRel] Done for hdl : 26214
08-08 12:16:12.811  1170  1212 I mtkpower_client: ret_hdl:26218
08-08 12:16:12.811  1170  1212 I mtkpower_client: perf_lock_rel, hdl:26215, tid:1212
08-08 12:16:12.811  1230  1296 I BufferQueueDebug: [ActivityRecord{5d3f372 u0 com.atakmap.app.civ/com.atakmap.app.ATAKActivityCiv t573}#22273](this:0xb40000746d1548a0,id:-1,api:0,p:-1,c:-1) BufferQueue core=(1230:/system/bin/surfaceflinger)
08-08 12:16:12.812  1180  1228 I libPowerHal: [perfLockAcq] idx:5 hdl:26218 hint:-1 pid:1170 tid:1212 duration:0 lock_user:vendor.samsung. => ret_hdl:26218
08-08 12:16:12.812  1180  1228 I libPowerHal: [set_cpuidle] enable:0, fd:15, scn:0xb400007c2d27d8d0
08-08 12:16:12.812  1230  1296 I SurfaceFlinger: id=22273 createSurf, flag=84004, ActivityRecord{5d3f372 u0 com.atakmap.app.civ/com.atakmap.app.ATAKActivityCiv t573}#22273
08-08 12:16:12.812  1180  1228 I libPowerHal: [get_cpu_dma_latency_value] 0
08-08 12:16:12.812  1180  1228 I libPowerHal: [PE] vendor.samsung. update cmd:1c3c100 param:0 pr:3
08-08 12:16:12.812  1180  1228 I libPowerHal: [perfLockAcq] Done for hdl : 26218
08-08 12:16:12.812  1170  1212 I mtkpower_client: perf_lock_acq, hdl:0, dur:0, num:2, pid:1170, tid:1212
08-08 12:16:12.812  1180  1228 I libPowerHal: [perfLockRel] hdl:26215, idx:1
08-08 12:16:12.812  1180  1228 I libPowerHal: [unsetGPUFreq] current min:14, max:0; scn_gpu_min:14, scn_gpu_max:-1; scn_gpu_min(HL):-1, scn_gpu_max(HL):-1
08-08 12:16:12.812  1180  1228 I libPowerHal: vendor.samsung.: set gpu opp level: 33
08-08 12:16:12.812  1180  1228 I libPowerHal: vendor.samsung.: set gpu opp level max: 0
08-08 12:16:12.813  1180  1228 I libPowerHal: [setGPUFreq] Soft min/max = (33, 0); Hard min/max = (33, 0)
08-08 12:16:12.813  1180  1228 I libPowerHal: [setGPUFreq] final min/max = (33, 0)
08-08 12:16:12.813  1703  1742 D ActivityTaskManager: scheduleTopResumedActivityChanged, onTop=false, r=ActivityRecord{265a15d u0 com.sec.android.app.launcher/.activities.LauncherActivity t448}, caller=com.android.server.wm.ActivityTaskSupervisor.scheduleTopResumedActivityStateLossIfNeeded:11 com.android.server.wm.ActivityTaskSupervisor.updateTopResumedActivityIfNeeded:19 com.android.server.wm.TaskDisplayArea.positionChildAt:259 com.android.server.wm.Task.moveToFront:365 com.android.server.wm.ActivityStarter.startActivityInner:330 com.android.server.wm.ActivityStarter.startActivityUnchecked:639 
08-08 12:16:12.813  1180  1228 I libPowerHal: vendor.samsung.: set gpu opp level: 33
08-08 12:16:12.813  1180  1228 I libPowerHal: vendor.samsung.: set gpu opp level max: 0
08-08 12:16:12.813  1703  1742 V WindowManager: Checking theme of starting window: 0x7f100009
08-08 12:16:12.813  1703  1742 V WindowManager: Translucent=false Floating=false ShowWallpaper=false Disable=false
08-08 12:16:12.813  1180  1228 I libPowerHal: [perfLockRel] Done for hdl : 26215
08-08 12:16:12.814  1180  1194 I mtkpower@impl: [setMode] type:5, enabled:1
08-08 12:16:12.814  1170  1212 I mtkpower_client: ret_hdl:26219
08-08 12:16:12.814  1170  1212 I mtkpower_client: perf_lock_rel, hdl:26216, tid:1212
08-08 12:16:12.814  1703  1742 D ActivityTaskManager: addStartingWindow: type=2 typeParameter=8b
08-08 12:16:12.814  1703  1742 V WindowManager: Creating SplashScreenStartingData
08-08 12:16:12.814  1180  1228 I libPowerHal: [perfLockAcq] idx:1 hdl:26219 hint:-1 pid:1170 tid:1212 duration:0 lock_user:vendor.samsung. => ret_hdl:26219
08-08 12:16:12.814  1180  1228 I libPowerHal: [setGPUFreq] vendor.samsung. user set gpu freq min:14, max:-1
08-08 12:16:12.814  1180  1228 I libPowerHal: vendor.samsung.: set gpu opp level: 14
08-08 12:16:12.814  1180  1228 I libPowerHal: vendor.samsung.: set gpu opp level max: 0
08-08 12:16:12.814  1180  1228 I libPowerHal: [setGPUFreq] Soft min/max = (14, 0); Hard min/max = (33, 0)
08-08 12:16:12.814  1180  1228 I libPowerHal: [setGPUFreq] final min/max = (14, 0)
08-08 12:16:12.814  1180  1228 I libPowerHal: vendor.samsung.: set gpu opp level: 14
08-08 12:16:12.814  1703  1742 V WindowManager: Add starting ActivityRecord{5d3f372 u0 com.atakmap.app.civ/com.atakmap.app.ATAKActivityCiv t573}: startingData=SplashScreenStartingData{b50ff79 waitForSyncTransactionCommit=false removeAfterTransaction= 0}
08-08 12:16:12.814  1180  1228 I libPowerHal: vendor.samsung.: set gpu opp level max: 0
08-08 12:16:12.814  1180  1228 I libPowerHal: [perfLockAcq] Done for hdl : 26219
08-08 12:16:12.814  1703  1742 V WindowManager: Added starting ActivityRecord{5d3f372 u0 com.atakmap.app.civ/com.atakmap.app.ATAKActivityCiv t573}: startingWindow=null startingView=com.android.server.wm.StartingSurfaceController$StartingSurface@fe9d4be
08-08 12:16:12.814  1170  1212 I mtkpower_client: perf_lock_acq, hdl:0, dur:0, num:2, pid:1170, tid:1212
08-08 12:16:12.815  1180  1228 I libPowerHal: [perfLockRel] hdl:26216, idx:0
08-08 12:16:12.815  1180  1228 I libPowerHal: [PD] vendor.samsung. update cmd:400000 param:-1 pr:6
08-08 12:16:12.815  1703  1742 D DeviceReportingSecurityChecker: getStatus
08-08 12:16:12.815  1703  1742 D DeviceReportingSecurityChecker: mIsICDStatus is true
08-08 12:16:12.815  1703  1742 D DeviceReportingSecurityChecker: mIsSim is true
08-08 12:16:12.815  1703  1742 D DeviceReportingSecurityChecker: mIsEchoAppSignature is true
08-08 12:16:12.815  1703  1742 D DeviceReportingSecurityChecker: security check passed
08-08 12:16:12.815  1703  1742 D DeviceReportingSecurityChecker: mIsICDStatus === true mIsSim == true mIsMyAccountSignature== false mIsEchoAppSignature== true mIsSprintHubSignature== false
08-08 12:16:12.815  1180  1228 I libPowerHal: [recordCPUFreqInfo] set cluster[0] min(-1): -1 max(-1): -1 cluster[1] min(vendor.samsung.): 2203000 max(-1): -1
08-08 12:16:12.816  1180  1228 I libPowerHal: [perfLockRel] Done for hdl : 26216
08-08 12:16:12.816  1170  1212 I mtkpower_client: ret_hdl:26220
08-08 12:16:12.816  1170  1212 I mtkpower_client: perf_lock_rel, hdl:26212, tid:1212
08-08 12:16:12.816  1703  1742 V WindowManager: Collecting in transition 1513: ActivityRecord{5d3f372 u0 com.atakmap.app.civ/com.atakmap.app.ATAKActivityCiv t573}, caller=com.android.server.wm.Transition.collectExistenceChange:42 com.android.server.wm.ActivityStarter.handleStartResult:523 com.android.server.wm.ActivityStarter.startActivityUnchecked:653 com.android.server.wm.ActivityStarter.executeRequest:3397 com.android.server.wm.ActivityStarter.execute:1122 
08-08 12:16:12.816  1703  1742 V WindowManager: Requesting StartTransition: TransitionRecord{2f2587d id=1513 type=OPEN flags=0x0}, caller=com.android.server.wm.ActivityStarter.handleStartResult:677 com.android.server.wm.ActivityStarter.startActivityUnchecked:653 com.android.server.wm.ActivityStarter.executeRequest:3397 com.android.server.wm.ActivityStarter.execute:1122 com.android.server.wm.ActivityTaskManagerService.startActivityAsUser:75 
08-08 12:16:12.817  1703  1742 I Pageboost: stop alp
08-08 12:16:12.817  1703  1742 I ActivityTaskManager: START u0 {act=android.intent.action.MAIN cat=[android.intent.category.LAUNCHER] flg=0x10200000 cmp=com.atakmap.app.civ/com.atakmap.app.ATAKActivityCiv} with LAUNCH_SINGLE_TASK from uid 2000 (BAL_ALLOW_PERMISSION) result code=0
08-08 12:16:12.817  1703  1742 I SemDvfsHyPerManager: acquire hyper - AMS_APP_LAUNCH/1703@17, type = -999
08-08 12:16:12.817  1180  1228 I libPowerHal: [perfLockAcq] idx:0 hdl:26220 hint:-1 pid:1170 tid:1212 duration:0 lock_user:vendor.samsung. => ret_hdl:26220
08-08 12:16:12.817  1180  1228 I libPowerHal: [PE] vendor.samsung. update cmd:400000 param:2000000 pr:3
08-08 12:16:12.817  1180  1228 I libPowerHal: [recordCPUFreqInfo] set cluster[0] min(vendor.samsung.): 2000000 max(-1): -1 cluster[1] min(vendor.samsung.): 2203000 max(-1): -1
08-08 12:16:12.817  1180  1228 I libPowerHal: [perfLockAcq] Done for hdl : 26220
08-08 12:16:12.818  1170  1212 I mtkpower_client: perf_lock_acq, hdl:0, dur:0, num:2, pid:1170, tid:1212
08-08 12:16:12.818  2415  2468 V WindowManagerShell: Transition requested (#1513): android.os.BinderProxy@d935b0d TransitionRequestInfo { type = OPEN, triggerTask = TaskInfo{userId=0 taskId=573 displayId=0 isRunning=true baseIntent=Intent { act=android.intent.action.MAIN cat=[android.intent.category.LAUNCHER] flg=0x10200000 cmp=com.atakmap.app.civ/com.atakmap.app.ATAKActivityCiv } baseActivity=ComponentInfo{com.atakmap.app.civ/com.atakmap.app.ATAKActivity} topActivity=ComponentInfo{com.atakmap.app.civ/com.atakmap.app.ATAKActivity} origActivity=ComponentInfo{com.atakmap.app.civ/com.atakmap.app.ATAKActivityCiv} realActivity=ComponentInfo{com.atakmap.app.civ/com.atakmap.app.ATAKActivity} numActivities=1 lastActiveTime=246875210 supportsMultiWindow=true resizeMode=1 isResizeable=true minWidth=-1 minHeight=-1 maxWidth=-1 maxHeight=-1 defaultMinSize=220 token=WCT{android.window.IWindowContainerToken$Stub$Proxy@689eac2} topActivityType=1 pictureInPictureParams=null shouldDockBigOverlays=false launchIntoPipHostTaskId=-1 lastParentTaskIdBeforePip=-1 displayCutoutSafeInsets=Rect(0, 64 - 0, 0) topActivityInfo=ActivityInfo{24c40d3 com.atakmap.app.ATAKActivityCiv} launchCookies=[] positionInParent=Point(0, 0) parentTaskId=-1 isFocused=false isVisible=false isVisibleRequested=false isSleeping=false topActivityInSizeCompat=false locusId=null displayAreaFeatureId=1 isTopActivityTransparent=false isTopActivityStyleFloating=false appCompatTaskInfo=AppCompatTaskInfo { topActivityInSizeCompat=false eligibleForLetterboxEducation= false isLetterboxEducationEnabled= false isLetterboxDoubleTapEnabled= false eligibleForUserAspectRatioButton= false topActivityBoundsLetterboxed= false isFromLetterboxDoubleTap= false topActivityLetterboxVerticalPosition= -1 topActivityLetterboxHorizontalPosition= -1 topActivityLetterboxWidth=1080 topActivityLetterboxHeight=2408 topActivityLetterboxAppWidth=1080 topActivityLetterboxAppHeight=2209 isUserFullscreenOverrideEnabled=false isSystemFullscreenOverrideEnabled=false hasMinAspectRatioOverride=false cameraCompatTaskInfo=CameraCompatTaskInfo { freeformCameraCompatMode=inactive} topActivityBounds=null topActivityInDisplayCompat=false} originallySupportedMultiWindow=true hasWallpaper=false rootAffinity=10461:com.atakmap.app.civ isTopTaskInStage=false topActivityUiMode=17 CoverLauncherWidgetTask=false isAllowedSeamlessRotation=false isTopTransparentActivity=false snappingGuideBounds=null isAliasManaged=false hasConfigChanged=false isAiKeyRemoveAppTask=false}, pipTask = null, remoteTransition = null, displayChange = null, flags = 0, debugId = 1513 }
08-08 12:16:12.818 19135 19135 I Monkey  : Events injected: 1
08-08 12:16:12.818  3144  3144 E pageboostd: Received HALT command code 2
08-08 12:16:12.818  1180  1228 I libPowerHal: [perfLockRel] hdl:26212, idx:2
08-08 12:16:12.819  1180  1228 I libPowerHal: [PD] vendor.samsung. update cmd:1000000 param:-1 pr:6
08-08 12:16:12.819  1703  2546 V WindowManager: Starting Transition 1513, caller=com.android.server.wm.WindowOrganizerController.startTransition:37 com.android.server.wm.WindowOrganizerController.startTransition:1 android.window.IWindowOrganizerController$Stub.onTransact:271 
08-08 12:16:12.820  1180  1228 I libPowerHal: [perfLockRel] Done for hdl : 26212
08-08 12:16:12.820  1170  1212 I mtkpower_client: ret_hdl:26221
08-08 12:16:12.820  1170  1212 I mtkpower_client: perf_lock_rel, hdl:26217, tid:1212
08-08 12:16:12.820  1170  1212 I mtkpower_client: perf_lock_acq, hdl:0, dur:0, num:2, pid:1170, tid:1212
08-08 12:16:12.821  1703  2070 D KNOX_MDM_SettingsProvider: isChangeAllowed() : name = accelerometer_rotation
08-08 12:16:12.821  2978 16772 I HoneySpace.SPayHandler: updateSpayHandler launcher activity is paused false
08-08 12:16:12.823  1230  1296 D SurfaceFlinger: [SF client] NEW(0xb4000074796c7a00) for (2415:com.android.systemui)
08-08 12:16:12.823  1703  1837 V GrammaticalInflectionUtils: AttributionSource: AttributionSource { uid = 10461, packageName = null, attributionTag = null, token = android.os.Binder@fc7e934, deviceId = 0, next = null } does not have READ_SYSTEM_GRAMMATICAL_GENDER permission.
08-08 12:16:12.823  1180  1228 I libPowerHal: [perfLockAcq] idx:3 hdl:26221 hint:-1 pid:1170 tid:1212 duration:0 lock_user:vendor.samsung. => ret_hdl:26221
08-08 12:16:12.823  1180  1228 I libPowerHal: [setDvfsrcDevFreqOpp] opp:0, freq:4266000000
08-08 12:16:12.824  1180  1228 I libPowerHal: [PE] vendor.samsung. update cmd:1000000 param:0 pr:3
08-08 12:16:12.824  1180  1228 I libPowerHal: [perfLockAcq] Done for hdl : 26221
08-08 12:16:12.824  1180  1228 I libPowerHal: [perfLockRel] hdl:26217, idx:4
08-08 12:16:12.824  1180  1228 I libPowerHal: [PD] vendor.samsung. update cmd:400100 param:-1 pr:6
08-08 12:16:12.825  1180  1228 I libPowerHal: [recordCPUFreqInfo] set cluster[0] min(vendor.samsung.): 2000000 max(-1): -1 cluster[1] min(-1): -1 max(-1): -1
08-08 12:16:12.825  1180  1228 I libPowerHal: [perfLockRel] Done for hdl : 26217
08-08 12:16:12.825  1170  1212 I mtkpower_client: ret_hdl:26222
08-08 12:16:12.826  1170  1212 I HYPER-HAL: [RequestManager.cpp]acquire(): Acquired ID : 1480077  [1703 / 17]    HINT : AMS_APP_LAUNCH    list : 
08-08 12:16:12.826  2978  2978 I HoneySpace.CapturedBlurManager: capturedBlurView: pause(264635392)
08-08 12:16:12.826  2978  2978 I HoneySpace.Launcher: !@Boot_EBS_D: Launcher.onPause()
08-08 12:16:12.826  1180  1228 I libPowerHal: [perfLockAcq] idx:2 hdl:26222 hint:-1 pid:1170 tid:1212 duration:0 lock_user:vendor.samsung. => ret_hdl:26222
08-08 12:16:12.826  2415  2491 I ViewRootImpl: dVRR is disabled
08-08 12:16:12.826  1180  1228 I libPowerHal: [PE] vendor.samsung. update cmd:400100 param:2203000 pr:3
08-08 12:16:12.826  1180  1228 I libPowerHal: [recordCPUFreqInfo] set cluster[0] min(vendor.samsung.): 2000000 max(-1): -1 cluster[1] min(vendor.samsung.): 2203000 max(-1): -1
08-08 12:16:12.826  1180  1228 I libPowerHal: [perfLockAcq] Done for hdl : 26222
08-08 12:16:12.826  1170  1212 I mtkpower_client: perf_lock_rel, hdl:26222, tid:1212
08-08 12:16:12.826  1170  1212 I mtkpower_client: perf_lock_acq, hdl:0, dur:0, num:2, pid:1170, tid:1212
08-08 12:16:12.827  1703  2070 D SettingsProvider: PUT_ret(/system/accelerometer_rotation), callingPackage:android
08-08 12:16:12.827  1703  2070 D KNOX_MDM_SettingsProvider: isChangeAllowed() : name = user_rotation
08-08 12:16:12.827  1703  1838 I WindowManager: Reparenting to original parent: Surface(name=Leaf:15:15)/@0x21e0fb0, destroy=true, syncState=0, syncCommitDepth=0, surface=Surface(name=WindowToken{8a9f225 type=2000 android.os.BinderProxy@1cb638f})/@0x99debaa
08-08 12:16:12.827  1180  1228 I libPowerHal: [perfLockRel] hdl:26222, idx:2
08-08 12:16:12.827  1180  1228 I libPowerHal: [PD] vendor.samsung. update cmd:400100 param:-1 pr:6
08-08 12:16:12.828  1703  2070 V WindowManager: Computed rotation=ROTATION_0 (0) for display id=0 based on lastOrientation=SCREEN_ORIENTATION_NOSENSOR (5) and oldRotation=ROTATION_0 (0), caller=com.android.server.wm.WindowManagerService.updateRotationUnchecked:84 com.android.server.wm.WindowManagerService.freezeDisplayRotation:171 com.android.server.wm.WindowManagerService.freezeRotation:2 android.view.IWindowManager$Stub.onTransact:2865 com.android.server.wm.WindowManagerService.onTransact:1 android.os.Binder.execTransactInternal:1536 
08-08 12:16:12.828  1180  1228 I libPowerHal: [recordCPUFreqInfo] set cluster[0] min(vendor.samsung.): 2000000 max(-1): -1 cluster[1] min(-1): -1 max(-1): -1
08-08 12:16:12.828  1462  1462 I CameraService: onUidStateChanged: uid=10063, procState is changed. (0 -> 1)
08-08 12:16:12.828  1180  1228 I libPowerHal: [perfLockRel] Done for hdl : 26222
08-08 12:16:12.828  2415  2566 D NativeCustomFrequencyManager: [NativeCFMS] BpCustomFrequencyManager::BpCustomFrequencyManager()
08-08 12:16:12.828  1703  2546 D KNOX_MDM_SettingsProvider: isChangeAllowed() : name = accelerometer_rotation
08-08 12:16:12.828  1170  1212 I mtkpower_client: ret_hdl:26223
08-08 12:16:12.828  1170  1212 I mtkpower_client: perf_lock_rel, hdl:26220, tid:1212
08-08 12:16:12.828  1703  2546 D SettingsProvider: PUT_ret(/system/accelerometer_rotation), callingPackage:android
08-08 12:16:12.829  1703  2546 D KNOX_MDM_SettingsProvider: isChangeAllowed() : name = user_rotation
08-08 12:16:12.829  1180  1228 I libPowerHal: [perfLockAcq] idx:4 hdl:26223 hint:-1 pid:1170 tid:1212 duration:0 lock_user:vendor.samsung. => ret_hdl:26223
08-08 12:16:12.829  1180  1228 I libPowerHal: [PE] vendor.samsung. update cmd:400100 param:2203000 pr:3
08-08 12:16:12.829  1180  1228 I libPowerHal: [recordCPUFreqInfo] set cluster[0] min(vendor.samsung.): 2000000 max(-1): -1 cluster[1] min(vendor.samsung.): 2203000 max(-1): -1
08-08 12:16:12.829  1703  2546 V WindowManager: Computed rotation=ROTATION_0 (0) for display id=0 based on lastOrientation=SCREEN_ORIENTATION_NOSENSOR (5) and oldRotation=ROTATION_0 (0), caller=com.android.server.wm.WindowManagerService.updateRotationUnchecked:84 com.android.server.wm.WindowManagerService.thawDisplayRotation:125 com.android.server.wm.WindowManagerService.thawRotation:2 android.view.IWindowManager$Stub.onTransact:2874 com.android.server.wm.WindowManagerService.onTransact:1 android.os.Binder.execTransactInternal:1536 
08-08 12:16:12.829  1180  1228 I libPowerHal: [perfLockAcq] Done for hdl : 26223
08-08 12:16:12.829  1170  1212 I mtkpower_client: perf_lock_acq, hdl:0, dur:0, num:2, pid:1170, tid:1212
08-08 12:16:12.829  1180  1228 I libPowerHal: [perfLockRel] hdl:26220, idx:0
08-08 12:16:12.830  1180  1228 I libPowerHal: [PD] vendor.samsung. update cmd:400000 param:-1 pr:6
08-08 12:16:12.830  1180  1228 I libPowerHal: [recordCPUFreqInfo] set cluster[0] min(-1): -1 max(-1): -1 cluster[1] min(vendor.samsung.): 2203000 max(-1): -1
08-08 12:16:12.830  1180  1228 I libPowerHal: [perfLockRel] Done for hdl : 26220
08-08 12:16:12.831  2978  2978 I HoneySpace.Launcher: updateLauncherShowing true -> false
08-08 12:16:12.831  1703  2070 D InputTransport: Input channel constructed: '1b5b83b', fd=1017
08-08 12:16:12.831  1703  2070 D InputTransport: Input channel constructed: '1b5b83b', fd=1018
08-08 12:16:12.831  1170  1212 I mtkpower_client: ret_hdl:26224
08-08 12:16:12.831  1170  1212 I mtkpower_client: perf_lock_rel, hdl:26221, tid:1212
08-08 12:16:12.831  1703  2070 D InputTransport: Input channel constructed: '1b5b83b', fd=1031
08-08 12:16:12.831  1703  2070 D WindowManager: prepareSync <SYNC_STATE_WAITING_FOR_DRAW>, mPrepareSyncSeqId=0, win=Window{1b5b83b u0 Splash Screen com.atakmap.app.civ}
08-08 12:16:12.831  1180  1228 I libPowerHal: [perfLockAcq] idx:2 hdl:26224 hint:-1 pid:1170 tid:1212 duration:0 lock_user:vendor.samsung. => ret_hdl:26224
08-08 12:16:12.831  1180  1228 I libPowerHal: [PE] vendor.samsung. update cmd:400000 param:2000000 pr:3
08-08 12:16:12.831  1180  1228 I libPowerHal: [recordCPUFreqInfo] set cluster[0] min(vendor.samsung.): 2000000 max(-1): -1 cluster[1] min(vendor.samsung.): 2203000 max(-1): -1
08-08 12:16:12.831  1180  1228 I libPowerHal: [perfLockAcq] Done for hdl : 26224
08-08 12:16:12.832  1230  1296 I BufferQueueDebug: [1b5b83b Splash Screen com.atakmap.app.civ#22274](this:0xb40000746d1648a0,id:-1,api:0,p:-1,c:-1) BufferQueue core=(1230:/system/bin/surfaceflinger)
08-08 12:16:12.832  1170  1212 I mtkpower_client: perf_lock_acq, hdl:0, dur:0, num:2, pid:1170, tid:1212
08-08 12:16:12.832  1180  1228 I libPowerHal: [perfLockRel] hdl:26221, idx:3
08-08 12:16:12.832  1230  1296 I SurfaceFlinger: id=22274 createSurf, flag=84004, 1b5b83b Splash Screen com.atakmap.app.civ#22274
08-08 12:16:12.832  1703  2070 D RestrictionPolicy: isScreenCaptureEnabled : ret=true userId=0
08-08 12:16:12.833  1180  1228 I libPowerHal: [PD] vendor.samsung. update cmd:1000000 param:-1 pr:6
08-08 12:16:12.833  1180  1228 I libPowerHal: [perfLockRel] Done for hdl : 26221
08-08 12:16:12.833  1703  2070 V WindowManager: addWindow: ActivityRecord{5d3f372 u0 com.atakmap.app.civ/com.atakmap.app.ATAKActivityCiv t573} startingWindow=Window{1b5b83b u0 Splash Screen com.atakmap.app.civ}
08-08 12:16:12.833  1703  2070 D InputTransport: Input channel destroyed: '1b5b83b', fd=1031
08-08 12:16:12.834 19135 19135 I Monkey  : ## Network stats: elapsed time=34ms (0ms mobile, 0ms wifi, 34ms not connected)
08-08 12:16:12.835  2415  2415 D Navbar.Store: handleEvent(0) OnRotationLockedChanged(rotationLocked=false) [Module] NavBarStoreImpl
08-08 12:16:12.835 19135 19135 I app_process: System.exit called, status: 0
08-08 12:16:12.835 19135 19135 I AndroidRuntime: VM exiting with result code 0.
08-08 12:16:12.836  2415  2491 D InputTransport: Input channel constructed: '1b5b83b', fd=513
08-08 12:16:12.836  1703  2546 I AppsFilter: interaction: PackageSetting{2fd5779 com.puzzlequest/10309} -> PackageSetting{7e31504 com.atakmap.app.civ/10461} BLOCKED
08-08 12:16:12.837  1703  2546 D DeviceReportingSecurityChecker: getStatus
08-08 12:16:12.837  1703  2546 D DeviceReportingSecurityChecker: mIsICDStatus is true
08-08 12:16:12.837  1703  2546 D DeviceReportingSecurityChecker: mIsSim is true
08-08 12:16:12.837  1703  2546 D DeviceReportingSecurityChecker: mIsEchoAppSignature is true
08-08 12:16:12.837  1703  2546 D DeviceReportingSecurityChecker: security check passed
08-08 12:16:12.837  1170  1212 I mtkpower_client: ret_hdl:26225
08-08 12:16:12.837  1703  2546 D DeviceReportingSecurityChecker: mIsICDStatus === true mIsSim == true mIsMyAccountSignature== false mIsEchoAppSignature== true mIsSprintHubSignature== false
08-08 12:16:12.837  1703  2546 D DeviceReportingSecurityChecker: getStatus
08-08 12:16:12.837  1703  2546 D DeviceReportingSecurityChecker: mIsICDStatus is true
08-08 12:16:12.837  1703  2546 D DeviceReportingSecurityChecker: mIsSim is true
08-08 12:16:12.837  1703  2546 D DeviceReportingSecurityChecker: mIsEchoAppSignature is true
08-08 12:16:12.837  1703  2546 D DeviceReportingSecurityChecker: security check passed
08-08 12:16:12.837  1170  1212 I mtkpower_client: perf_lock_rel, hdl:26218, tid:1212
08-08 12:16:12.837  1703  2546 D DeviceReportingSecurityChecker: mIsICDStatus === true mIsSim == true mIsMyAccountSignature== false mIsEchoAppSignature== true mIsSprintHubSignature== false
08-08 12:16:12.837  1703  2546 V WindowManager: Collecting in transition 1513: ActivityRecord{5d3f372 u0 com.atakmap.app.civ/com.atakmap.app.ATAKActivityCiv t573}, caller=com.android.server.wm.TransitionController.collect:7 com.android.server.wm.ActivityRecord.setVisibility:189 com.android.server.wm.EnsureActivitiesVisibleHelper.process:450 com.android.server.wm.TaskFragment.updateActivityVisibilities:12 com.android.server.wm.Task$$ExternalSyntheticLambda3.accept:399 
08-08 12:16:12.837  1170  1212 I mtkpower_client: perf_lock_acq, hdl:0, dur:0, num:2, pid:1170, tid:1212
08-08 12:16:12.837  1703  2546 D DeviceReportingSecurityChecker: getStatus
08-08 12:16:12.837  1703  2546 D DeviceReportingSecurityChecker: mIsICDStatus is true
08-08 12:16:12.837  1703  2546 D DeviceReportingSecurityChecker: mIsSim is true
08-08 12:16:12.837  1703  2546 D DeviceReportingSecurityChecker: mIsEchoAppSignature is true
08-08 12:16:12.837  1703  2546 D DeviceReportingSecurityChecker: security check passed
08-08 12:16:12.837  2415  2491 I InsetsController: onStateChanged: host=Splash Screen com.atakmap.app.civ, from=android.view.ViewRootImpl.setView:1999, state=InsetsState: {mDisplayFrame=Rect(0, 0 - 1080, 2408), mDisplayCutout=DisplayCutout{insets=Rect(0, 64 - 0, 0) waterfall=Insets{left=0, top=0, right=0, bottom=0} boundingRect={Bounds=[Rect(0, 0 - 0, 0), Rect(468, 0 - 612, 64), Rect(0, 0 - 0, 0), Rect(0, 0 - 0, 0)]} cutoutPathParserInfo={CutoutPathParserInfo{displayWidth=1080 displayHeight=2408 physicalDisplayWidth=1080 physicalDisplayHeight=2408 density={2.8125} cutoutSpec={M 0,0 H -25.6 V 22.75555555555556 H 25.6 V 0 H 0 Z @dp} rotation={0} scale={1.0} physicalPixelDisplaySizeRatio={1.0}}} sideOverrides={}}, mRoundedCorners=RoundedCorners{[RoundedCorner{position=TopLeft, radius=113, center=Point(113, 113)}, RoundedCorner{position=TopRight, radius=113, center=Point(967, 113)}, RoundedCorner{position=BottomRight, radius=113, center=Point(967, 2295)}, RoundedCorner{position=BottomLeft, radius=113, center=Point(113, 2295)}]}  mRoundedCornerFrame=Rect(0, 0 - 1080, 2408), mPrivacyIndicatorBounds=PrivacyIndicatorBounds {static bounds=Rect(956, 0 - 1080, 64) rotation=0}, mDisplayShape=DisplayShape{ spec=-311912193 displayWidth=1080 displayHeight=2408 physicalPixelDisplaySizeRatio=1.0 rotation=0 offsetX=0 offsetY=0 scale=1.0}, mSources= { InsetsSource: {9cb90001 mType=navigationBars mFrame=[0,2273][1080,2408] mVisible=true mFlags= mSideHint=BOTTOM mBoundingRects=null}, InsetsSource: {9cb90004 mType=systemGestures mFrame=[0,0][0,0] mVisible=true mFlags= mSideHint=NONE mBoundingRects=null}, InsetsSource: {9cb90005 mType=mandatorySystemGestures mFrame=[0,2273][1080,2408] mVisible=true mFlags= mSideHint=BOTTOM mBoundingRects=null}, InsetsSource: {9cb90006 mType=tappableElement mFrame=[0,2273][1080,2408] mVisible=true mFlags= mSideHint=BOTTOM mBoundingRects=null}, InsetsSource: {9cb90024 mType=systemGestures mFrame=[0,0][0,0] mVisible=true mFlags= mSideHint=NONE mBoundingRects=null}, InsetsSource: {27 mType=displayCutout mFrame=[0,0][1080,64] mVisible=true mFlags= mSideHint=TOP mBoundingRects=null}, InsetsSource: {3c220000 mType=statusBars mFrame=[0,0][1080,64] mVisible=true mFlags= mSideHint=TOP mBoundingRects=null}, InsetsSource: {3c220005 mType=mandatorySystemGestures mFrame=[0,0][1080,98] mVisible=true mFlags= mSideHint=TOP mBoundingRects=null}, InsetsSource: {3c220006 mType=tappableElement mFrame=[0,0][1080,64] mVisible=true mFlags= mSideHint=TOP mBoundingRects=null} }
08-08 12:16:12.837  1703  2546 D DeviceReportingSecurityChecker: mIsICDStatus === true mIsSim == true mIsMyAccountSignature== false mIsEchoAppSignature== true mIsSprintHubSignature== false
08-08 12:16:12.837  1170  1212 I mtkpower_client: ret_hdl:26226
08-08 12:16:12.838  2415  2491 I VRI[civ]@abd13e6: synced displayState. AttachInfo displayState=2
08-08 12:16:12.838  1703  2546 V WindowManager: Collecting in transition 1513: ActivityRecord{265a15d u0 com.sec.android.app.launcher/.activities.LauncherActivity t448}, caller=com.android.server.wm.TransitionController.collect:7 com.android.server.wm.ActivityRecord.setVisibility:189 com.android.server.wm.ActivityRecord.makeInvisible:39 com.android.server.wm.EnsureActivitiesVisibleHelper.process:637 com.android.server.wm.TaskFragment.updateActivityVisibilities:12 
08-08 12:16:12.838  1703  2546 D WindowManager: prepareSync <SYNC_STATE_WAITING_FOR_DRAW>, mPrepareSyncSeqId=0, win=Window{366fe18 u0 (1-1)-Window{6cbdd70 alpha=1.0 fl=}}
08-08 12:16:12.838  1703  2546 D WindowManager: prepareSync <SYNC_STATE_WAITING_FOR_DRAW>, mPrepareSyncSeqId=0, win=Window{5741aa6 u0 com.sec.android.app.launcher/com.sec.android.app.launcher.activities.LauncherActivity}
08-08 12:16:12.838  1703  2546 V WindowManager: Collecting in transition 1513: WallpaperWindowToken{a436c84 token=android.os.Binder@9534e31}_<lock>, caller=com.android.server.wm.Transition.collect:275 com.android.server.wm.TransitionController.collect:7 com.android.server.wm.ActivityRecord.setVisibility:189 com.android.server.wm.ActivityRecord.makeInvisible:39 com.android.server.wm.EnsureActivitiesVisibleHelper.process:637 
08-08 12:16:12.838  1703  2546 V WindowManager: Collecting in transition 1513: WallpaperWindowToken{9a0a983 token=android.os.Binder@e20c832}_<system>, caller=com.android.server.wm.Transition.collect:300 com.android.server.wm.TransitionController.collect:7 com.android.server.wm.ActivityRecord.setVisibility:189 com.android.server.wm.ActivityRecord.makeInvisible:39 com.android.server.wm.EnsureActivitiesVisibleHelper.process:637 
08-08 12:16:12.838  2415  2491 I VRI[civ]@abd13e6: setView = android.widget.FrameLayout@c950335 IsHRR=false TM=true
08-08 12:16:12.839  2978  3065 I HoneySpace.TopTaskSource: onTaskMovedToFront : taskId = 573, displayId = 0
08-08 12:16:12.840  1703  1902 D ActivityManager Intent delay: Delaying Broadcast BroadcastRecord{f2c1d22 android.intent.action.PACKAGE_UNSTOPPED/u0}
08-08 12:16:12.841  1180  1228 I libPowerHal: [perfLockAcq] idx:0 hdl:26225 hint:-1 pid:1170 tid:1212 duration:0 lock_user:vendor.samsung. => ret_hdl:26225
08-08 12:16:12.841  1180  1228 I libPowerHal: [setDvfsrcDevFreqOpp] opp:0, freq:4266000000
08-08 12:16:12.841  1180  1228 I libPowerHal: [PE] vendor.samsung. update cmd:1000000 param:0 pr:3
08-08 12:16:12.841  1180  1228 I libPowerHal: [perfLockAcq] Done for hdl : 26225
08-08 12:16:12.841  1703  1837 D SGM:FgCheckThread: notePauseComponent(), received pkgName: com.sec.android.app.launcher, userId: 0
08-08 12:16:12.841  1703  1837 D SGM:FgCheckThread: notePauseComponent(), received pkgName: com.sec.android.app.launcher, userId: 0
08-08 12:16:12.841  1703  1837 D SGM:FgCheckThread: notifyFocusInOut(). of pkg: com.sec.android.app.launcher, type: 20, isSecGameFamily: false, userId: 0
08-08 12:16:12.841  1703  2248 I CocktailBarManagerServiceContainer: handleMessage: entry what = 6
08-08 12:16:12.841  1703  2248 I CocktailBarManagerServiceImpl: notePauseComponent : no active host
08-08 12:16:12.842  1703  1837 D SGM:GameManager: identifyGamePackage. com.sec.android.app.launcher, mCurrentUserId: 0, callerUserId: 0, callingMethodInfo: com.samsung.android.game.SemGameManager.isGamePackage(SemGameManager.java:105)
08-08 12:16:12.842  1703  1837 D SGM:SemGameManager: isGamePackage(), pkgName=com.sec.android.app.launcher, ret=false
08-08 12:16:12.842  1703  1837 D SGM:FgCheckThread:   notifyFocusInOut(). unexpected type. 20
08-08 12:16:12.842  2978  3067 I HoneySpace.TopTaskUseCase: topTaskId 573, DisplayId : 0
08-08 12:16:12.842  1180  1228 I libPowerHal: [perfLockRel] hdl:26218, idx:5
08-08 12:16:12.842  2978 16772 I HoneySpace.RecentTasks: onRecentTasksChanged
08-08 12:16:12.842  2978 17604 I HoneySpace.RecentTasks: onRecentTasksChanged
08-08 12:16:12.843  1180  1228 I libPowerHal: [set_cpuidle] enable:1, fd:15, scn:0xb400007c2d27d8d0
08-08 12:16:12.843  1180  1228 I libPowerHal: [PD] vendor.samsung. update cmd:1c3c100 param:1 pr:6
08-08 12:16:12.843  1180  1228 I libPowerHal: [perfLockRel] Done for hdl : 26218
08-08 12:16:12.843  1180  1228 I libPowerHal: [perfLockAcq] idx:3 hdl:26226 hint:-1 pid:1170 tid:1212 duration:0 lock_user:vendor.samsung. => ret_hdl:26226
08-08 12:16:12.843  1180  1228 I libPowerHal: [set_cpuidle] enable:0, fd:15, scn:0xb400007c2d277130
08-08 12:16:12.843  1180  1228 I libPowerHal: [get_cpu_dma_latency_value] 0
08-08 12:16:12.843  1180  1228 I libPowerHal: [PE] vendor.samsung. update cmd:1c3c100 param:0 pr:3
08-08 12:16:12.843  1180  1228 I libPowerHal: [perfLockAcq] Done for hdl : 26226
