08-08 12:16:12.268  1703  3744 V WindowManager:     InsetsFrameProvider: {id=#9cb90004, index=0, type=systemGestures, source=DISPLAY, flags=[], insetsSize=Insets{left=0, top=0, right=0, bottom=0}, mMinimalInsetsSizeInDisplayCutoutSafe=Insets{left=0, top=0, right=0, bottom=0}}
08-08 12:16:12.268  1703  3744 V WindowManager:     InsetsFrameProvider: {id=#9cb90024, index=1, type=systemGestures, source=DISPLAY, flags=[], insetsSize=Insets{left=0, top=0, right=0, bottom=0}, mMinimalInsetsSizeInDisplayCutoutSafe=Insets{left=0, top=0, right=0, bottom=0}}
08-08 12:16:12.268  1703  3744 V WindowManager:   frameRateBoostOnTouch=true
08-08 12:16:12.268  1703  3744 V WindowManager:   dvrrWindowFrameRateHint=true
08-08 12:16:12.268  1703  3744 V WindowManager:   paramsForRotation:
08-08 12:16:12.268  1703  3744 V WindowManager:     ROTATION_0={(0,0)(fillx135) gr=BOTTOM CENTER_VERTICAL layoutInDisplayCutoutMode=always ty=NAVIGATION_BAR fmt=TRANSLUCENT
08-08 12:16:12.268  1703  3744 V WindowManager:       fl=20840028
08-08 12:16:12.268  1703  3744 V WindowManager:       pfl=31001000
08-08 12:16:12.268  1703  3744 V WindowManager:       bhv=1
08-08 12:16:12.268  1703  3744 V WindowManager:       providedInsets:
08-08 12:16:12.268  1703  3744 V WindowManager:         InsetsFrameProvider: {id=#9cb90001, index=0, type=navigationBars, source=FRAME, flags=[], insetsSize=Insets{left=0, top=0, right=0, bottom=135}, insetsSizeOverrides=[TypedInsetsSize: {windowType=INPUT_METHOD, insetsSize=null}]}
08-08 12:16:12.268  1703  3744 V WindowManager:         InsetsFrameProvider: {id=#9cb90006, index=0, type=tappableElement, source=FRAME, flags=[]}
08-08 12:16:12.268  1703  3744 V WindowManager:         InsetsFrameProvider: {id=#9cb90005, index=0, type=mandatorySystemGestures, source=FRAME, flags=[]}
08-08 12:16:12.268  1703  3744 V WindowManager:         InsetsFrameProvider: {id=#9cb90004, index=0, type=systemGestures, source=DISPLAY, flags=[], insetsSize=Insets{left=0, top=0, right=0, bottom=0}, mMinimalInsetsSizeInDisplayCutoutSafe=Insets{left=0, top=0, right=0, bottom=0}}
08-08 12:16:12.268  1703  3744 V WindowManager:         InsetsFrameProvider: {id=#9cb90024, index=1, type=systemGestures, source=DISPLAY, flags=[], insetsSize=Insets{left=0, top=0, right=0, bottom=0}, mMinimalInsetsSizeInDisplayCutoutSafe=Insets{left=0, top=0, right=0, bottom=0}}
08-08 12:16:12.268  1703  3744 V WindowManager:       frameRateBoostOnTouch=true
08-08 12:16:12.268  1703  3744 V WindowManager:       dvrrWindowFrameRateHint=true naviIconColor=0}
08-08 12:16:12.268  1703  3744 V WindowManager:     ROTATION_90={(0,0)(135xfill) gr=RIGHT CENTER_HORIZONTAL layoutInDisplayCutoutMode=always ty=NAVIGATION_BAR fmt=TRANSLUCENT
08-08 12:16:12.268  1703  3744 V WindowManager:       fl=20840028
08-08 12:16:12.268  1703  3744 V WindowManager:       pfl=31001000
08-08 12:16:12.268  1703  3744 V WindowManager:       bhv=1
08-08 12:16:12.268  1703  3744 V WindowManager:       providedInsets:
08-08 12:16:12.268  1703  3744 V WindowManager:         InsetsFrameProvider: {id=#9cb90001, index=0, type=navigationBars, source=FRAME, flags=[], insetsSizeOverrides=[TypedInsetsSize: {windowType=INPUT_METHOD, insetsSize=null}]}
08-08 12:16:12.268  1703  3744 V WindowManager:         InsetsFrameProvider: {id=#9cb90006, index=0, type=tappableElement, source=FRAME, flags=[]}
08-08 12:16:12.268  1703  3744 V WindowManager:         InsetsFrameProvider: {id=#9cb90005, index=0, type=mandatorySystemGestures, source=FRAME, flags=[]}
08-08 12:16:12.268  1703  3744 V WindowManager:         InsetsFrameProvider: {id=#9cb90004, index=0, type=systemGestures, source=DISPLAY, flags=[], insetsSize=Insets{left=0, top=0, right=0, bottom=0}, mMinimalInsetsSizeInDisplayCutoutSafe=Insets{left=0, top=0, right=0, bottom=0}}
08-08 12:16:12.268  1703  3744 V WindowManager:         InsetsFrameProvider: {id=#9cb90024, index=1, type=systemGestures, source=DISPLAY, flags=[], insetsSize=Insets{left=0, top=0, right=0, bottom=0}, mMinimalInsetsSizeInDisplayCutoutSafe=Insets{left=0, top=0, right=0, bottom=0}}
08-08 12:16:12.268  1703  3744 V WindowManager:       frameRateBoostOnTouch=true
08-08 12:16:12.268  1703  3744 V WindowManager:       dvrrWindowFrameRateHint=true naviIconColor=0}
08-08 12:16:12.268  1703  3744 V WindowManager:     ROTATION_180={(0,0)(fillx135) gr=BOTTOM CENTER_VERTICAL layoutInDisplayCutoutMode=always ty=NAVIGATION_BAR fmt=TRANSLUCENT
08-08 12:16:12.268  1703  3744 V WindowManager:       fl=20840028
08-08 12:16:12.268  1703  3744 V WindowManager:       pfl=31001000
08-08 12:16:12.268  1703  3744 V WindowManager:       bhv=1
08-08 12:16:12.268  1703  3744 V WindowManager:       providedInsets:
08-08 12:16:12.268  1703  3744 V WindowManager:         InsetsFrameProvider: {id=#9cb90001, index=0, type=navigationBars, source=FRAME, flags=[], insetsSize=Insets{left=0, top=0, right=0, bottom=135}, insetsSizeOverrides=[TypedInsetsSize: {windowType=INPUT_METHOD, insetsSize=null}]}
08-08 12:16:12.269  1703  3744 V WindowManager:         InsetsFrameProvider: {id=#9cb90006, index=0, type=tappableElement, source=FRAME, flags=[]}
08-08 12:16:12.269  1703  3744 V WindowManager:         InsetsFrameProvider: {id=#9cb90005, index=0, type=mandatorySystemGestures, source=FRAME, flags=[]}
08-08 12:16:12.269  1703  3744 V WindowManager:         InsetsFrameProvider: {id=#9cb90004, index=0, type=systemGestures, source=DISPLAY, flags=[], insetsSize=Insets{left=0, top=0, right=0, bottom=0}, mMinimalInsetsSizeInDisplayCutoutSafe=Insets{left=0, top=0, right=0, bottom=0}}
08-08 12:16:12.269  1703  3744 V WindowManager:         InsetsFrameProvider: {id=#9cb90024, index=1, type=systemGestures, source=DISPLAY, flags=[], insetsSize=Insets{left=0, top=0, right=0, bottom=0}, mMinimalInsetsSizeInDisplayCutoutSafe=Insets{left=0, top=0, right=0, bottom=0}}
08-08 12:16:12.269  1703  3744 V WindowManager:       frameRateBoostOnTouch=true
08-08 12:16:12.269  1703  3744 V WindowManager:       dvrrWindowFrameRateHint=true naviIconColor=0}
08-08 12:16:12.269  1703  3744 V WindowManager:     ROTATION_270={(0,0)(135xfill) gr=LEFT CENTER_HORIZONTAL layoutInDisplayCutoutMode=always ty=NAVIGATION_BAR fmt=TRANSLUCENT
08-08 12:16:12.269  1703  3744 V WindowManager:       fl=20840028
08-08 12:16:12.269  1703  3744 V WindowManager:       pfl=31001000
08-08 12:16:12.269  1703  3744 V WindowManager:       bhv=1
08-08 12:16:12.269  1703  3744 V WindowManager:       providedInsets:
08-08 12:16:12.269  1703  3744 V WindowManager:         InsetsFrameProvider: {id=#9cb90001, index=0, type=navigationBars, source=FRAME, flags=[], insetsSizeOverrides=[TypedInsetsSize: {windowType=INPUT_METHOD, insetsSize=null}]}
08-08 12:16:12.269  1703  3744 V WindowManager:         InsetsFrameProvider: {id=#9cb90006, index=0, type=tappableElement, source=FRAME, flags=[]}
08-08 12:16:12.269  1703  3744 V WindowManager:         InsetsFrameProvider: {id=#9cb90005, index=0, type=mandatorySystemGestures, source=FRAME, flags=[]}
08-08 12:16:12.269  1703  3744 V WindowManager:         InsetsFrameProvider: {id=#9cb90004, index=0, type=systemGestures, source=DISPLAY, flags=[], insetsSize=Insets{left=0, top=0, right=0, bottom=0}, mMinimalInsetsSizeInDisplayCutoutSafe=Insets{left=0, top=0, right=0, bottom=0}}
08-08 12:16:12.269  1703  3744 V WindowManager:         InsetsFrameProvider: {id=#9cb90024, index=1, type=systemGestures, source=DISPLAY, flags=[], insetsSize=Insets{left=0, top=0, right=0, bottom=0}, mMinimalInsetsSizeInDisplayCutoutSafe=Insets{left=0, top=0, right=0, bottom=0}}
08-08 12:16:12.269  1703  3744 V WindowManager:       frameRateBoostOnTouch=true
08-08 12:16:12.269  1703  3744 V WindowManager:       dvrrWindowFrameRateHint=true naviIconColor=0} naviIconColor=0}
08-08 12:16:12.270  2415  2415 I BLASTBufferQueue_Java: update, w= 1080 h= 135 mName = VRI[NavigationBar0]@7726d98 mNativeObject= 0xb400006fd218d800 sc.mNativeObject= 0xb400006fcc88d200 format= -3 caller= android.view.ViewRootImpl.updateBlastSurfaceIfNeeded:3386 android.view.ViewRootImpl.relayoutWindow:11361 android.view.ViewRootImpl.performTraversals:4544 android.view.ViewRootImpl.doTraversal:3708 android.view.ViewRootImpl$TraversalRunnable.run:12542 android.view.Choreographer$CallbackRecord.run:1751 
08-08 12:16:12.270  2415  2415 I BLASTBufferQueue: [VRI[NavigationBar0]@7726d98#2](f:0,a:1,s:0) update width=1080 height=135 format=-3 mTransformHint=0
08-08 12:16:12.270  2415  2415 I VRI[NavigationBar0]@7726d98: Relayout returned: old=(0,2273,1080,2408) new=(0,2273,1080,2408) relayoutAsync=false req=(1080,135)0 dur=9 res=0x1 s={true 0xb400006fd22da000} ch=false seqId=285
08-08 12:16:12.270  2415  2415 D VRI[NavigationBar0]@7726d98: Relayout called with blastSync
08-08 12:16:12.270  2415  2415 D VRI[NavigationBar0]@7726d98: reportNextDraw android.view.ViewRootImpl.performTraversals:4554 android.view.ViewRootImpl.doTraversal:3708 android.view.ViewRootImpl$TraversalRunnable.run:12542 android.view.Choreographer$CallbackRecord.run:1751 android.view.Choreographer$CallbackRecord.run:1760 
08-08 12:16:12.270  2415  2415 D VRI[NavigationBar0]@7726d98: mThreadedRenderer.updateSurface() mSurface={isValid=true 0xb400006fd22da000}
08-08 12:16:12.270  2415  2415 D VRI[NavigationBar0]@7726d98: reportNextDraw android.view.ViewRootImpl.performTraversals:5193 android.view.ViewRootImpl.doTraversal:3708 android.view.ViewRootImpl$TraversalRunnable.run:12542 android.view.Choreographer$CallbackRecord.run:1751 android.view.Choreographer$CallbackRecord.run:1760 
08-08 12:16:12.270  2415  2415 D VRI[NavigationBar0]@7726d98: Setup new sync=wmsSync-VRI[NavigationBar0]@7726d98#62
08-08 12:16:12.270  2415  2415 I VRI[NavigationBar0]@7726d98: Creating new active sync group VRI[NavigationBar0]@7726d98#63
08-08 12:16:12.271  1703  2546 W JobScheduler: Job didn't exist in JobStore: 50bc083 #u0a273/1034 com.google.android.apps.photos/com.google.android.libraries.social.mediamonitor.MediaMonitorJobSchedulerService
08-08 12:16:12.271  2415  2415 D VRI[NavigationBar0]@7726d98: registerCallbacksForSync syncBuffer=true
08-08 12:16:12.272  2415  2415 D NavBarStateManager: NavBarStates(0) canUseNavBarBackgroundFrame: false
08-08 12:16:12.273  2415  3249 D VRI[NavigationBar0]@7726d98: Received frameDrawingCallback syncResult=0 frameNum=21717.
08-08 12:16:12.274  2415  3249 I VRI[NavigationBar0]@7726d98: mWNT: t=0xb400006fd245f180 mBlastBufferQueue=0xb400006fd218d800 fn= 21717 HdrRenderState mRenderHdrSdrRatio=1.0 caller= android.view.ViewRootImpl$11.onFrameDraw:15016 android.view.ThreadedRenderer$1.onFrameDraw:761 <bottom of call stack> 
08-08 12:16:12.274  2415  3249 I VRI[NavigationBar0]@7726d98: Setting up sync and frameCommitCallback
08-08 12:16:12.274  2415  3249 I BLASTBufferQueue_Java: syncNextTransaction, mName= VRI[NavigationBar0]@7726d98 acquireSingleBuffer= true mNativeObject= 0xb400006fd218d800 callback= android.view.ViewRootImpl$11$$ExternalSyntheticLambda2@d88399e caller= android.graphics.BLASTBufferQueue.syncNextTransaction:151 android.view.ViewRootImpl$11.onFrameDraw:15042 android.view.ThreadedRenderer$1.onFrameDraw:761 <bottom of call stack> <bottom of call stack> <bottom of call stack> 
08-08 12:16:12.274  2415  3249 I BLASTBufferQueue: [VRI[NavigationBar0]@7726d98#2](f:0,a:1,s:0) syncNextTransaction, callback: 1, acquireSingleBuffer: 1, mTransactionReadyCallback: 0
08-08 12:16:12.277  4297  4391 I SDHMS:CpLowMode: controlMode:: mode ? false (r:0)
08-08 12:16:12.278  2415  2566 I BLASTBufferQueue: [VRI[NavigationBar0]@7726d98#2](f:0,a:1,s:0) onFrameAvailable-start syncTransactionSet=true
08-08 12:16:12.278  2415  2566 I BLASTBufferQueue: [VRI[NavigationBar0]@7726d98#2](f:0,a:1,s:0) onFrameAvailable framenumber=21717 syncTransactionSet=true
08-08 12:16:12.278  2415  2566 I BLASTBufferQueue: [VRI[NavigationBar0]@7726d98#2](f:1,a:1,s:0) onFrameAvailable framenumber=21717 syncTransactionSet=true
08-08 12:16:12.278  2415  2566 I BLASTBufferQueue: [VRI[NavigationBar0]@7726d98#2](f:1,a:1,s:0) onFrameAvailable set 0 190773553705600
08-08 12:16:12.278  2415  2566 I BLASTBufferQueue: [VRI[NavigationBar0]@7726d98#2](f:0,a:2,s:1) producer disconnected before acquireNextBufferLocked
08-08 12:16:12.278  2415  2566 I BLASTBufferQueue: [VRI[NavigationBar0]@7726d98#2](f:0,a:2,s:1) mergePendingTransactions t: 10372346266353, frameNumber: 21717
08-08 12:16:12.278  2415  2566 I BLASTBufferQueue: [VRI[NavigationBar0]@7726d98#2] transaction merge. this(id: 10372346266353, fn: 21717). other(id: 10372346266352, fn: 21717)
08-08 12:16:12.278  2415  2566 I BLASTBufferQueue: [VRI[NavigationBar0]@7726d98#2](f:0,a:2,s:1) acquireNextBufferLocked t: 10372346266353, mLastAppliedFrameNumber: 21716
08-08 12:16:12.278  2415  2566 I BLASTBufferQueue: [VRI[NavigationBar0]@7726d98#2](f:0,a:2,s:1) acquireNextBufferLocked size=1080x135 mFrameNumber=21717 applyTransaction=false mTimestamp=190773553339139(auto) mPendingTransactions.size=0 graphicBufferId=10372346030753 transform=0
08-08 12:16:12.279  2415  2566 I VRI[NavigationBar0]@7726d98: Received ready transaction from native, debugName=syncBuffer_VRI[NavigationBar0]@7726d98#63
08-08 12:16:12.279  2415  2566 I VRI[NavigationBar0]@7726d98: Received frameCommittedCallback lastAttemptedDrawFrameNum=21717 didProduceBuffer=true
08-08 12:16:12.279  2415  2415 D VRI[NavigationBar0]@7726d98: reportDrawFinished seqId=285
08-08 12:16:12.280  1230  1668 D DisplayModeController: setDesiredMode 4627039422300187648 {mode={fps=90.00 Hz, modePtr={id=0, vsyncRate=90.00 Hz, peakRefreshRate=90.00 Hz}}, emitEvent=true, force=false}
08-08 12:16:12.281  2415  2415 D IndicatorGardenInputProperties: Set cutout=DisplayCutout{insets=Rect(0, 64 - 0, 0) waterfall=Insets{left=0, top=0, right=0, bottom=0} boundingRect={Bounds=[Rect(0, 0 - 0, 0), Rect(468, 0 - 612, 64), Rect(0, 0 - 0, 0), Rect(0, 0 - 0, 0)]} cutoutPathParserInfo={CutoutPathParserInfo{displayWidth=1080 displayHeight=2408 physicalDisplayWidth=1080 physicalDisplayHeight=2408 density={2.8125} cutoutSpec={M 0,0 H -25.6 V 22.75555555555556 H 25.6 V 0 H 0 Z @dp} rotation={0} scale={1.0} physicalPixelDisplaySizeRatio={1.0}}} sideOverrides={}}
08-08 12:16:12.281  1703  2546 D WindowManager: finishDrawingWindow: Window{b268301 u0 NavigationBar0} mDrawState=DRAW_PENDING seqId=285
08-08 12:16:12.281  1703  2546 D WindowManager: finishDrawingWindow: syncBuffer=syncBuffer_VRI[NavigationBar0]@7726d98#63_seqId<285>
08-08 12:16:12.281  1703  2546 I WindowManager: finishDrawing of orientation change: Window{b268301 u0 NavigationBar0} 313ms
08-08 12:16:12.282  1703  2546 D WindowManager: executeDrawHandlers, seqId=285, h.mSeqId=285, hadHandlers=true, win=Window{b268301 u0 NavigationBar0}
08-08 12:16:12.282  2415  2415 D KeyguardStatusBarNioLayoutRepository:  onGardenChanged()     [pL:128, pR:64, H:64, mT:0, mR:0, rtl?false, (x2:669 - x1:410 = avW:259), iconSize:39, ratio:0.93, callChip?false, settingsShow?true, settingNio?true, numberOfNio?0, KSBV(a:1-v:4)] 
08-08 12:16:12.282  1703  2546 D AsyncRotation_WindowManager: handleFinishDrawing Window{b268301 u0 NavigationBar0}
08-08 12:16:12.282  1703  2546 D AsyncRotation_WindowManager: handleFinishDrawing, merged drawTransaction=syncBuffer_VRI[NavigationBar0]@7726d98#63_seqId<285>, w=Window{b268301 u0 NavigationBar0}
08-08 12:16:12.282  1703  2546 D AsyncRotation_WindowManager: Complete directly Window{b268301 u0 NavigationBar0}
08-08 12:16:12.282  2415  2415 D KeyguardStatusBarNioLayoutRepository:   * notifyNioUpdated() !!!  size[1]       [pL:64, pR:64, H:64, mT:8, mR:0, rtl?false, (x2:404 - x1:410 = avW:-6), iconSize:39, ratio:0.93, callChip?false, settingsShow?true, settingNio?true, numberOfNio?0, KSBV(a:1-v:4)] 
08-08 12:16:12.282  1703  2546 D AsyncRotation_WindowManager: finishOp merge transaction Window{b268301 u0 NavigationBar0}
08-08 12:16:12.282  2415  2415 I FaceWidgetViewModel: onNioLayoutUpdated : left 64, right 64, total 64, top 8, containerStartX 410, containerEndX 404, iconSize 39, iconScaleRate 0.93430656
08-08 12:16:12.282  1703  2546 D AsyncRotation_WindowManager: finishOp undo seamless Window{b268301 u0 NavigationBar0}
08-08 12:16:12.282  1703  2546 D WindowManager: finishDrawing, postDrawTransaction=null, syncTransaction=null, pendingTransaction=syncBuffer_VRI[NavigationBar0]@7726d98#63_seqId<285>, w=Window{b268301 u0 NavigationBar0}
08-08 12:16:12.282  2415  2415 I FaceWidgetKeyguardNIOController: isNioContainerSizeValid availableWidth -6 currentWidth 124 isAvailableWidth false
08-08 12:16:12.282  2415  2415 I KeyguardNIOStatusBarController: updateIsValidWidth false
08-08 12:16:12.282  2415  2415 D IndicatorBasicGardener: PhoneStatusBarViewController update is done totalHeight=64  hasCameraTopMargin=true  cameraTopMargin=8  paddingLeft=64  paddingRight=64  maxWidthLeftContainer=404  maxWidthCenterContainer=144  maxWidthRightContainer=404 cutout=DisplayCutout{insets=Rect(0, 64 - 0, 0) waterfall=Insets{left=0, top=0, right=0, bottom=0} boundingRect={Bounds=[Rect(0, 0 - 0, 0), Rect(468, 0 - 612, 64), Rect(0, 0 - 0, 0), Rect(0, 0 - 0, 0)]} cutoutPathParserInfo={CutoutPathParserInfo{displayWidth=1080 displayHeight=2408 physicalDisplayWidth=1080 physicalDisplayHeight=2408 density={2.8125} cutoutSpec={M 0,0 H -25.6 V 22.75555555555556 H 25.6 V 0 H 0 Z @dp} rotation={0} scale={1.0} physicalPixelDisplaySizeRatio={1.0}}} sideOverrides={}}
08-08 12:16:12.284  2415  2415 I BLASTBufferQueue_Java: update, w= 1080 h= 64 mName = VRI[StatusBar]@70126b3 mNativeObject= 0xb400006fd2563800 sc.mNativeObject= 0xb400006fcc739dc0 format= -3 caller= android.view.ViewRootImpl.updateBlastSurfaceIfNeeded:3386 android.view.ViewRootImpl.relayoutWindow:11361 android.view.ViewRootImpl.performTraversals:4544 android.view.ViewRootImpl.doTraversal:3708 android.view.ViewRootImpl$TraversalRunnable.run:12542 android.view.Choreographer$CallbackRecord.run:1751 
08-08 12:16:12.284  1703  2351 V WindowManager: Relayout Window{a88b1c6 u0 StatusBar}: viewVisibility=0 req=1080x64 ty=2000 d0
08-08 12:16:12.284  2415  2415 I BLASTBufferQueue: [VRI[StatusBar]@70126b3#4](f:0,a:1,s:0) update width=1080 height=64 format=-3 mTransformHint=0
08-08 12:16:12.284  2415  2415 I VRI[StatusBar]@70126b3: Relayout returned: old=(0,0,1080,64) new=(0,0,1080,64) relayoutAsync=true req=(1080,64)0 dur=0 res=0x0 s={true 0xb400006fd2572800} ch=false seqId=0
08-08 12:16:12.284  2415  2415 D VRI[StatusBar]@70126b3: mThreadedRenderer.updateSurface() mSurface={isValid=true 0xb400006fd2572800}
08-08 12:16:12.285  1703  2351 V WindowManager: performShowLocked: mDrawState=HAS_DRAWN in Window{b268301 u0 NavigationBar0}
08-08 12:16:12.285  2415  2415 D VRI[StatusBar]@70126b3: Setup new sync=wmsSync-VRI[StatusBar]@70126b3#65
08-08 12:16:12.285  2415  2415 I VRI[StatusBar]@70126b3: Creating new active sync group VRI[StatusBar]@70126b3#66
08-08 12:16:12.286  1703  1838 I SurfaceControlRegistry: hide, t=syncBuffer_VRI[NavigationBar0]@7726d98#63_seqId<285> sc=WallpaperWindowToken{a436c84 token=android.os.Binder@9534e31}, caller=android.view.SurfaceControl$Transaction.hide:3258 android.view.SurfaceControl$Transaction.setVisibility:3200 com.android.server.wm.WallpaperWindowToken.prepareSurfaces:26 com.android.server.wm.WindowContainer.prepareSurfaces:26 com.android.server.wm.WindowContainer.prepareSurfaces:26 com.android.server.wm.WindowContainer.prepareSurfaces:26 
08-08 12:16:12.286  2415  2415 D VRI[StatusBar]@70126b3: registerCallbacksForSync syncBuffer=false
08-08 12:16:12.287  1703  1838 I SurfaceControlRegistry: show, t=syncBuffer_VRI[NavigationBar0]@7726d98#63_seqId<285> sc=WallpaperWindowToken{9a0a983 token=android.os.Binder@e20c832}, caller=android.view.SurfaceControl$Transaction.show:3232 android.view.SurfaceControl$Transaction.setVisibility:3198 com.android.server.wm.WallpaperWindowToken.prepareSurfaces:26 com.android.server.wm.WindowContainer.prepareSurfaces:26 com.android.server.wm.WindowContainer.prepareSurfaces:26 com.android.server.wm.WindowContainer.prepareSurfaces:26 
08-08 12:16:12.287  1703  1838 I SurfaceComposerClient: setTransactionState with buffer. layerId: 94, bufferData(ID: 10372346030753, frameNumber: 21717, barrierFrameNumber: 21716)
08-08 12:16:12.288  1230  3015 I SurfaceFlinger: [NavigationBar0$_2415#94] setTransactionState with buffer. bufferData(ID: 10372346030753, frameNumber: 21717, barrierFrameNumber: 21716
08-08 12:16:12.289  1703  2351 V WindowManager: Relayout hash=a88b1c6, pid=0, syncId=-1: mAttrs={(0,0)(fillx64) gr=TOP CENTER_VERTICAL sim={adjust=pan} layoutInDisplayCutoutMode=always ty=STATUS_BAR fmt=TRANSLUCENT
08-08 12:16:12.289  1703  2351 V WindowManager:   fl=81000008
08-08 12:16:12.289  1703  2351 V WindowManager:   pfl=11000000
08-08 12:16:12.289  1703  2351 V WindowManager:   bhv=1
08-08 12:16:12.289  1703  2351 V WindowManager:   providedInsets:
08-08 12:16:12.289  1703  2351 V WindowManager:     InsetsFrameProvider: {id=#3c220000, index=0, type=statusBars, source=FRAME, flags=[], insetsSize=Insets{left=0, top=64, right=0, bottom=0}}
08-08 12:16:12.289  1703  2351 V WindowManager:     InsetsFrameProvider: {id=#3c220006, index=0, type=tappableElement, source=FRAME, flags=[], insetsSize=Insets{left=0, top=64, right=0, bottom=0}}
08-08 12:16:12.289  1703  2351 V WindowManager:     InsetsFrameProvider: {id=#3c220005, index=0, type=mandatorySystemGestures, source=FRAME, flags=[], mMinimalInsetsSizeInDisplayCutoutSafe=Insets{left=0, top=34, right=0, bottom=0}}
08-08 12:16:12.289  1703  2351 V WindowManager:   frameRateBoostOnTouch=true
08-08 12:16:12.289  1703  2351 V WindowManager:   dvrrWindowFrameRateHint=true
08-08 12:16:12.289  1703  2351 V WindowManager:   paramsForRotation:
08-08 12:16:12.289  1703  2351 V WindowManager:     ROTATION_0={(0,0)(fillx64) gr=TOP CENTER_VERTICAL layoutInDisplayCutoutMode=always ty=STATUS_BAR fmt=TRANSLUCENT
08-08 12:16:12.289  1703  2351 V WindowManager:       fl=80000008
08-08 12:16:12.289  1703  2351 V WindowManager:       pfl=11000000
08-08 12:16:12.289  1703  2351 V WindowManager:       bhv=1
08-08 12:16:12.289  1703  2351 V WindowManager:       providedInsets:
08-08 12:16:12.289  1703  2351 V WindowManager:         InsetsFrameProvider: {id=#3c220000, index=0, type=statusBars, source=FRAME, flags=[], insetsSize=Insets{left=0, top=64, right=0, bottom=0}}
08-08 12:16:12.289  1703  2351 V WindowManager:         InsetsFrameProvider: {id=#3c220006, index=0, type=tappableElement, source=FRAME, flags=[], insetsSize=Insets{left=0, top=64, right=0, bottom=0}}
08-08 12:16:12.289  1703  2351 V WindowManager:         InsetsFrameProvider: {id=#3c220005, index=0, type=mandatorySystemGestures, source=FRAME, flags=[], insetsSize=Insets{left=0, top=64, right=0, bottom=0}, mMinimalInsetsSizeInDisplayCutoutSafe=Insets{left=0, top=34, right=0, bottom=0}}
08-08 12:16:12.289  1703  2351 V WindowManager:       frameRateBoostOnTouch=true
08-08 12:16:12.289  1703  2351 V WindowManager:       dvrrWindowFrameRateHint=true naviIconColor=0}
08-08 12:16:12.289  1703  2351 V WindowManager:     ROTATION_90={(0,0)(fillx68) gr=TOP CENTER_VERTICAL layoutInDisplayCutoutMode=always ty=STATUS_BAR fmt=TRANSLUCENT
08-08 12:16:12.289  1703  2351 V WindowManager:       fl=80000008
08-08 12:16:12.289  1703  2351 V WindowManager:       pfl=11000000
08-08 12:16:12.289  1703  2351 V WindowManager:       bhv=1
08-08 12:16:12.289  1703  2351 V WindowManager:       providedInsets:
08-08 12:16:12.289  1703  2351 V WindowManager:         InsetsFrameProvider: {id=#3c220000, index=0, type=statusBars, source=FRAME, flags=[], insetsSize=Insets{left=0, top=68, right=0, bottom=0}}
08-08 12:16:12.289  1703  2351 V WindowManager:         InsetsFrameProvider: {id=#3c220006, index=0, type=tappableElement, source=FRAME, flags=[], insetsSize=Insets{left=0, top=68, right=0, bottom=0}}
08-08 12:16:12.289  1703  2351 V WindowManager:         InsetsFrameProvider: {id=#3c220005, index=0, type=mandatorySystemGestures, source=FRAME, flags=[], insetsSize=Insets{left=0, top=68, right=0, bottom=0}, mMinimalInsetsSizeInDisplayCutoutSafe=Insets{left=0, top=34, right=0, bottom=0}}
08-08 12:16:12.289  1703  2351 V WindowManager:       frameRateBoostOnTouch=true
08-08 12:16:12.289  1703  2351 V WindowManager:       dvrrWindowFrameRateHint=true naviIconColor=0}
08-08 12:16:12.289  1703  2351 V WindowManager:     ROTATION_180={(0,0)(fillx64) gr=TOP CENTER_VERTICAL layoutInDisplayCutoutMode=always ty=STATUS_BAR fmt=TRANSLUCENT
08-08 12:16:12.289  1703  2351 V WindowManager:       fl=80000008
08-08 12:16:12.289  1703  2351 V WindowManager:       pfl=11000000
08-08 12:16:12.289  1703  2351 V WindowManager:       bhv=1
08-08 12:16:12.289  1703  2351 V WindowManager:       providedInsets:
08-08 12:16:12.289  1703  2351 V WindowManager:         InsetsFrameProvider: {id=#3c220000, index=0, type=statusBars, source=FRAME, flags=[], insetsSize=Insets{left=0, top=64, right=0, bottom=0}}
08-08 12:16:12.289  1703  2351 V WindowManager:         InsetsFrameProvider: {id=#3c220006, index=0, type=tappableElement, source=FRAME, flags=[], insetsSize=Insets{left=0, top=64, right=0, bottom=0}}
08-08 12:16:12.289  1703  2351 V WindowManager:         InsetsFrameProvider: {id=#3c220005, index=0, type=mandatorySystemGestures, source=FRAME, flags=[], insetsSize=Insets{left=0, top=64, right=0, bottom=0}, mMinimalInsetsSizeInDisplayCutoutSafe=Insets{left=0, top=34, right=0, bottom=0}}
08-08 12:16:12.289  1703  2351 V WindowManager:       frameRateBoostOnTouch=true
08-08 12:16:12.289  1703  2351 V WindowManager:       dvrrWindowFrameRateHint=true naviIconColor=0}
08-08 12:16:12.289  1703  2351 V WindowManager:     ROTATION_270={(0,0)(fillx68) gr=TOP CENTER_VERTICAL layoutInDisplayCutoutMode=always ty=STATUS_BAR fmt=TRANSLUCENT
08-08 12:16:12.289  1703  2351 V WindowManager:       fl=80000008
08-08 12:16:12.289  1703  2351 V WindowManager:       pfl=11000000
08-08 12:16:12.289  1703  2351 V WindowManager:       bhv=1
08-08 12:16:12.289  1703  2351 V WindowManager:       providedInsets:
08-08 12:16:12.289  1703  2351 V WindowManager:         InsetsFrameProvider: {id=#3c220000, index=0, type=statusBars, source=FRAME, flags=[], insetsSize=Insets{left=0, top=68, right=0, bottom=0}}
08-08 12:16:12.289  1703  2351 V WindowManager:         InsetsFrameProvider: {id=#3c220006, index=0, type=tappableElement, source=FRAME, flags=[], insetsSize=Insets{left=0, top=68, right=0, bottom=0}}
08-08 12:16:12.289  1703  2351 V WindowManager:         InsetsFrameProvider: {id=#3c220005, index=0, type=mandatorySystemGestures, source=FRAME, flags=[], insetsSize=Insets{left=0, top=68, right=0, bottom=0}, mMinimalInsetsSizeInDisplayCutoutSafe=Insets{left=0, top=34, right=0, bottom=0}}
08-08 12:16:12.289  1703  2351 V WindowManager:       frameRateBoostOnTouch=true
08-08 12:16:12.289  1703  2351 V WindowManager:       dvrrWindowFrameRateHint=true naviIconColor=0} naviIconColor=0}
08-08 12:16:12.289  1703  1838 I SurfaceControlRegistry: apply, t=syncBuffer_VRI[NavigationBar0]@7726d98#63_seqId<285>, caller=android.view.SurfaceControl$Transaction.apply:3135 android.view.SurfaceControl$Transaction.apply:3122 android.view.SurfaceControl$Transaction.apply:3078 com.android.server.wm.WindowAnimator.animate:380 com.android.server.wm.WindowAnimator$$ExternalSyntheticLambda1.doFrame:14 android.view.Choreographer$CallbackRecord.run:1749 
08-08 12:16:12.290  2978  2978 I InsetsSourceConsumer: applyRequestedVisibilityToControl: visible=true, type=navigationBars, host=com.sec.android.app.launcher/com.sec.android.app.launcher.activities.LauncherActivity
08-08 12:16:12.292  1230  1751 I VSyncReactor: Current= 90, Period= 90, hwcPeriod= 90
08-08 12:16:12.293  2415  3250 D VRI[StatusBar]@70126b3: Received frameDrawingCallback syncResult=0 frameNum=26934.
08-08 12:16:12.293  2415  3250 I VRI[StatusBar]@70126b3: mWNT: t=0xb400006fd245f780 mBlastBufferQueue=0xb400006fd2563800 fn= 26934 HdrRenderState mRenderHdrSdrRatio=1.0 caller= android.view.ViewRootImpl$11.onFrameDraw:15016 android.view.ThreadedRenderer$1.onFrameDraw:761 <bottom of call stack> 
08-08 12:16:12.293  2415  3250 I VRI[StatusBar]@70126b3: Setting up sync and frameCommitCallback
08-08 12:16:12.296  2415  2566 I BLASTBufferQueue: [VRI[StatusBar]@70126b3#4](f:0,a:2,s:0) producer disconnected before acquireNextBufferLocked
08-08 12:16:12.297 19135 19135 I AndroidRuntime: Using default boot image
08-08 12:16:12.297 19135 19135 I AndroidRuntime: Leaving lock profiling enabled
08-08 12:16:12.297  2415  2566 I VRI[StatusBar]@70126b3: Received frameCommittedCallback lastAttemptedDrawFrameNum=26934 didProduceBuffer=true
08-08 12:16:12.297  2415  2415 D VRI[StatusBar]@70126b3: reportDrawFinished seqId=0
08-08 12:16:12.297  2415  2415 D SystemUIService: SYSUI_RAM_OPTIMIZATION onTrimMemory=20
08-08 12:16:12.297  2415  2415 D CentralSurfaces: SYSUI_RAM_OPTIMIZATION onTrimMemory=20
08-08 12:16:12.297  1703  2546 D WindowManager: finishDrawingWindow: Window{a88b1c6 u0 StatusBar} mDrawState=DRAW_PENDING seqId=0
08-08 12:16:12.298  1703  2546 I WindowManager: finishDrawing of orientation change: Window{a88b1c6 u0 StatusBar} 329ms
08-08 12:16:12.298  1703  2546 D AsyncRotation_WindowManager: handleFinishDrawing Window{a88b1c6 u0 StatusBar}
08-08 12:16:12.298  1703  2546 D AsyncRotation_WindowManager: Complete directly Window{a88b1c6 u0 StatusBar}
08-08 12:16:12.298  1703  2546 D AsyncRotation_WindowManager: finishOp fade-in Window{a88b1c6 u0 StatusBar}
08-08 12:16:12.298  2415  2566 D HWUI    : CacheManager::trimMemory(20)
08-08 12:16:12.298  2415 11383 I BLASTBufferQueue: [VRI[NavigationBar0]@7726d98#2](f:0,a:2,s:1) transactionCommittedCallback
08-08 12:16:12.298  2415 11383 I BLASTBufferQueue: [VRI[NavigationBar0]@7726d98#2](f:0,a:2,s:0) transactionCommittedCallback mSyncedFrameNumbers.erase(21717)
08-08 12:16:12.299  1703  2546 D WindowManager: fadeWindowToken, show=true, animationType=token_transform, topWindow=Window{a88b1c6 u0 StatusBar}, token=WindowToken{8a9f225 type=2000 android.os.BinderProxy@1cb638f}, caller=com.android.server.wm.AsyncRotationController.finishOp:111 com.android.server.wm.DisplayContent.finishAsyncRotation:136 com.android.server.wm.WindowState.finishDrawing:571 com.android.server.wm.Session.finishDrawing:153 android.view.IWindowSession$Stub.onTransact:926 
08-08 12:16:12.299  1703  2546 I WindowManager: Cancelling animation restarting=true, leash=Surface(name=Surface(name=WindowToken{8a9f225 type=2000 android.os.BinderProxy@1cb638f})/@0x99debaa - animation-leash of token_transform)/@0xf494c7f
08-08 12:16:12.299  1703  2546 I WindowManager: Reparenting to original parent: Surface(name=Leaf:15:15)/@0x21e0fb0, destroy=false, syncState=0, syncCommitDepth=0, surface=Surface(name=WindowToken{8a9f225 type=2000 android.os.BinderProxy@1cb638f})/@0x99debaa
08-08 12:16:12.299  2415  2415 W Settings: Setting accessibility_reduce_transparency has moved from android.provider.Settings.System to android.provider.Settings.Global, returning read-only global URI.
08-08 12:16:12.299 19135 19135 D SecNativeFeatureCppIf: encoded
08-08 12:16:12.299  2415  2415 D SystemUITextView: mOriginalFontSizeDp 25.955555  com.android.systemui.widget.SystemUITextView{711e36f V.ED..... ......ID 0,0-0,0 #7f0a0388 app:id/digit_text}
08-08 12:16:12.299  2415  2415 D SystemUITextView: onAttachedToWindow mAttrCount = 7
08-08 12:16:12.299 19135 19135 D SecNativeFeatureCppIf: decoding and unzip finish
08-08 12:16:12.299 19135 19135 D SecNativeFeatureCppIf: use unCompDataBuff. encoded
08-08 12:16:12.299  1703  2546 I WindowManager: Reparenting to leash, surface=Surface(name=WindowToken{8a9f225 type=2000 android.os.BinderProxy@1cb638f})/@0x99debaa, syncState=0, syncCommitDepth=0, leashParent=Surface(name=Leaf:15:15)/@0x21e0fb0
08-08 12:16:12.299  2415  2415 D WallpaperEventNotifier: sendUpdates: typesTobeNotified = [ | | | BACKGROUND | ]
08-08 12:16:12.299  2415  2415 D SystemUITextView: updateStyle() flag=0,200 : com.android.systemui.widget.SystemUITextView{711e36f V.ED..... ......ID 0,0-0,0 #7f0a0388 app:id/digit_text}
08-08 12:16:12.300 19135 19135 D SecNativeFeatureCppIf: Free unCompDataBuff
08-08 12:16:12.300 19135 19135 D AndroidRuntime: addProductProperty not brand or 7
08-08 12:16:12.300  2415  2415 D SFText  : clearAllTextEffect
08-08 12:16:12.300  1230  1751 I BufferQueueDebug: [Surface(name=WindowToken{8a9f225 type=2000 android.os.BinderProxy@1cb638f})/@0x99debaa - animation-leash of token_transform#22271](this:0xb40000746d0788a0,id:-1,api:0,p:-1,c:-1) BufferQueue core=(1230:/system/bin/surfaceflinger)
08-08 12:16:12.300  2415  2415 W Settings: Setting accessibility_reduce_transparency has moved from android.provider.Settings.System to android.provider.Settings.Global, returning read-only global URI.
08-08 12:16:12.301  2415  2415 D SystemUITextView: mOriginalFontSizeDp 8.888889  com.android.systemui.widget.SystemUITextView{7412505 V.ED..... ......ID 0,0-0,0 #7f0a05d7 app:id/klondike_text}
08-08 12:16:12.301  2415  2415 D SystemUITextView: onAttachedToWindow mAttrCount = 7
08-08 12:16:12.301  2415  2415 D WallpaperEventNotifier: sendUpdates: typesTobeNotified = [ | | | BACKGROUND | ]
08-08 12:16:12.301  2415  2415 D SystemUITextView: updateStyle() flag=0,200 : com.android.systemui.widget.SystemUITextView{7412505 V.ED..... ......ID 0,0-0,0 #7f0a05d7 app:id/klondike_text}
08-08 12:16:12.301  2415  2415 D SFText  : clearAllTextEffect
08-08 12:16:12.302  2415  2415 W Settings: Setting accessibility_reduce_transparency has moved from android.provider.Settings.System to android.provider.Settings.Global, returning read-only global URI.
08-08 12:16:12.302  1230  1751 I SurfaceFlinger: id=22271 createSurf, flag=24004, Surface(name=WindowToken{8a9f225 type=2000 android.os.BinderProxy@1cb638f})/@0x99debaa - animation-leash of token_transform#22271
08-08 12:16:12.302  2415  2415 D SystemUITextView: mOriginalFontSizeDp 25.955555  com.android.systemui.widget.SystemUITextView{2b40068 V.ED..... ......ID 0,0-0,0 #7f0a0388 app:id/digit_text}
08-08 12:16:12.302  2415  2415 D SystemUITextView: onAttachedToWindow mAttrCount = 7
08-08 12:16:12.302  2415  2415 D WallpaperEventNotifier: sendUpdates: typesTobeNotified = [ | | | BACKGROUND | ]
08-08 12:16:12.302  1703  2546 D WindowManager: makeSurface duration=2 leash=Surface(name=Surface(name=WindowToken{8a9f225 type=2000 android.os.BinderProxy@1cb638f})/@0x99debaa - animation-leash of token_transform)/@0x1cad9a
08-08 12:16:12.302  2415  2415 D SystemUITextView: updateStyle() flag=0,200 : com.android.systemui.widget.SystemUITextView{2b40068 V.ED..... ......ID 0,0-0,0 #7f0a0388 app:id/digit_text}
08-08 12:16:12.302  2415  2415 D SFText  : clearAllTextEffect
08-08 12:16:12.302  1703  2546 D AsyncRotation_WindowManager: onAllCompleted
08-08 12:16:12.302  2415  2415 W Settings: Setting accessibility_reduce_transparency has moved from android.provider.Settings.System to android.provider.Settings.Global, returning read-only global URI.
08-08 12:16:12.302  2415  2415 D SystemUITextView: mOriginalFontSizeDp 8.888889  com.android.systemui.widget.SystemUITextView{9bed126 V.ED..... ......ID 0,0-0,0 #7f0a05d7 app:id/klondike_text}
08-08 12:16:12.302  2415  2415 D SystemUITextView: onAttachedToWindow mAttrCount = 7
08-08 12:16:12.302  2415  2415 D WallpaperEventNotifier: sendUpdates: typesTobeNotified = [ | | | BACKGROUND | ]
08-08 12:16:12.302  2415  2415 D SystemUITextView: updateStyle() flag=0,200 : com.android.systemui.widget.SystemUITextView{9bed126 V.ED..... ......ID 0,0-0,0 #7f0a05d7 app:id/klondike_text}
08-08 12:16:12.302  2415  2415 D SFText  : clearAllTextEffect
08-08 12:16:12.303  2415  2415 W Settings: Setting accessibility_reduce_transparency has moved from android.provider.Settings.System to android.provider.Settings.Global, returning read-only global URI.
08-08 12:16:12.303  2415  2415 D SystemUITextView: mOriginalFontSizeDp 25.955555  com.android.systemui.widget.SystemUITextView{2fcbb14 V.ED..... ......ID 0,0-0,0 #7f0a0388 app:id/digit_text}
08-08 12:16:12.303  2415  2415 D SystemUITextView: onAttachedToWindow mAttrCount = 7
08-08 12:16:12.303  2415  2415 D WallpaperEventNotifier: sendUpdates: typesTobeNotified = [ | | | BACKGROUND | ]
08-08 12:16:12.303  2415  2415 D SystemUITextView: updateStyle() flag=0,200 : com.android.systemui.widget.SystemUITextView{2fcbb14 V.ED..... ......ID 0,0-0,0 #7f0a0388 app:id/digit_text}
08-08 12:16:12.303  2415  2415 D SFText  : clearAllTextEffect
08-08 12:16:12.303  1703  1838 V WindowManager: performShowLocked: mDrawState=HAS_DRAWN in Window{a88b1c6 u0 StatusBar}
08-08 12:16:12.303  2415  2415 W Settings: Setting accessibility_reduce_transparency has moved from android.provider.Settings.System to android.provider.Settings.Global, returning read-only global URI.
08-08 12:16:12.303  2415  2415 D SystemUITextView: mOriginalFontSizeDp 8.888889  com.android.systemui.widget.SystemUITextView{b6d9b2 V.ED..... ......ID 0,0-0,0 #7f0a05d7 app:id/klondike_text}
08-08 12:16:12.303  2415  2415 D SystemUITextView: onAttachedToWindow mAttrCount = 7
08-08 12:16:12.303  2415  2415 D WallpaperEventNotifier: sendUpdates: typesTobeNotified = [ | | | BACKGROUND | ]
08-08 12:16:12.303  2415  2415 D SystemUITextView: updateStyle() flag=0,200 : com.android.systemui.widget.SystemUITextView{b6d9b2 V.ED..... ......ID 0,0-0,0 #7f0a05d7 app:id/klondike_text}
08-08 12:16:12.303  2415  2415 D SFText  : clearAllTextEffect
08-08 12:16:12.304  2415  2415 W Settings: Setting accessibility_reduce_transparency has moved from android.provider.Settings.System to android.provider.Settings.Global, returning read-only global URI.
08-08 12:16:12.304  2415  2415 D SystemUITextView: mOriginalFontSizeDp 25.955555  com.android.systemui.widget.SystemUITextView{4747480 V.ED..... ......ID 0,0-0,0 #7f0a0388 app:id/digit_text}
08-08 12:16:12.304  2415  2415 D SystemUITextView: onAttachedToWindow mAttrCount = 7
08-08 12:16:12.304  2415  2415 D WallpaperEventNotifier: sendUpdates: typesTobeNotified = [ | | | BACKGROUND | ]
08-08 12:16:12.304  2415  2415 D SystemUITextView: updateStyle() flag=0,200 : com.android.systemui.widget.SystemUITextView{4747480 V.ED..... ......ID 0,0-0,0 #7f0a0388 app:id/digit_text}
08-08 12:16:12.304  2415  2415 D SFText  : clearAllTextEffect
08-08 12:16:12.305  2415  2415 W Settings: Setting accessibility_reduce_transparency has moved from android.provider.Settings.System to android.provider.Settings.Global, returning read-only global URI.
08-08 12:16:12.305  2415  2415 D SystemUITextView: mOriginalFontSizeDp 8.888889  com.android.systemui.widget.SystemUITextView{eb4defe V.ED..... ......ID 0,0-0,0 #7f0a05d7 app:id/klondike_text}
08-08 12:16:12.305  2415  2415 D SystemUITextView: onAttachedToWindow mAttrCount = 7
08-08 12:16:12.305  2415  2415 D WallpaperEventNotifier: sendUpdates: typesTobeNotified = [ | | | BACKGROUND | ]
08-08 12:16:12.305  2415  2415 D SystemUITextView: updateStyle() flag=0,200 : com.android.systemui.widget.SystemUITextView{eb4defe V.ED..... ......ID 0,0-0,0 #7f0a05d7 app:id/klondike_text}
08-08 12:16:12.305  2415  2415 D SFText  : clearAllTextEffect
08-08 12:16:12.305  2415  2415 W Settings: Setting accessibility_reduce_transparency has moved from android.provider.Settings.System to android.provider.Settings.Global, returning read-only global URI.
08-08 12:16:12.305  2415  2415 D SystemUITextView: mOriginalFontSizeDp 25.955555  com.android.systemui.widget.SystemUITextView{2ec58ac V.ED..... ......ID 0,0-0,0 #7f0a0388 app:id/digit_text}
08-08 12:16:12.305  2415  2415 D SystemUITextView: onAttachedToWindow mAttrCount = 7
08-08 12:16:12.305  2415  2415 D WallpaperEventNotifier: sendUpdates: typesTobeNotified = [ | | | BACKGROUND | ]
08-08 12:16:12.305  2415  2415 D SystemUITextView: updateStyle() flag=0,200 : com.android.systemui.widget.SystemUITextView{2ec58ac V.ED..... ......ID 0,0-0,0 #7f0a0388 app:id/digit_text}
08-08 12:16:12.306  2415  2415 D SFText  : clearAllTextEffect
08-08 12:16:12.306  2415  2415 W Settings: Setting accessibility_reduce_transparency has moved from android.provider.Settings.System to android.provider.Settings.Global, returning read-only global URI.
08-08 12:16:12.306  2415  2415 D SystemUITextView: mOriginalFontSizeDp 8.888889  com.android.systemui.widget.SystemUITextView{8fbed0a V.ED..... ......ID 0,0-0,0 #7f0a05d7 app:id/klondike_text}
08-08 12:16:12.306  2415  2415 D SystemUITextView: onAttachedToWindow mAttrCount = 7
08-08 12:16:12.306  2415  2415 D WallpaperEventNotifier: sendUpdates: typesTobeNotified = [ | | | BACKGROUND | ]
08-08 12:16:12.306  2415  2415 D SystemUITextView: updateStyle() flag=0,200 : com.android.systemui.widget.SystemUITextView{8fbed0a V.ED..... ......ID 0,0-0,0 #7f0a05d7 app:id/klondike_text}
08-08 12:16:12.306  2415  2415 D SFText  : clearAllTextEffect
08-08 12:16:12.307  2415  2415 W Settings: Setting accessibility_reduce_transparency has moved from android.provider.Settings.System to android.provider.Settings.Global, returning read-only global URI.
08-08 12:16:12.307  2415  2415 D SystemUITextView: mOriginalFontSizeDp 25.955555  com.android.systemui.widget.SystemUITextView{41c5398 V.ED..... ......ID 0,0-0,0 #7f0a0388 app:id/digit_text}
08-08 12:16:12.307  2415  2415 D SystemUITextView: onAttachedToWindow mAttrCount = 7
08-08 12:16:12.307  2415  2415 D WallpaperEventNotifier: sendUpdates: typesTobeNotified = [ | | | BACKGROUND | ]
08-08 12:16:12.307  2415  2415 D SystemUITextView: updateStyle() flag=0,200 : com.android.systemui.widget.SystemUITextView{41c5398 V.ED..... ......ID 0,0-0,0 #7f0a0388 app:id/digit_text}
08-08 12:16:12.307  2415  2415 D SFText  : clearAllTextEffect
08-08 12:16:12.307  2415  2415 W Settings: Setting accessibility_reduce_transparency has moved from android.provider.Settings.System to android.provider.Settings.Global, returning read-only global URI.
08-08 12:16:12.307  2415  2415 D SystemUITextView: mOriginalFontSizeDp 8.888889  com.android.systemui.widget.SystemUITextView{3f3cfd6 V.ED..... ......ID 0,0-0,0 #7f0a05d7 app:id/klondike_text}
08-08 12:16:12.307  2415  2415 D SystemUITextView: onAttachedToWindow mAttrCount = 7
08-08 12:16:12.307  2415  2415 D WallpaperEventNotifier: sendUpdates: typesTobeNotified = [ | | | BACKGROUND | ]
08-08 12:16:12.307  2415  2415 D SystemUITextView: updateStyle() flag=0,200 : com.android.systemui.widget.SystemUITextView{3f3cfd6 V.ED..... ......ID 0,0-0,0 #7f0a05d7 app:id/klondike_text}
08-08 12:16:12.307  2415  2415 D SFText  : clearAllTextEffect
08-08 12:16:12.307  1703  2546 W UriGrantsManagerService: No permission grants found for com.google.android.apps.photos
08-08 12:16:12.308  1703  2546 W UriGrantsManagerService: No permission grants found for com.google.android.apps.photos
08-08 12:16:12.308  2415  2415 W Settings: Setting accessibility_reduce_transparency has moved from android.provider.Settings.System to android.provider.Settings.Global, returning read-only global URI.
08-08 12:16:12.308  2415  2415 D SystemUITextView: mOriginalFontSizeDp 25.955555  com.android.systemui.widget.SystemUITextView{f4f1144 V.ED..... ......ID 0,0-0,0 #7f0a0388 app:id/digit_text}
08-08 12:16:12.308  2415  2415 D SystemUITextView: onAttachedToWindow mAttrCount = 7
08-08 12:16:12.308  2415  2415 D WallpaperEventNotifier: sendUpdates: typesTobeNotified = [ | | | BACKGROUND | ]
08-08 12:16:12.308  2415  2415 D SystemUITextView: updateStyle() flag=0,200 : com.android.systemui.widget.SystemUITextView{f4f1144 V.ED..... ......ID 0,0-0,0 #7f0a0388 app:id/digit_text}
08-08 12:16:12.308  2415  2415 D SFText  : clearAllTextEffect
08-08 12:16:12.308  1230  1668 D DisplayModeController: setDesiredMode 4627039422300187648 {mode={fps=90.00 Hz, modePtr={id=0, vsyncRate=90.00 Hz, peakRefreshRate=90.00 Hz}}, emitEvent=true, force=false}
08-08 12:16:12.308  2415  2415 W Settings: Setting accessibility_reduce_transparency has moved from android.provider.Settings.System to android.provider.Settings.Global, returning read-only global URI.
08-08 12:16:12.308  2415  2415 D SystemUITextView: mOriginalFontSizeDp 8.888889  com.android.systemui.widget.SystemUITextView{b51362 V.ED..... ......ID 0,0-0,0 #7f0a05d7 app:id/klondike_text}
08-08 12:16:12.309  2415  2415 D SystemUITextView: onAttachedToWindow mAttrCount = 7
08-08 12:16:12.309  2415  2415 D WallpaperEventNotifier: sendUpdates: typesTobeNotified = [ | | | BACKGROUND | ]
08-08 12:16:12.309  2415  2415 D SystemUITextView: updateStyle() flag=0,200 : com.android.systemui.widget.SystemUITextView{b51362 V.ED..... ......ID 0,0-0,0 #7f0a05d7 app:id/klondike_text}
08-08 12:16:12.309  2415  2415 D SFText  : clearAllTextEffect
08-08 12:16:12.309  2415  2415 W Settings: Setting accessibility_reduce_transparency has moved from android.provider.Settings.System to android.provider.Settings.Global, returning read-only global URI.
08-08 12:16:12.309  2415  2415 D SystemUITextView: mOriginalFontSizeDp 25.955555  com.android.systemui.widget.SystemUITextView{3cdfdb0 V.ED..... ......ID 0,0-0,0 #7f0a0388 app:id/digit_text}
08-08 12:16:12.309  2415  2415 D SystemUITextView: onAttachedToWindow mAttrCount = 7
08-08 12:16:12.309  2415  2415 D WallpaperEventNotifier: sendUpdates: typesTobeNotified = [ | | | BACKGROUND | ]
08-08 12:16:12.309  2415  2415 D SystemUITextView: updateStyle() flag=0,200 : com.android.systemui.widget.SystemUITextView{3cdfdb0 V.ED..... ......ID 0,0-0,0 #7f0a0388 app:id/digit_text}
08-08 12:16:12.309  2415  2415 D SFText  : clearAllTextEffect
08-08 12:16:12.310  2415  2415 W Settings: Setting accessibility_reduce_transparency has moved from android.provider.Settings.System to android.provider.Settings.Global, returning read-only global URI.
08-08 12:16:12.310  2415  2415 D SystemUITextView: mOriginalFontSizeDp 8.888889  com.android.systemui.widget.SystemUITextView{75503ae V.ED..... ......ID 0,0-0,0 #7f0a05d7 app:id/klondike_text}
08-08 12:16:12.310  2415  2415 D SystemUITextView: onAttachedToWindow mAttrCount = 7
08-08 12:16:12.310  2415  2415 D WallpaperEventNotifier: sendUpdates: typesTobeNotified = [ | | | BACKGROUND | ]
08-08 12:16:12.310  2415  2415 D SystemUITextView: updateStyle() flag=0,200 : com.android.systemui.widget.SystemUITextView{75503ae V.ED..... ......ID 0,0-0,0 #7f0a05d7 app:id/klondike_text}
08-08 12:16:12.310  2415  2415 D SFText  : clearAllTextEffect
08-08 12:16:12.310  2415  2415 W Settings: Setting accessibility_reduce_transparency has moved from android.provider.Settings.System to android.provider.Settings.Global, returning read-only global URI.
08-08 12:16:12.310  2415  2415 D SystemUITextView: mOriginalFontSizeDp 25.955555  com.android.systemui.widget.SystemUITextView{a0d44dc V.ED..... ......ID 0,0-0,0 #7f0a0388 app:id/digit_text}
08-08 12:16:12.310  2415  2415 D SystemUITextView: onAttachedToWindow mAttrCount = 7
08-08 12:16:12.311  2415  2415 D WallpaperEventNotifier: sendUpdates: typesTobeNotified = [ | | | BACKGROUND | ]
08-08 12:16:12.311  2415  2415 D SystemUITextView: updateStyle() flag=0,200 : com.android.systemui.widget.SystemUITextView{a0d44dc V.ED..... ......ID 0,0-0,0 #7f0a0388 app:id/digit_text}
08-08 12:16:12.311  2415  2415 D SFText  : clearAllTextEffect
08-08 12:16:12.311  2415  2415 W Settings: Setting accessibility_reduce_transparency has moved from android.provider.Settings.System to android.provider.Settings.Global, returning read-only global URI.
08-08 12:16:12.311  2415  2415 D SystemUITextView: mOriginalFontSizeDp 8.888889  com.android.systemui.widget.SystemUITextView{9f1acba V.ED..... ......ID 0,0-0,0 #7f0a05d7 app:id/klondike_text}
08-08 12:16:12.311  2415  2415 D SystemUITextView: onAttachedToWindow mAttrCount = 7
08-08 12:16:12.311  2415  2415 D WallpaperEventNotifier: sendUpdates: typesTobeNotified = [ | | | BACKGROUND | ]
08-08 12:16:12.311  2415  2415 D SystemUITextView: updateStyle() flag=0,200 : com.android.systemui.widget.SystemUITextView{9f1acba V.ED..... ......ID 0,0-0,0 #7f0a05d7 app:id/klondike_text}
08-08 12:16:12.311  2415  2415 D SFText  : clearAllTextEffect
08-08 12:16:12.312  2415  2415 W Settings: Setting accessibility_reduce_transparency has moved from android.provider.Settings.System to android.provider.Settings.Global, returning read-only global URI.
08-08 12:16:12.312  2415  2415 D SystemUITextView: mOriginalFontSizeDp 25.955555  com.android.systemui.widget.SystemUITextView{b97d2c8 V.ED..... ......ID 0,0-0,0 #7f0a0388 app:id/digit_text}
08-08 12:16:12.312  2415  2415 D SystemUITextView: onAttachedToWindow mAttrCount = 7
08-08 12:16:12.312  2415  2415 D WallpaperEventNotifier: sendUpdates: typesTobeNotified = [ | | | BACKGROUND | ]
08-08 12:16:12.312  2415  2415 D SystemUITextView: updateStyle() flag=0,200 : com.android.systemui.widget.SystemUITextView{b97d2c8 V.ED..... ......ID 0,0-0,0 #7f0a0388 app:id/digit_text}
08-08 12:16:12.312  2415  2415 D SFText  : clearAllTextEffect
08-08 12:16:12.312  2415  2415 W Settings: Setting accessibility_reduce_transparency has moved from android.provider.Settings.System to android.provider.Settings.Global, returning read-only global URI.
08-08 12:16:12.312  2415  2415 D SystemUITextView: mOriginalFontSizeDp 8.888889  com.android.systemui.widget.SystemUITextView{c7dda86 V.ED..... ......ID 0,0-0,0 #7f0a05d7 app:id/klondike_text}
08-08 12:16:12.312  2415  2415 D SystemUITextView: onAttachedToWindow mAttrCount = 7
08-08 12:16:12.312  2415  2415 D WallpaperEventNotifier: sendUpdates: typesTobeNotified = [ | | | BACKGROUND | ]
08-08 12:16:12.312  2415  2415 D SystemUITextView: updateStyle() flag=0,200 : com.android.systemui.widget.SystemUITextView{c7dda86 V.ED..... ......ID 0,0-0,0 #7f0a05d7 app:id/klondike_text}
08-08 12:16:12.313  2415  2415 D SFText  : clearAllTextEffect
08-08 12:16:12.313  2415  2415 D DisplayLifecycle: updateDisplay id = 0
08-08 12:16:12.313  2415  2415 I VRI[LockscreenShortcutBlur]@3e2667: onDisplayChanged oldDisplayState=2 newDisplayState=2
08-08 12:16:12.314  2415  2415 I VRI[NavigationBar0]@7726d98: onDisplayChanged oldDisplayState=2 newDisplayState=2
