08-08 12:16:12.314  2415  2415 I VRI[NotificationShade]@cd30b6c: onDisplayChanged oldDisplayState=2 newDisplayState=2
08-08 12:16:12.314  2415  2415 I VRI[StatusBar]@70126b3: onDisplayChanged oldDisplayState=2 newDisplayState=2
08-08 12:16:12.314  2415  2415 W ConstraintSet: id unknown bouncer_status_bar_area_root
08-08 12:16:12.314  2415  2415 W ConstraintSet: id unknown keyguard_arrow_view
08-08 12:16:12.314  2415  2415 W ConstraintSet: id unknown keyguard_punch_hole_vi_view
08-08 12:16:12.314  2415  2415 W ConstraintSet: id unknown keyguard_biometric_view
08-08 12:16:12.315  2415  2415 W ConstraintSet: id unknown view_flipper
08-08 12:16:12.315  2415  2415 W ConstraintSet: id unknown bouncer_status_bar_area_root
08-08 12:16:12.315  2415  2415 W ConstraintSet: id unknown keyguard_arrow_view
08-08 12:16:12.315  2415  2415 W ConstraintSet: id unknown keyguard_punch_hole_vi_view
08-08 12:16:12.316 19135 19135 I app_process: Using CollectorTypeCMC GC.
08-08 12:16:12.317  2415  2415 D SystemUIImageView: apply style: default
08-08 12:16:12.317  2415  2415 D KeyguardPunchHoleVIView: startVI() - return, face recognition is stopped
08-08 12:16:12.317  2415  2415 D KeyguardPunchHoleVIView_Bouncer: startVI() - return, face recognition is stopped
08-08 12:16:12.318  2415  2415 I LockscreenNotificationIconsOnlyController: onNotificationInfoUpdated 0
08-08 12:16:12.318  2415  2415 I AODNotificationManager: updateNotification() 
08-08 12:16:12.319  1230  1230 I SurfaceFlinger: onHandleDestroyed: name=Surface(name=WindowToken{8a9f225 type=2000 android.os.BinderProxy@1cb638f})/@0x99debaa - animation-leash of token_transform#22258, layerId=22258, parentId=0
08-08 12:16:12.319  1230  1230 I SurfaceFlinger: id=22258 Removed Surface(name=WindowToken{8a9f225 type=2000 android.os.BinderProxy@1cb638f})/@0x99debaa - animation-leash of token_transform#22258 (196)
08-08 12:16:12.319  2415  2415 W KeyguardSecurityViewFlipper: onMeasure: widthSpec MeasureSpec: EXACTLY 2209 should be AT_MOST
08-08 12:16:12.319  2415  2415 W KeyguardSecurityViewFlipper: onMeasure: heightSpec MeasureSpec: EXACTLY 945 should be AT_MOST
08-08 12:16:12.322  2415  2415 W KeyguardSecurityViewFlipper: onMeasure: widthSpec MeasureSpec: EXACTLY 2209 should be AT_MOST
08-08 12:16:12.322  2415  2415 W KeyguardSecurityViewFlipper: onMeasure: heightSpec MeasureSpec: EXACTLY 945 should be AT_MOST
08-08 12:16:12.322 19181 19181 I GTS_CELL:  version 1.2.28
08-08 12:16:12.327  2415  2415 D VRI[NavigationBar0]@7726d98: cancelDraw returned false
08-08 12:16:12.327  2415  2415 D NavBarStateManager: NavBarStates(0) canUseNavBarBackgroundFrame: false
08-08 12:16:12.336  1230  1230 I Layer   : id=22258 Destroyed Surface(name=WindowToken{8a9f225 type=2000 android.os.BinderProxy@1cb638f})/@0x99debaa - animation-leash of token_transform#22258
08-08 12:16:12.336  1230  1230 I BufferQueueDebug: [Surface(name=WindowToken{8a9f225 type=2000 android.os.BinderProxy@1cb638f})/@0x99debaa - animation-leash of token_transform#22258](this:0xb40000746d7d28a0,id:-1,api:0,p:-1,c:1230) onDestructor()
08-08 12:16:12.336  1230  1230 D DisplayModeController: setDesiredMode 4627039422300187648 {mode={fps=90.00 Hz, modePtr={id=0, vsyncRate=90.00 Hz, peakRefreshRate=90.00 Hz}}, emitEvent=true, force=false}
08-08 12:16:12.339  2415  2415 D DefaultDeviceEntrySection: isUdfpsSupported=false
08-08 12:16:12.339  1230  1230 D SurfaceFlinger: Display 4627039422300187648 HWC layers:
08-08 12:16:12.339  1230  1230 D SurfaceFlinger:        DEVICE |   0xb4000074793af740 | 0000 | RGBA_8888    |    0.0    0.0 1080.0 2408.0 |    0    0 1080 2408 | Wallpaper BBQ wrapper 5_system#76 (1)
08-08 12:16:12.339  1230  1230 D SurfaceFlinger:        DEVICE |   0xb4000074793af880 | 0001 | RGBA_8888    |    0.0    0.0 1080.0 2408.0 |    0    0 1080 2408 | com.sec.android.app.launcher/com.sec[...]ivities.LauncherActivity$_2978#22260 (25)
08-08 12:16:12.339  1230  1230 D SurfaceFlinger:        DEVICE |   0xb4000074793ad940 | 0001 | RGBA_8888    |    0.0    0.0 1080.0   64.0 |    0    0 1080   64 | StatusBar$_2415#98 (26934)
08-08 12:16:12.339  1230  1230 D SurfaceFlinger:        DEVICE |   0xb40000746d6ad3c0 | 0001 | RGBA_8888    |    0.0    0.0 1080.0  135.0 |    0 2273 1080 2408 | NavigationBar0$_2415#94 (21718)
08-08 12:16:12.339  1230  1230 D SurfaceFlinger: 
08-08 12:16:12.342  1230  1296 I VSyncReactor: Current= 90, Period= 90, hwcPeriod= 90
08-08 12:16:12.345  1703  1878 D ForegroundServiceMgr: op [android:monitor_location_high_power] access time
08-08 12:16:12.345  1703  1878 D ForegroundServiceMgr: op [android:manage_external_storage] access time
08-08 12:16:12.345  1703  1878 D ForegroundServiceMgr: op [android:write_media_video] access time
08-08 12:16:12.345  1703  1878 D ForegroundServiceMgr: op [android:read_device_identifiers] access time
08-08 12:16:12.345  1703  1878 D ForegroundServiceMgr: op [android:write_media_audio] access time
08-08 12:16:12.345  1703  1878 D ForegroundServiceMgr: op [android:access_media_location] access time
08-08 12:16:12.345  1703  1878 D ForegroundServiceMgr: op [android:write_settings] access time
08-08 12:16:12.345  1703  1878 D ForegroundServiceMgr: op [android:monitor_location] access time
08-08 12:16:12.345  1703  1878 D ForegroundServiceMgr: op [android:read_clipboard] access time
08-08 12:16:12.345  1703  1878 D ForegroundServiceMgr: op [android:start_foreground] access time
08-08 12:16:12.345  1703  1878 D ForegroundServiceMgr: op [android:gps] access time
08-08 12:16:12.345  1703  1878 D ForegroundServiceMgr: op [android:wifi_scan] access time
08-08 12:16:12.345  1703  1878 D ForegroundServiceMgr: op [android:use_icc_auth_with_device_identifier] access time
08-08 12:16:12.345  1703  1878 D ForegroundServiceMgr: op [android:write_sms] access time
08-08 12:16:12.345  1703  1878 D ForegroundServiceMgr: op [android:record_audio] access time
08-08 12:16:12.346  1703  1878 D ForegroundServiceMgr: access at 1754680560000, 2025/08/08 12:16
08-08 12:16:12.346  1703  1878 D ForegroundServiceMgr: op [android:request_delete_packages] access time
08-08 12:16:12.346  1703  1878 D ForegroundServiceMgr: op [android:fine_location] access time
08-08 12:16:12.346  1703  1878 D ForegroundServiceMgr: access at 1754680560000, 2025/08/08 12:16
08-08 12:16:12.346  1703  1878 D ForegroundServiceMgr: op [android:wake_lock] access time
08-08 12:16:12.346  1703  1878 D ForegroundServiceMgr: op [android:write_media_images] access time
08-08 12:16:12.346  1703  1878 D ForegroundServiceMgr: op [android:access_restricted_settings] access time
08-08 12:16:12.346  1703  1878 D ForegroundServiceMgr: op [android:read_phone_numbers] access time
08-08 12:16:12.361  1166  1204 E HfLooper: eventConvertAll, lux = 988.000000
08-08 12:16:12.370  1163  1177 I hwcomposer: [HWCDisplay] (0 updateFps():3732), (type:1, mode:2) fps:60.857220,dur:1002.35,max:210.05,min:8.20  
08-08 12:16:12.410 19181 19181 I Routine@Core[4.8.02.28]: Routine: Routine:onCreate: sIsDebugLevelMid=false, secLevel=false
08-08 12:16:12.412  4297  4470 I SemDvfsHyPerManager: acquire hyper - TABaseBoost/4297@1, type = -999
08-08 12:16:12.414  1170  1212 I HYPER-HAL: [RequestManager.cpp]acquire(): Acquired ID : 9238552  [4297 / 1]    HINT :      list : [TABoost / 0] 
08-08 12:16:12.427 19181 19181 I Routine@Core[4.8.02.28]: SALogger: setConfiguration start
08-08 12:16:12.429 19181 19181 I SamsungAnalytics605073: Tracker start:6.05.073
08-08 12:16:12.429 19181 19181 I Routine@Core[4.8.02.28]: SALogger: registerSharedPreferences()
08-08 12:16:12.429 19181 19181 I Routine@Core[4.8.02.28]: SALogger: setConfiguration done
08-08 12:16:12.430 19181 19181 I DIAGMON_SDK[605073]: DiagMonAgent type: 2
08-08 12:16:12.430 19181 19181 I DIAGMON_SDK[605073][br23r9jsjw] : generated SR object
08-08 12:16:12.432 19181 19181 I CapsuleProvider_1.0.29: releasing initialize wait lock.
08-08 12:16:12.433 19181 19181 I b_1.0.29: initialized
08-08 12:16:12.435 19181 19181 I Routine@Core[4.8.02.28]: Routine: Routine::initWearFeatures - initializeWearFeature - isDefaultProcess :true
08-08 12:16:12.438 19181 19212 I Routine@Core[4.8.02.28]: GooglePlayServiceChecker: isPackageEnabled: com.google.android.gms - result(true)
08-08 12:16:12.441 19181 19212 I Routine@Core[4.8.02.28]: WEAR/WearSyncObserver: registerObservers: registered
08-08 12:16:12.441 19181 19212 I Routine@Core[4.8.02.28]: GooglePlayServiceChecker: isPackageEnabled: com.google.android.gms - result(true)
08-08 12:16:12.442 19181 19212 I Routine@Core[4.8.02.28]: WEAR/ModeManagerImpl: start(3f7132e)
08-08 12:16:12.442 19181 19208 I SamsungAnalytics605073: register setting status
08-08 12:16:12.455 19181 19212 I Routine@Core[4.8.02.28]: ModeLocalDataSource: isCompanionWatchSupportModeMirror, result: false
08-08 12:16:12.455 19181 19212 I Routine@Core[4.8.02.28]: GooglePlayServiceChecker: isPackageEnabled: com.google.android.gms - result(true)
08-08 12:16:12.455 19181 19212 I Routine@Core[4.8.02.28]: WearNodeManagerImpl: getNodeOfCompanionWatchSupportModeMirror: onlyNearby - false
08-08 12:16:12.456 19181 19212 I Routine@Core[4.8.02.28]: GooglePlayServiceChecker: isPackageEnabled: com.google.android.gms - result(true)
08-08 12:16:12.462 19181 19211 I Routine@Core[4.8.02.28]: Pref: putSharedPrefsData: key=debug_mode_features, data.size=662
08-08 12:16:12.463  1703 24968 D SemWifiUsabilityStatsMonitor: onWifiUsabilityStats - seqNum 19282, isSameBssidAndFreq true
08-08 12:16:12.464 19181 19211 I Routine@Core[4.8.02.28]: DebugModeRepository: initialized.
08-08 12:16:12.464  1703  2200 D ConnectivityService: notifyType CALLBACK_CAP_CHANGED for [111 WIFI]
08-08 12:16:12.466  1703  2234 D SemWifiApNsd:Client: lpInterface:wlan0
08-08 12:16:12.466  1703  2234 D SemWifiSwitchForIndividualAppsService: stopTCPMonitoring : already stopped
08-08 12:16:12.466  1703  2234 I WifiConnectivityMonitor.NCC: sNetworkCallback(oCC) FULL : 111(valid: true/captive: false)
08-08 12:16:12.467  1703  2234 I WifiConnectivityMonitor.NCC: [ Transports: WIFI Capabilities: NOT_METERED&INTERNET&NOT_RESTRICTED&TRUSTED&NOT_VPN&VALIDATED&NOT_ROAMING&FOREGROUND&NOT_CONGESTED&NOT_SUSPENDED&NOT_VCN_MANAGED&NOT_BANDWIDTH_CONSTRAINED LinkUpBandwidth>=12000Kbps LinkDnBandwidth>=60000Kbps TransportInfo: <SSID: <unknown ssid>, BSSID: 02:00:00:**:**:00, MAC: 02:00:00:**:**:00, IP: /192.***.*.26, Security type: 2, Supplicant state: COMPLETED, Wi-Fi standard: 11ac, RSSI: -53, Link speed: 292Mbps, Tx Link speed: 292Mbps, Max Supported Tx Link speed: 433Mbps, Rx Link speed: 6Mbps, Max Supported Rx Link speed: 433Mbps, Frequency: 5200MHz, Net ID: -1, Metered hint: false, score: 60, isUsable: true, CarrierMerged: false, SubscriptionId: -1, IsPrimary: 1, Trusted: true, Restricted: false, Ephemeral: false, OEM paid: false, OEM private: false, OSU AP: false, FQDN: <none>, Provider friendly name: <none>, Requesting package name: <none><none>MLO Information: , Is TID-To-Link negotiation supported by the AP: false, AP MLD Address: <none>, AP MLO Link Id: <none>, AP MLO Affiliated links: <none>, Vendor Data: <none>> SignalStrength: -53 AdminUids: [1000] SSID: "EnginDearing" UnderlyingNetworks: Null]
08-08 12:16:12.467  7681  7681 W JobService: onNetworkChanged() not implemented in com.google.android.finsky.scheduler.process.mainimpl.PhoneskyJobServiceMain. Must override in a subclass.
08-08 12:16:12.467  2415  2500 D Tile.WifiTile: handleUpdateState isTransient=false transientEnabling =false cb.isTransient=false state.state = 2 mStateBeforeClick.value =false enabled =true
08-08 12:16:12.467  1703  2303 D WifiConnectivityMonitor: HANDLE_ON_CAPABILITIES_CHANGED
08-08 12:16:12.467  1703  2303 I WifiConnectivityMonitor: determineMode : MODE_NON_SWITCHABLE_BY_POOR_NETWORK_DETECTION_DISABLED
08-08 12:16:12.467  1703  2303 D OpenNetworkQos[4.00]: updateBssidNoInternet: mBssidNoInternet = false
08-08 12:16:12.467  1703  2303 D OpenNetworkQos[4.00]: getOpenNetworkQosNoInternetStatus: false
08-08 12:16:12.467  1703  2303 D OpenNetworkQos[4.00]: getOpenNetworkQosScores: 30 30 0 
08-08 12:16:12.467  1703  2303 D KNOX_MDM_SettingsProvider: isChangeAllowed() : name = wifi_wcm_qos_sharing_score_summary
08-08 12:16:12.472  1703  2546 D PackageManager: setEnabledSetting : userId = 0 packageName = com.samsung.android.app.routines cmp = androidx.work.impl.background.systemjob.SystemJobService newState = 1 callingPackage = com.samsung.android.app.routines
08-08 12:16:12.473  2415  2785 D WifiPickerTracker: updateWifiEntries capabilities
08-08 12:16:12.473  1703  2546 D ApplicationPolicy: getApplicationStateEnabled : pkg = com.samsung.android.app.routines userId : 0
08-08 12:16:12.474  1703  2546 D ApplicationPolicy: getApplicationComponentState : pkg = com.samsung.android.app.routines userId : 0
08-08 12:16:12.475 19181 19181 I Routine@Core[4.8.02.28]: BroadcastRegister: registerReceivers
08-08 12:16:12.475  2565  3177 I HBD     : h onCapabilitiesChanged network : 111 current network state : wifi 
08-08 12:16:12.478 19181 19181 I Routine@Core[4.8.02.28]: BroadcastRegister: registerPackageAddedIntentFilterInternal
08-08 12:16:12.478  2415  2500 D Tile.WifiTile: handleUpdateState isTransient=false transientEnabling =false cb.isTransient=false state.state = 2 mStateBeforeClick.value =false enabled =true
08-08 12:16:12.480  6866 14303 I NullBinder: NullBinder for android.net.action.RECOMMEND_NETWORKS triggering remote TransactionTooLargeException due to Service without Chimera impl, calling uid: 1000, calling pid: 0
08-08 12:16:12.480  6866 14303 W .gms.persistent: Large reply transaction of 1056768 bytes, interface descriptor , code 1
08-08 12:16:12.481  2415  2785 D WifiPickerTracker: update AutoHotspot Entries() : bleAccessPoints -> 0
08-08 12:16:12.482  2415  2785 D WifiPickerTracker: handleNetworkCapabilitiesChanged
08-08 12:16:12.483  6866  6866 I MagicTether: (REDACTED) [ActiveNetworkTracker] setActiveNetwork: %s
08-08 12:16:12.483  6866  6866 I MagicTether: (REDACTED) [TetherService] onActiveNetworkChanged: network=%s isLost=%s
08-08 12:16:12.483  6866 19122 I MagicTether: [WifiConnectionHandler] Ignoring getWifiConfigurationByNetworkId when checking connected state [CONTEXT service_id=276 ]
08-08 12:16:12.483  6866 19122 I MagicTether: [WifiConnectionHandler] No networkId set, can't be connected. [CONTEXT service_id=276 ]
08-08 12:16:12.488  6866 19122 I MagicTether: (REDACTED) [TetherService] TRANSPORT_CELLULAR [%s], TRANSPORT_ETHERNET [%s], TRANSPORT_WIFI [%s]
08-08 12:16:12.488  6866 19122 I MagicTether: (REDACTED) [TetherService] setRoles hasActiveNetworkConnection=%s canActiveNetworkBeTethered=%s isConnectedToInstantTether=%s isWifiEnabled=%s isHosting=%s
08-08 12:16:12.489 19181 19181 I SEP_UNION_SemUnionManager: initializeManagerMapData(10063) context = android.app.ContextImpl@d6fc08e 
08-08 12:16:12.493  6866  6866 D WearableService: Creating wearable service asynchronously.
08-08 12:16:12.496  6866  6866 I MagicTether: [TetherService] Stopping Nearby client role [CONTEXT service_id=276 ]
08-08 12:16:12.496  6866  6866 I MagicTether: [ClientTetherRole] Client role already stopped [CONTEXT service_id=276 ]
08-08 12:16:12.497  6866  6866 I MagicTether: (REDACTED) [TidepoolFeatureStatusManager] isInstantHotspotEnabled=%s
08-08 12:16:12.497  6866  6866 I MagicTether: [HostTetherRole] Nearby host role already started [CONTEXT service_id=276 ]
08-08 12:16:12.498 19181 19181 I SEP_UNION_SemUnionManager: getUnionService(semeventdelegator) 
08-08 12:16:12.498 19181 19181 I SEP_UNION_SemUnionManager: getSemSystemService : semeventdelegator 
08-08 12:16:12.503 14013 14013 I Friday_c: mWidgetReceiver onReceive : android.intent.action.CONFIGURATION_CHANGED
08-08 12:16:12.505  1703  2351 D SEP_UNION_SemUnionMainServiceImpl: getSemSystemService - semeventdelegator 
08-08 12:16:12.506 14013 14013 I Friday_b: permission denied
08-08 12:16:12.506 14013 14013 I Friday_b: initWallpaperColor isWhiteWallpaper : false
08-08 12:16:12.506 19181 19181 I Routine@Core[4.8.02.28]: BroadcastRegister: registerPackageMonitoringIntentFilterInternal
08-08 12:16:12.506 19181 19181 I SEP_UNION_SemUnionManager: getUnionService(semeventdelegator) 
08-08 12:16:12.507 19181 19181 I SEP_UNION_SemUnionManager: getUnionService(semeventdelegator) 
08-08 12:16:12.507 19181 19181 I SEP_UNION_SemUnionManager: getUnionService(semeventdelegator) 
08-08 12:16:12.508 19181 19181 I SEP_UNION_SemUnionManager: getUnionService(semeventdelegator) 
08-08 12:16:12.508  1703  2546 D SEP_UNION_SemDeviceInfoManagerService: Register intent = android.intent.action.PACKAGE_ADDED,  package = com.samsung.android.app.routines, userId = 0, flag = 0, conditions = null 
08-08 12:16:12.508 19181 19181 I SEP_UNION_SemUnionManager: getUnionService(semeventdelegator) 
08-08 12:16:12.509  1703  2546 D SEP_UNION_SemDeviceInfoManagerService: Same PendingIntent is in com.samsung.android.app.routines 
08-08 12:16:12.509 19181 19181 I SEP_UNION_SemUnionManager: getUnionService(semeventdelegator) 
08-08 12:16:12.509  1703  2546 D SEP_UNION_SemDeviceInfoManagerService: Register intent = android.intent.action.PACKAGE_REPLACED, android.intent.action.PACKAGE_CHANGED, android.intent.action.PACKAGE_REMOVED, android.intent.action.PACKAGE_FULLY_REMOVED, android.intent.action.MY_PACKAGE_REPLACED,  package = com.samsung.android.app.routines, userId = 0, flag = 1, conditions = [com.samsung.android.app.routines, com.samsung.android.app.routineplus, com.android.settings, com.android.systemui, com.samsung.accessibility, com.samsung.android.app.aodservice, com.samsung.android.app.clockpack, com.samsung.android.app.cocktailbarservice, com.samsung.android.app.dressroom, com.samsung.android.app.galaxyregistry, com.samsung.android.app.sharelive, com.samsung.android.app.smartcapture, com.samsung.android.app.smartwidget, com.samsung.android.app.telephonyui, com.samsung.android.fast, com.samsung.android.honeyboard, com.samsung.android.lool, com.samsung.android.mdecservice, com.samsung.android.mdx, com.samsung.android.service.aircommand, com.samsung.android.smartmirroring, com.samsung.android.sm_cn, com.sec.android.app.clockpackage, com.sec.android.app.soundalive, com.sec.android.desktopmode.uiservice, com.sec.android.app.launcher, com.samsung.android.routinesdkv3, com.samsung.android.inputshare, com.samsung.android.game.gos, com.samsung.android.game.gametools, com.samsung.android.sidegesturepad, com.samsung.android.soundassistant, com.samsung.android.waterplugin, com.samsung.android.heartplugin, com.samsung.wearable.watch6plugin, com.samsung.wearable.watch7plugin, com.samsung.wearable.watchuniteplugin, com.samsung.accessory.popcornmgr, com.samsung.accessory.berrymgr, com.samsung.accessory.jellymgr, com.samsung.accessory.neobeanmgr, com.samsung.accessory.atticmgr, com.samsung.accessory.zenithmgr, com.samsung.accessory.paranmgr, com.samsung.accessory.pearlmgr] 
08-08 12:16:12.509  1703  2546 D SEP_UNION_SemDeviceInfoManagerService: Same PendingIntent is in com.samsung.android.app.routines 
08-08 12:16:12.509  1703  2546 D SEP_UNION_SemDeviceInfoManagerService: Same PendingIntent is in com.samsung.android.app.routines 
08-08 12:16:12.509  1703  2546 D SEP_UNION_SemDeviceInfoManagerService: Same PendingIntent is in com.samsung.android.app.routines 
08-08 12:16:12.510  1703  2546 D SEP_UNION_SemDeviceInfoManagerService: Same PendingIntent is in com.samsung.android.app.routines 
08-08 12:16:12.510  1703  2546 D SEP_UNION_SemDeviceInfoManagerService: Same PendingIntent is in com.samsung.android.app.routines 
08-08 12:16:12.510  1703  2546 D SEP_UNION_SemDeviceInfoManagerService: Register intent = android.intent.action.DATE_CHANGED,  package = com.samsung.android.app.routines, userId = 0, flag = 0, conditions = null 
08-08 12:16:12.510  1703  2546 D SEP_UNION_SemDeviceInfoManagerService: Same PendingIntent is in com.samsung.android.app.routines 
08-08 12:16:12.510  1703  2546 D SEP_UNION_SemDeviceInfoManagerService: Register intent = android.location.PROVIDERS_CHANGED,  package = com.samsung.android.app.routines, userId = 0, flag = 0, conditions = null 
08-08 12:16:12.511  1703  2546 D SEP_UNION_SemDeviceInfoManagerService: Same PendingIntent is in com.samsung.android.app.routines 
08-08 12:16:12.511  1703  2351 D SEP_UNION_SemDeviceInfoManagerService: Register intent = android.intent.action.CONFIGURATION_CHANGED,  package = com.samsung.android.app.routines, userId = 0, flag = 0, conditions = null 
08-08 12:16:12.511  1703  2351 D SEP_UNION_SemDeviceInfoManagerService: Same PendingIntent is in com.samsung.android.app.routines 
08-08 12:16:12.511  1703  2351 D SEP_UNION_SemDeviceInfoManagerService: Register intent = android.intent.action.PACKAGE_DATA_CLEARED,  package = com.samsung.android.app.routines, userId = 0, flag = 0, conditions = null 
08-08 12:16:12.511  1703  2351 D SEP_UNION_SemDeviceInfoManagerService: Same PendingIntent is in com.samsung.android.app.routines 
08-08 12:16:12.511  1703  3744 W ParceledListSlice: Element #407 is 20124 bytes.
08-08 12:16:12.511  1703  2351 D SEP_UNION_SemDeviceInfoManagerService: Register intent = com.samsung.android.theme.themecenter.THEME_APPLY,  package = com.samsung.android.app.routines, userId = 0, flag = 0, conditions = null 
08-08 12:16:12.512  1703  2351 D SEP_UNION_SemDeviceInfoManagerService: Same PendingIntent is in com.samsung.android.app.routines 
08-08 12:16:12.513 19181 19181 I SEP_UNION_SemUnionManager: getUnionService(semeventdelegator) 
08-08 12:16:12.513  1703  2678 D SEP_UNION_SemDeviceInfoManagerService: Register intent = com.samsung.android.scs.ai.search.ACTION_UPDATE_INDEX,  package = com.samsung.android.app.routines, userId = 0, flag = 0, conditions = null 
08-08 12:16:12.513  1703  2678 D SEP_UNION_SemDeviceInfoManagerService: Same PendingIntent is in com.samsung.android.app.routines 
08-08 12:16:12.513 19181 19181 I Routine@Core[4.8.02.28]: LifestyleModeTileHelper: observeModeInfo
08-08 12:16:12.514  1166  1204 E HfLooper: eventConvertAll, lux = 989.000000
08-08 12:16:12.515 19181 19181 I Routine@Core[4.8.02.28]: ModeMetaObserver: register
08-08 12:16:12.519 19181 19181 I Routine@Core[4.8.02.28]: ReminderNudgeCardInsertService: scheduleService : not disable ai brief reminder action
08-08 12:16:12.520  6866  7055 I Wear_Controller: Wearable module requires a companion app to be installed.
08-08 12:16:12.520  6866  7055 I WearableService: onCreate: Wearable Services not starting. Wear is not available on this device.
08-08 12:16:12.521 19181 19181 I Routine@Sdk[3.1.14]: RoutineSdkImpl: setConditionHandler - tag=manual_execute, conditionHandler=P9.b@be4a754
08-08 12:16:12.521 19181 19181 I Routine@Sdk[3.1.14]: RoutineSdkImpl: setConditionHandler - tag=wifi_on_sdk3, conditionHandler=ia.E@a4f06fd
08-08 12:16:12.522 19181 19181 I Routine@Sdk[3.1.14]: RoutineSdkImpl: setConditionHandler - tag=message_received, conditionHandler=n8.d@c753ff2
08-08 12:16:12.522 19181 19181 I Routine@Sdk[3.1.14]: RoutineSdkImpl: setConditionHandler - tag=android_auto_mode, conditionHandler=w8.b@e942643
08-08 12:16:12.522 19181 19181 I Routine@Sdk[3.1.14]: RoutineSdkImpl: setConditionHandler - tag=sleep_schedule, conditionHandler=Ra.e@38ee4c0
08-08 12:16:12.522 19181 19181 I Routine@Sdk[3.1.14]: RoutineSdkImpl: setConditionHandler - tag=mobile_data, conditionHandler=aa.b@a0a15f9
08-08 12:16:12.523 19181 19181 I Routine@Sdk[3.1.14]: RoutineSdkImpl: setConditionHandler - tag=mode_condition, conditionHandler=S9.c@93693e
08-08 12:16:12.523 19181 19181 I Routine@Sdk[3.1.14]: RoutineSdkImpl: setConditionHandler - tag=media_played, conditionHandler=N9.c@cc8e39f
08-08 12:16:12.523 19181 19181 I Routine@Sdk[3.1.14]: RoutineSdkImpl: setConditionHandler - tag=cover_status, conditionHandler=P8.b@2dd8cec
08-08 12:16:12.523 19181 19181 I Routine@Sdk[3.1.14]: RoutineSdkImpl: setConditionHandler - tag=unlock_with_finger_print, conditionHandler=K9.b@3cd18b5
08-08 12:16:12.523 19181 19181 I Routine@Sdk[3.1.14]: RoutineSdkImpl: setConditionHandler - tag=notification_with_keyword_v3, conditionHandler=na.o@cd8db4a
08-08 12:16:12.523 19181 19181 I Routine@Sdk[3.1.14]: RoutineSdkImpl: setConditionHandler - tag=runestone_time_occasion/context_home_place, conditionHandler=D8.b@621abb
08-08 12:16:12.523 19181 19181 I Routine@Sdk[3.1.14]: RoutineSdkImpl: setConditionHandler - tag=runestone_time_occasion/context_work_place, conditionHandler=D8.b@58c8bd8
08-08 12:16:12.523 19181 19181 I Routine@Core[4.8.02.28]: ContextHandlerFactory: getContextHandler - by Runestone: tag: runestone_time_occasion/context_wake_up
08-08 12:16:12.523 19181 19181 I Routine@Sdk[3.1.14]: RoutineSdkImpl: setConditionHandler - tag=runestone_time_occasion/context_wake_up, conditionHandler=D8.d@838b31
08-08 12:16:12.523 19181 19181 I Routine@Core[4.8.02.28]: ContextHandlerFactory: getContextHandler - by Runestone: tag: runestone_time_occasion/context_foreign_country_place
08-08 12:16:12.523 19181 19181 I Routine@Sdk[3.1.14]: RoutineSdkImpl: setConditionHandler - tag=runestone_time_occasion/context_foreign_country_place, conditionHandler=D8.d@5516216
08-08 12:16:12.523 19181 19181 I Routine@Core[4.8.02.28]: ContextHandlerFactory: getContextHandler - by Runestone: tag: runestone_time_occasion/context_car_place
08-08 12:16:12.523 19181 19181 I Routine@Sdk[3.1.14]: RoutineSdkImpl: setConditionHandler - tag=runestone_time_occasion/context_car_place, conditionHandler=D8.b@28da797
08-08 12:16:12.524 19181 19181 I Routine@Core[4.8.02.28]: ContextHandlerFactory: getContextHandler - by Runestone: tag: runestone_time_occasion/context_probably_asleep
08-08 12:16:12.524 19181 19181 I Routine@Sdk[3.1.14]: RoutineSdkImpl: setConditionHandler - tag=runestone_time_occasion/context_probably_asleep, conditionHandler=D8.d@52a8d84
08-08 12:16:12.524 19181 19181 I Routine@Core[4.8.02.28]: ContextHandlerFactory: getContextHandler - by Runestone: tag: runestone_time_occasion/context_before_bed_time
08-08 12:16:12.524 19181 19181 I Routine@Sdk[3.1.14]: RoutineSdkImpl: setConditionHandler - tag=runestone_time_occasion/context_before_bed_time, conditionHandler=D8.d@254a96d
08-08 12:16:12.524 19181 19181 I Routine@Core[4.8.02.28]: ContextHandlerFactory: getContextHandler - by Runestone: tag: context/before_go_to_work
08-08 12:16:12.524 19181 19181 I Routine@Sdk[3.1.14]: RoutineSdkImpl: setConditionHandler - tag=context/before_go_to_work, conditionHandler=A8.d@f989a2
08-08 12:16:12.524 19181 19181 I Routine@Core[4.8.02.28]: ContextHandlerFactory: getContextHandler - by Runestone: tag: context/get_off_work
08-08 12:16:12.524 19181 19181 I Routine@Sdk[3.1.14]: RoutineSdkImpl: setConditionHandler - tag=context/get_off_work, conditionHandler=A8.l@77b2633
08-08 12:16:12.524 19181 19181 I Routine@Sdk[3.1.14]: RoutineSdkImpl: setConditionHandler - tag=during_call_v3, conditionHandler=l8.o@384fdf0
08-08 12:16:12.524 19181 19181 I Routine@Sdk[3.1.14]: RoutineSdkImpl: setConditionHandler - tag=calling_v3, conditionHandler=l8.q@c9f6f69
08-08 12:16:12.524 19181 19181 I Routine@Sdk[3.1.14]: RoutineSdkImpl: setConditionHandler - tag=specific_time_v3, conditionHandler=Sa.b@80a9dee
08-08 12:16:12.524 19181 19181 I Routine@Sdk[3.1.14]: RoutineSdkImpl: setConditionHandler - tag=time_v3, conditionHandler=Qa.j@cb7f28f
08-08 12:16:12.524 19181 19181 I Routine@Sdk[3.1.14]: RoutineSdkImpl: setConditionHandler - tag=specify_wifi_v3, conditionHandler=ia.g@fd4091c
08-08 12:16:12.524 19181 19181 I Routine@Sdk[3.1.14]: RoutineSdkImpl: setConditionHandler - tag=battery_condition_v3, conditionHandler=N8.b@fb69925
08-08 12:16:12.524 19181 19181 I Routine@Sdk[3.1.14]: RoutineSdkImpl: setConditionHandler - tag=night_mode_v3, conditionHandler=b9.b@b06aafa
08-08 12:16:12.525 19181 19181 I Routine@Sdk[3.1.14]: RoutineSdkImpl: setConditionHandler - tag=dex_mode_on_v3, conditionHandler=x8.b@14b28ab
08-08 12:16:12.525 19181 19181 W Settings: Setting mode_ringer has moved from android.provider.Settings.System to android.provider.Settings.Global, returning read-only global URI.
08-08 12:16:12.525 19181 19181 I Routine@Sdk[3.1.14]: RoutineSdkImpl: setConditionHandler - tag=ringer_mode_v3, conditionHandler=Pa.b@2a69b08
08-08 12:16:12.525 19181 19181 I Routine@Sdk[3.1.14]: RoutineSdkImpl: setConditionHandler - tag=connected_headset_v3, conditionHandler=S8.b@45ca2a1
08-08 12:16:12.525 19181 19181 I Routine@Sdk[3.1.14]: RoutineSdkImpl: setConditionHandler - tag=plugged_battery_v3, conditionHandler=O8.b@e847cc6
08-08 12:16:12.525 19181 19181 I Routine@Sdk[3.1.14]: RoutineSdkImpl: setConditionHandler - tag=airplane_mode_v3, conditionHandler=V9.b@391a487
08-08 12:16:12.525 19181 19181 I Routine@Sdk[3.1.14]: RoutineSdkImpl: setConditionHandler - tag=launch_app_v3, conditionHandler=P7.c@c8e5fb4
08-08 12:16:12.525 19181 19181 I Routine@Sdk[3.1.14]: RoutineSdkImpl: setConditionHandler - tag=wifi_rssi_v3, conditionHandler=ia.G@2ffc7dd
08-08 12:16:12.525 19181 19181 I Routine@Sdk[3.1.14]: RoutineSdkImpl: setConditionHandler - tag=launch_game_v3, conditionHandler=O7.b@7bb9f52
08-08 12:16:12.525 19181 19181 I Routine@Sdk[3.1.14]: RoutineSdkImpl: setConditionHandler - tag=nfc_tagged_v3, conditionHandler=ea.b@da0223
08-08 12:16:12.525 19181 19181 I Routine@Sdk[3.1.14]: RoutineSdkImpl: setConditionHandler - tag=specify_bluetooth_v3, conditionHandler=X9.m@38bc320
08-08 12:16:12.525 19181 19181 I Routine@Sdk[3.1.14]: RoutineSdkImpl: setConditionHandler - tag=specify_bluetooth_only_connected_v3, conditionHandler=X9.m@2b604d9
08-08 12:16:12.526 19181 19181 I Routine@Sdk[3.1.14]: RoutineSdkImpl: setConditionHandler - tag=fold_state_v3, conditionHandler=Q8.c@5d05e9e
08-08 12:16:12.526 19181 19181 I Routine@Sdk[3.1.14]: RoutineSdkImpl: setConditionHandler - tag=plugin_gps_location_v3, conditionHandler=F9.w@2c09d7f
08-08 12:16:12.526 19181 19181 I Routine@Sdk[3.1.14]: RoutineSdkImpl: setConditionHandler - tag=samsung_health_during_exercise_v3, conditionHandler=za.d@b39f14c
08-08 12:16:12.526 19181 19181 I Routine@Sdk[3.1.14]: RoutineSdkImpl: setConditionHandler - tag=samsung_health_during_exercise_when_starting_v3, conditionHandler=za.d@bf91595
08-08 12:16:12.527 19181 19181 I Routine@Sdk[3.1.14]: RoutineSdkImpl: setActionHandler - tag=sound_sdk3, actionHandler=r9.c@3dfc6aa
08-08 12:16:12.527 19181 19181 I Routine@Sdk[3.1.14]: RoutineSdkImpl: setActionHandler - tag=wifi_on_sdk3, actionHandler=ga.a@64b929b
08-08 12:16:12.527 19181 19181 I Routine@Sdk[3.1.14]: RoutineSdkImpl: setActionHandler - tag=connect_url_sdk3, actionHandler=u9.d@3bad638
08-08 12:16:12.528 19181 19181 I Routine@Sdk[3.1.14]: RoutineSdkImpl: setActionHandler - tag=cover_screen_brightness, actionHandler=X8.b@b227611
08-08 12:16:12.528 19181 19181 I Routine@Sdk[3.1.14]: RoutineSdkImpl: setActionHandler - tag=adaptive_brightness, actionHandler=U8.b@fcba376
08-08 12:16:12.528 19181 19181 I Routine@Sdk[3.1.14]: RoutineSdkImpl: setActionHandler - tag=cover_screen_adaptive_brightness, actionHandler=U8.d@8c6bd77
08-08 12:16:12.528 19181 19181 I Routine@Sdk[3.1.14]: RoutineSdkImpl: setActionHandler - tag=flashlight, actionHandler=s9.d@b631de4
08-08 12:16:12.528 19181 19181 I Routine@Sdk[3.1.14]: RoutineSdkImpl: setActionHandler - tag=show_action_list, actionHandler=u7.c@ea7624d
08-08 12:16:12.528 19181 19181 I Routine@Sdk[3.1.14]: RoutineSdkImpl: setActionHandler - tag=connect_bluetooth, actionHandler=W9.b@1c68102
08-08 12:16:12.528 19181 19181 I Routine@Sdk[3.1.14]: RoutineSdkImpl: setActionHandler - tag=disconnect_bluetooth, actionHandler=W9.b@65fba13
08-08 12:16:12.528 19181 19181 I Routine@Sdk[3.1.14]: RoutineSdkImpl: setActionHandler - tag=delay_action, actionHandler=t7.f@f263450
08-08 12:16:12.528 19181 19181 I Routine@Sdk[3.1.14]: RoutineSdkImpl: setActionHandler - tag=confirmation_action, actionHandler=s7.d@d14d649
08-08 12:16:12.528 19181 19181 I Routine@Sdk[3.1.14]: RoutineSdkImpl: setActionHandler - tag=read_notifications, actionHandler=ra.k@9fab4e
08-08 12:16:12.529 19181 19181 I Routine@Sdk[3.1.14]: RoutineSdkImpl: setActionHandler - tag=wallpaper_apply_dark_mode, actionHandler=c9.b@681e46f
08-08 12:16:12.529 19181 19181 I Routine@Sdk[3.1.14]: RoutineSdkImpl: setActionHandler - tag=gray_scale, actionHandler=f9.b@5c2457c
08-08 12:16:12.529 19181 19181 I Routine@Sdk[3.1.14]: RoutineSdkImpl: setActionHandler - tag=control_smartthings, actionHandler=Ka.e@ecb8e05
08-08 12:16:12.529 19181 19181 I Routine@Sdk[3.1.14]: RoutineSdkImpl: setActionHandler - tag=control_smartthings_not_reversible, actionHandler=Ka.e@ecf2e5a
08-08 12:16:12.529 19181 19181 I Routine@Sdk[3.1.14]: RoutineSdkImpl: setActionHandler - tag=suspend_app, actionHandler=N7.b@1f2588b
08-08 12:16:12.529 19181 19181 I Routine@Sdk[3.1.14]: RoutineSdkImpl: setActionHandler - tag=app_pair, actionHandler=F7.c@1ac3d68
08-08 12:16:12.529 19181 19181 I Routine@Sdk[3.1.14]: RoutineSdkImpl: setActionHandler - tag=vibrate_once, actionHandler=w9.b@77c0581
08-08 12:16:12.529 19181 19181 I Routine@Sdk[3.1.14]: RoutineSdkImpl: setActionHandler - tag=trust_lock, actionHandler=J9.c@c41d626
08-08 12:16:12.529 19181 19181 I Routine@Sdk[3.1.14]: RoutineSdkImpl: setActionHandler - tag=mode_action, actionHandler=R9.j@eabf267
08-08 12:16:12.529 19181 19181 I Routine@Sdk[3.1.14]: RoutineSdkImpl: setActionHandler - tag=nfc_on_off, actionHandler=da.d@5bbc814
08-08 12:16:12.529 19181 19181 I Routine@Sdk[3.1.14]: RoutineSdkImpl: setActionHandler - tag=text_to_speech, actionHandler=Wa.i@b6278bd
08-08 12:16:12.530 19181 19181 I Routine@Sdk[3.1.14]: RoutineSdkImpl: setActionHandler - tag=custom_notification_v3, actionHandler=la.c@8e52eb2
08-08 12:16:12.530 19181 19181 I Routine@Sdk[3.1.14]: RoutineSdkImpl: setActionHandler - tag=separate_app_sound_v3, actionHandler=La.i@d7b4e03
08-08 12:16:12.530 19181 19181 I Routine@Sdk[3.1.14]: RoutineSdkImpl: setActionHandler - tag=dnd_mode_on_v3, actionHandler=ma.g@8975180
08-08 12:16:12.530 19181 19181 I Routine@Sdk[3.1.14]: RoutineSdkImpl: setActionHandler - tag=bixby_text_command_v3, actionHandler=U7.c@c42e3b9
08-08 12:16:12.530 19181 19181 I Routine@Sdk[3.1.14]: RoutineSdkImpl: setActionHandler - tag=bixby_quick_command_v3, actionHandler=S7.b@3f383fe
08-08 12:16:12.530 19181 19181 I Routine@Sdk[3.1.14]: RoutineSdkImpl: setActionHandler - tag=bixby_voice_wake_up_v3, actionHandler=V7.c@55ac75f
08-08 12:16:12.530 19181 19181 I Routine@Sdk[3.1.14]: RoutineSdkImpl: setActionHandler - tag=video_enhancer_v3, actionHandler=x9.b@2e005ac
08-08 12:16:12.530 19181 19181 I Routine@Sdk[3.1.14]: RoutineSdkImpl: setActionHandler - tag=play_media_v3, actionHandler=M9.c@a250275
08-08 12:16:12.530 19181 19181 I Routine@Sdk[3.1.14]: RoutineSdkImpl: setActionHandler - tag=airplane_mode_on_v3, actionHandler=U9.b@3ffe20a
08-08 12:16:12.530 19181 19181 I Routine@Sdk[3.1.14]: RoutineSdkImpl: setActionHandler - tag=auto_data_sync_v3, actionHandler=r7.b@88e7a7b
08-08 12:16:12.530 19181 19181 I Routine@Sdk[3.1.14]: RoutineSdkImpl: setActionHandler - tag=motion_smoothness_v3, actionHandler=g9.j@41dd098
08-08 12:16:12.530 19181 19181 I Routine@Sdk[3.1.14]: RoutineSdkImpl: setActionHandler - tag=cover_screen_motion_smoothness_v3, actionHandler=g9.b@3d050f1
08-08 12:16:12.530 19181 19181 I Routine@Sdk[3.1.14]: RoutineSdkImpl: setActionHandler - tag=motion_smoothness_and_screen_resolution_v3, actionHandler=g9.l@3c214d6
08-08 12:16:12.530 19181 19181 I Routine@Sdk[3.1.14]: RoutineSdkImpl: setActionHandler - tag=bluetooth_on_v3, actionHandler=W9.d@f804357
08-08 12:16:12.530  1703  2070 W UriGrantsManagerService: No permission grants found for com.google.android.apps.photos
08-08 12:16:12.530 19181 19181 I Routine@Sdk[3.1.14]: RoutineSdkImpl: setActionHandler - tag=hotspot_on_v3, actionHandler=Y9.b@a6b5e44
08-08 12:16:12.530 19181 19181 I Routine@Sdk[3.1.14]: RoutineSdkImpl: setActionHandler - tag=font_size_v3, actionHandler=e9.d@3080b2d
08-08 12:16:12.530 19181 19181 I Routine@Sdk[3.1.14]: RoutineSdkImpl: setActionHandler - tag=screen_layout_and_zoom_v3, actionHandler=j9.b@fa2a862
08-08 12:16:12.530 19181 19181 I Routine@Sdk[3.1.14]: RoutineSdkImpl: setActionHandler - tag=mobile_network_mode_setting_v3, actionHandler=ca.c@55bbdf3
08-08 12:16:12.530 19181 19181 I Routine@Sdk[3.1.14]: RoutineSdkImpl: setActionHandler - tag=screen_zoom_v3, actionHandler=o9.b@8e21ab0
08-08 12:16:12.530 19181 19181 I Routine@Sdk[3.1.14]: RoutineSdkImpl: setActionHandler - tag=brightness_v3, actionHandler=V8.b@872d29
08-08 12:16:12.530  1703  2070 W UriGrantsManagerService: No permission grants found for com.google.android.apps.photos
08-08 12:16:12.530 19181 19181 I Routine@Sdk[3.1.14]: RoutineSdkImpl: setActionHandler - tag=multi_window_tray_v3, actionHandler=d9.b@6e8ae
08-08 12:16:12.530 19181 19181 I Routine@Sdk[3.1.14]: RoutineSdkImpl: setActionHandler - tag=screen_timeout_v3, actionHandler=n9.b@26a464f
08-08 12:16:12.531 19181 19181 I Routine@Sdk[3.1.14]: RoutineSdkImpl: setActionHandler - tag=hard_key_v3, actionHandler=t9.e@8c631dc
08-08 12:16:12.531 19181 19181 I Routine@Sdk[3.1.14]: RoutineSdkImpl: setActionHandler - tag=screen_resolution_v3, actionHandler=g9.y@bbc72e5
08-08 12:16:12.531 19181 19181 I Routine@Sdk[3.1.14]: RoutineSdkImpl: setActionHandler - tag=rotation_screen_v3, actionHandler=l9.b@c5ce1ba
08-08 12:16:12.531 19181 19181 I Routine@Sdk[3.1.14]: RoutineSdkImpl: setActionHandler - tag=dark_mode_v3, actionHandler=a9.h@2ef86b
08-08 12:16:12.531 19181 19181 I Routine@Sdk[3.1.14]: RoutineSdkImpl: setActionHandler - tag=gps_on_v3, actionHandler=E9.b@1728fc8
08-08 12:16:12.531 19181 19181 I Routine@Sdk[3.1.14]: RoutineSdkImpl: setActionHandler - tag=spotify_playlist_v3, actionHandler=O9.m@2465861
08-08 12:16:12.531 19181 19181 I Routine@Sdk[3.1.14]: RoutineSdkImpl: setActionHandler - tag=instant_session_v3, actionHandler=ba.b@2e75f86
08-08 12:16:12.531 19181 19181 I Routine@Sdk[3.1.14]: RoutineSdkImpl: setActionHandler - tag=close_app_v3, actionHandler=H7.b@342b047
08-08 12:16:12.531 19181 19181 I Routine@Sdk[3.1.14]: RoutineSdkImpl: setActionHandler - tag=mobile_data_on_v3, actionHandler=Z9.e@304e074
08-08 12:16:12.531 19181 19181 I Routine@Sdk[3.1.14]: RoutineSdkImpl: setActionHandler - tag=launch_app_v3, actionHandler=I7.s@32f199d
08-08 12:16:12.531 19181 19181 I Routine@Sdk[3.1.14]: RoutineSdkImpl: setActionHandler - tag=quick_decline_message_v3, actionHandler=s8.e@149ee12
08-08 12:16:12.531 19181 19181 I Routine@Sdk[3.1.14]: RoutineSdkImpl: setActionHandler - tag=lockscreen_shortcut_v3, actionHandler=I9.c@6f009e3
08-08 12:16:12.531 19181 19181 I Routine@Sdk[3.1.14]: RoutineSdkImpl: setActionHandler - tag=get_weather_status, actionHandler=db.s@fc98fe0
08-08 12:16:12.531 19181 19181 I Routine@Sdk[3.1.14]: RoutineSdkImpl: setActionHandler - tag=get_weather_narrative, actionHandler=db.q@9e8b299
08-08 12:16:12.531 19181 19181 I Routine@Sdk[3.1.14]: RoutineSdkImpl: setActionHandler - tag=get_temperature, actionHandler=db.o@9d4d95e
08-08 12:16:12.531 19181 19181 I Routine@Sdk[3.1.14]: RoutineSdkImpl: setActionHandler - tag=get_humidity, actionHandler=db.d@68f613f
08-08 12:16:12.531 19181 19181 I Routine@Sdk[3.1.14]: RoutineSdkImpl: setActionHandler - tag=get_precipitation_probability, actionHandler=db.i@67ca0c
08-08 12:16:12.531 19181 19181 I Routine@Sdk[3.1.14]: RoutineSdkImpl: setActionHandler - tag=get_snowfall_probability, actionHandler=db.l@d08df55
08-08 12:16:12.531 19181 19181 I Routine@Sdk[3.1.14]: RoutineSdkImpl: setActionHandler - tag=get_particulate_matter, actionHandler=db.f@1912d6a
08-08 12:16:12.531 19181 19181 I Routine@Sdk[3.1.14]: RoutineSdkImpl: setActionHandler - tag=get_fine_particulate_matter, actionHandler=db.b@a2d25b
08-08 12:16:12.531 19181 19181 I Routine@Sdk[3.1.14]: RoutineSdkImpl: setActionHandler - tag=get_connected_bluetooth_device, actionHandler=W9.f@ecd7af8
08-08 12:16:12.531 19181 19181 I Routine@Sdk[3.1.14]: RoutineSdkImpl: setActionHandler - tag=get_connected_device_battery_level, actionHandler=K8.b@cc51bd1
08-08 12:16:12.532 19181 19181 I Routine@Sdk[3.1.14]: RoutineSdkImpl: setActionHandler - tag=get_charging_status, actionHandler=L8.d@30cb636
08-08 12:16:12.532 19181 19181 I Routine@Sdk[3.1.14]: RoutineSdkImpl: setActionHandler - tag=get_current_mode, actionHandler=R9.b@fb23937
08-08 12:16:12.532 19181 19181 I Routine@Sdk[3.1.14]: RoutineSdkImpl: setActionHandler - tag=get_current_date_time, actionHandler=J8.x@3db4ea4
08-08 12:16:12.532 19181 19181 I Routine@Sdk[3.1.14]: RoutineSdkImpl: setActionHandler - tag=adjust_date_time, actionHandler=J8.c@d2ea40d
08-08 12:16:12.532 19181 19181 I Routine@Sdk[3.1.14]: RoutineSdkImpl: setActionHandler - tag=get_d_day, actionHandler=J8.C@1e5ffc2
08-08 12:16:12.532 19181 19181 I Routine@Sdk[3.1.14]: RoutineSdkImpl: setActionHandler - tag=get_wifi_connection_info, actionHandler=ha.d@4e731d3
08-08 12:16:12.532 19181 19181 I Routine@Sdk[3.1.14]: RoutineSdkImpl: setActionHandler - tag=get_wifi_status, actionHandler=ha.d@3d0b110
08-08 12:16:12.532 19181 19181 I Routine@Sdk[3.1.14]: RoutineSdkImpl: setActionHandler - tag=get_power_saving_status, actionHandler=M8.c@82e7409
08-08 12:16:12.532 19181 19181 I Routine@Sdk[3.1.14]: RoutineSdkImpl: setActionHandler - tag=get_screenshot, actionHandler=z9.b@b18560e
08-08 12:16:12.532 19181 19181 I Routine@Sdk[3.1.14]: RoutineSdkImpl: setActionHandler - tag=get_wifi_strength, actionHandler=ja.e@69182f
08-08 12:16:12.532 19181 19181 I Routine@Sdk[3.1.14]: RoutineSdkImpl: setActionHandler - tag=get_bluetooth_status, actionHandler=W9.i@577ce3c
08-08 12:16:12.532 19181 19181 I Routine@Sdk[3.1.14]: RoutineSdkImpl: setActionHandler - tag=get_airplane_mode_status, actionHandler=U9.f@34147c5
08-08 12:16:12.532 19181 19181 I Routine@Sdk[3.1.14]: RoutineSdkImpl: setActionHandler - tag=get_mobile_data_status, actionHandler=Z9.c@e07c51a
08-08 12:16:12.532 19181 19181 I Routine@Sdk[3.1.14]: RoutineSdkImpl: setActionHandler - tag=get_mobile_hotspot_status, actionHandler=U9.i@379084b
08-08 12:16:12.532 19181 19181 I Routine@Sdk[3.1.14]: RoutineSdkImpl: setActionHandler - tag=get_sound_mode_status, actionHandler=Oa.c@119228
08-08 12:16:12.532 19181 19181 I Routine@Sdk[3.1.14]: RoutineSdkImpl: setActionHandler - tag=get_dark_mode_status, actionHandler=a9.c@4f39b41
08-08 12:16:12.532 19181 19181 I Routine@Sdk[3.1.14]: RoutineSdkImpl: setActionHandler - tag=get_battery_level, actionHandler=K8.e@a4d18e6
08-08 12:16:12.532 19181 19181 I Routine@Sdk[3.1.14]: RoutineSdkImpl: setActionHandler - tag=get_eta_to_location, actionHandler=T9.h@84dde27
08-08 12:16:12.532 19181 19181 I Routine@Sdk[3.1.14]: RoutineSdkImpl: setActionHandler - tag=get_android_auto_connection_status, actionHandler=v8.d@c01a8d4
08-08 12:16:12.532 19181 19181 I Routine@Sdk[3.1.14]: RoutineSdkImpl: setActionHandler - tag=get_exercise_status, actionHandler=xa.b@61daa7d
08-08 12:16:12.532 19181 19181 I Routine@Sdk[3.1.14]: RoutineSdkImpl: setActionHandler - tag=get_wired_headphone_status, actionHandler=R8.d@e41dd72
08-08 12:16:12.532 19181 19181 I Routine@Sdk[3.1.14]: RoutineSdkImpl: setActionHandler - tag=get_smart_view_connection_status, actionHandler=q7.f@bb035c3
08-08 12:16:12.532 19181 19181 I Routine@Sdk[3.1.14]: RoutineSdkImpl: setActionHandler - tag=if_action, actionHandler=E8.r@23a7e40
08-08 12:16:12.532 19181 19181 I Routine@Sdk[3.1.14]: RoutineSdkImpl: setActionHandler - tag=if_action_sub_else, actionHandler=E8.a@adf7179
08-08 12:16:12.532 19181 19181 I Routine@Sdk[3.1.14]: RoutineSdkImpl: setActionHandler - tag=if_action_sub_end_if, actionHandler=E8.b@24c5ebe
08-08 12:16:12.533 19181 19181 I Routine@Sdk[3.1.14]: RoutineSdkImpl: setActionHandler - tag=create_qr_image, actionHandler=A9.b@4566b1f
08-08 12:16:12.533 19181 19181 I Routine@Sdk[3.1.14]: RoutineSdkImpl: setActionHandler - tag=move_to_trash, actionHandler=D9.d@6693e6c
08-08 12:16:12.533 19181 19181 I Routine@Sdk[3.1.14]: RoutineSdkImpl: setActionHandler - tag=parse_json_string, actionHandler=v9.f@f5cac35
08-08 12:16:12.533 19181 19181 I Routine@Sdk[3.1.14]: RoutineSdkImpl: setActionHandler - tag=request_rest_api, actionHandler=fa.d@ceba8ca
08-08 12:16:12.533 19181 19181 I Routine@Sdk[3.1.14]: RoutineSdkImpl: setActionHandler - tag=send_message, actionHandler=m8.b@4009a3b
08-08 12:16:12.533 19181 19181 I Routine@Sdk[3.1.14]: RoutineSdkImpl: setActionHandler - tag=share_image, actionHandler=B9.b@7e1d558
08-08 12:16:12.533 19181 19181 I Routine@Sdk[3.1.14]: RoutineSdkImpl: setActionHandler - tag=show_image, actionHandler=C9.n@438d6b1
08-08 12:16:12.533 19181 19181 I Routine@Sdk[3.1.14]: RoutineSdkImpl: setActionHandler - tag=get_details, actionHandler=y9.g@b838796
08-08 12:16:12.533 19181 19181 I Routine@Sdk[3.1.14]: RoutineSdkImpl: setActionHandler - tag=get_connected_device_battery_status, actionHandler=K8.j@e549f17
08-08 12:16:12.533 19181 19181 I Routine@Sdk[3.1.14]: RoutineSdkImpl: setActionHandler - tag=insert_now_brief_template_v3, actionHandler=ua.d@54aef04
08-08 12:16:12.533 19181 19181 I Routine@Core[4.8.02.28]: WearActionHandlerHelperImpl: setActionHandlers
08-08 12:16:12.543 19181 19181 I Routine@Core[4.8.02.28]: LifestyleModeTileHelper: setLifestyleModeTile
08-08 12:16:12.543  1703  2070 D PackageManager: setEnabledSetting : userId = 0 packageName = com.samsung.android.app.routines cmp = com.samsung.android.app.routines.LifestyleModeTile newState = 1 callingPackage = com.samsung.android.app.routines
08-08 12:16:12.544  1703  2070 D ApplicationPolicy: getApplicationStateEnabled : pkg = com.samsung.android.app.routines userId : 0
08-08 12:16:12.544  1703  2070 D ApplicationPolicy: getApplicationComponentState : pkg = com.samsung.android.app.routines userId : 0
08-08 12:16:12.545 19181 19214 I Routine@Core[4.8.02.28]: DynamicShortcutsUpdater: initShortcuts
08-08 12:16:12.550 19181 19181 I Routine@Core[4.8.02.28]: RoutineService: onCreate
08-08 12:16:12.550 19181 19181 I Routine@Core[4.8.02.28]: RoutineService: onStartCommand: android.intent.action.CONFIGURATION_CHANGED
08-08 12:16:12.551 19181 19213 I Routine@Core[4.8.02.28]: DynamicShortcutsUpdater: onUpdate: shortcutUpdateType=CONFIG_CHANGED
08-08 12:16:12.551 19181 19213 I Routine@Core[4.8.02.28]: DynamicShortcutsUpdater: checkForDarkModeChange: color theme is changed; isDarkMode: false
08-08 12:16:12.551 19181 19213 I Routine@Core[4.8.02.28]: DynamicShortcutsUpdater: initShortcuts
08-08 12:16:12.551  1703  2678 D CompatChangeReporter: Compat change id reported: 311208629; UID 10063; state: ENABLED
08-08 12:16:12.553  1703  2070 W UriGrantsManagerService: No permission grants found for com.google.android.apps.photos
08-08 12:16:12.553  1703  2678 W UriGrantsManagerService: No permission grants found for com.google.android.apps.photos
08-08 12:16:12.554 19181 19214 I Routine@Core[4.8.02.28]: DynamicShortcutsRepository: getPreferredModeId
08-08 12:16:12.554 19181 19213 I Routine@Core[4.8.02.28]: DynamicShortcutsRepository: getPreferredModeId
08-08 12:16:12.554  6866 14302 W WearableService: onGetService: Wear is not available on this device.
08-08 12:16:12.555 19181 19181 I Routine@Core[4.8.02.28]: ProcessUtils: setProcessImportant: needForeground=true, reason=PRELOAD_CONDITION_SERVICE
08-08 12:16:12.560 19181 19212 E Routine@Core[4.8.02.28]: WearNodeManagerImpl: getNodeOfCompanionWatchSupportModeMirror: onFailure - com.google.android.gms.common.api.ApiException: 17: API: Wearable.API is not available on this device. Connection failed with: ConnectionResult{statusCode=API_UNAVAILABLE, resolution=null, message=null}
08-08 12:16:12.560 19181 19212 E Routine@Core[4.8.02.28]: WearNodeManagerImpl: getNodeOfCompanionWatchSupportModeMirror return null
08-08 12:16:12.560 19181 19212 I Routine@Core[4.8.02.28]: WearNodeManagerImpl: getNodeOfCompanionWatchSupportModeMirror: first node - null
08-08 12:16:12.560 19181 19212 I Routine@Core[4.8.02.28]: ModeLocalDataSource: putCompanionWatchSupportModeMirror, isSupported: false
08-08 12:16:12.561 19181 19212 I Routine@Core[4.8.02.28]: WEAR/GlobalSettingsAdapterImpl: putStringIgnoreEquals - ($)
08-08 12:16:12.561 19181 19212 W Routine@Core[4.8.02.28]: WEAR/GlobalSettingsAdapterImpl: putStringIgnoreEquals, it is the same as the current value
08-08 12:16:12.561 19181 19212 I Routine@Core[4.8.02.28]: WEAR/ModeManagerImpl: checkCapability, isSupported: false
08-08 12:16:12.561 19181 19212 I Routine@Core[4.8.02.28]: WEAR/ModeManagerImpl: updateState, isSupported: false
08-08 12:16:12.566 19181 19213 I Routine@Core[4.8.02.28]: DynamicShortcutsRepository: getPreferredId: preferredId=1, idCountMap={1=1}
08-08 12:16:12.567 19181 19213 I Routine@Core[4.8.02.28]: DynamicShortcutsUpdater: addPreferredModeShortcut: preferredModeId(1)
08-08 12:16:12.567 19181 19214 I Routine@Core[4.8.02.28]: DynamicShortcutsRepository: getPreferredId: preferredId=1, idCountMap={1=1}
08-08 12:16:12.567 19181 19214 I Routine@Core[4.8.02.28]: DynamicShortcutsUpdater: addPreferredModeShortcut: preferredModeId(1)
08-08 12:16:12.569 19135 19135 D nativeloader: InitDefaultPublicLibraries for_preload=1: libandroid.so:libaaudio.so:libamidi.so:libbinder_ndk.so:libc.so:libcamera2ndk.so:libdl.so:libEGL.so:libGLESv1_CM.so:libGLESv2.so:libGLESv3.so:libicu.so:libicui18n.so:libicuuc.so:libjnigraphics.so:liblog.so:libmediandk.so:libm.so:libnativehelper.so:libnativewindow.so:libOpenMAXAL.so:libOpenSLES.so:libRS.so:libstdc++.so:libsync.so:libvulkan.so:libwebviewchromium_plat_support.so:libz.so
08-08 12:16:12.577  2565  2565 I HBD     : h onCapabilityChanged  setNetworkState currentNetworkState : wifi 
08-08 12:16:12.581 19181 19181 I AbstractProxyReflection: initializeProxyReflectionByClass Create proxy instance for class : com.samsung.android.app.usage.IUsageStatsWatcher$Stub
08-08 12:16:12.581 19181 19181 I AbstractProxyReflection: initializeProxyReflectionByClass Create proxy instance for class : com.samsung.android.app.usage.IUsageStatsWatcher$Stub
08-08 12:16:12.585 19181 19181 I AbstractProxyReflection: Create proxy instance for interface : android.hardware.input.InputManager$SemOnSwitchEventChangedListener
08-08 12:16:12.586 19181 19181 I Routine@Core[4.8.02.28]: WatchingConditions: clear
