08-08 12:16:11.525  2415  2802 D ImageDarkModeFilter: isNightMode : Window = 17App = 17
08-08 12:16:11.525  2415  2802 D ImageDarkModeFilter: isNightMode: false ui_mode false
08-08 12:16:11.525  2415  2802 I ImageWallpaper_5[Image]: onSurfaceRedrawNeeded: displayId=0, lastDrawn=(which=5, 1080x2408, highlight=false, darkMode=false), toDraw=(which=5, 1080x2408, highlight=false, darkMode=false)
08-08 12:16:11.525  2415  2802 I ImageWallpaper_5[Image]: onSurfaceRedrawNeeded: not need redraw
08-08 12:16:11.525  2415  2802 I WallpaperService: updateSurface: invoke Session.finishDrawing
08-08 12:16:11.525  2415  2802 I WallpaperService: reportVisibility: visibility changed. visible=true
08-08 12:16:11.525  2415  2802 I ImageWallpaper_5[Image]:  onVisibilityChanged: visible=true , displayId=0
08-08 12:16:11.525 15316 15316 I bkxu    : (REDACTED) [%s] onStart()
08-08 12:16:11.526  1703  3750 D WindowManager: finishDrawingWindow: Window{bcc3ec8 u0 com.android.systemui.wallpapers.ImageWallpaper} mDrawState=HAS_DRAWN seqId=2147483647
08-08 12:16:11.527  1703  2712 V GnssSatellitesUtil: onStopped
08-08 12:16:11.527  1537  2646 E GnssAidl: [15.08] statusCb: 4
08-08 12:16:11.528  1703  2200 D ConnectivityService:    accepting network in place of null for NetworkRequest [ REQUEST id=14632, [ Capabilities: INTERNET&NOT_RESTRICTED&TRUSTED&NOT_VCN_MANAGED&NOT_BANDWIDTH_CONSTRAINED Uid: 10210 RequestorUid: 10210 RequestorPkg: com.google.android.googlequicksearchbox UnderlyingNetworks: Null] ]
08-08 12:16:11.528  3148  3231 I GnssEngineManager_FLP: updateEngineEnabled, false / isFromAp=true
08-08 12:16:11.528  3148  3231 I GpsSessionManager_FLP: closeGnssSession 246873922
08-08 12:16:11.528  3148  3231 I DataProvider_FLP: noteResetGps
08-08 12:16:11.529  1703  1838 D BLASTSyncEngine: SyncGroup 1511:  Unfinished container: ActivityRecord{265a15d u0 com.sec.android.app.launcher/.activities.LauncherActivity t448} mSyncState=2
08-08 12:16:11.529  1703  2070 I NSLocationMonitor: noteGpsOp, mode=3 (-1)
08-08 12:16:11.530  1703  3750 D GnssManager: reportStatus : 4
08-08 12:16:11.530  1537  2646 I GnssAidl: updateWakelock: GNSS HAL Wakelock released
08-08 12:16:11.535  1703  2188 D OemPaidWifiNetworkFactory: got request NetworkRequest [ REQUEST id=14632, [ Capabilities: INTERNET&NOT_RESTRICTED&TRUSTED&NOT_VCN_MANAGED&NOT_BANDWIDTH_CONSTRAINED Uid: 10210 RequestorUid: 10210 RequestorPkg: com.google.android.googlequicksearchbox UnderlyingNetworks: Null] ]
08-08 12:16:11.535  1703  2188 D MultiInternetWifiNetworkFactory: got request NetworkRequest [ REQUEST id=14632, [ Capabilities: INTERNET&NOT_RESTRICTED&TRUSTED&NOT_VCN_MANAGED&NOT_BANDWIDTH_CONSTRAINED Uid: 10210 RequestorUid: 10210 RequestorPkg: com.google.android.googlequicksearchbox UnderlyingNetworks: Null] ]
08-08 12:16:11.535  1703  2188 D WifiNetworkFactory: got request NetworkRequest [ REQUEST id=14632, [ Capabilities: INTERNET&NOT_RESTRICTED&TRUSTED&NOT_VCN_MANAGED&NOT_BANDWIDTH_CONSTRAINED Uid: 10210 RequestorUid: 10210 RequestorPkg: com.google.android.googlequicksearchbox UnderlyingNetworks: Null] ]
08-08 12:16:11.535  1703  2188 D UntrustedWifiNetworkFactory: got request NetworkRequest [ REQUEST id=14632, [ Capabilities: INTERNET&NOT_RESTRICTED&TRUSTED&NOT_VCN_MANAGED&NOT_BANDWIDTH_CONSTRAINED Uid: 10210 RequestorUid: 10210 RequestorPkg: com.google.android.googlequicksearchbox UnderlyingNetworks: Null] ]
08-08 12:16:11.535  1703  2200 D ConnectivityService: Rematched networks [computed 0ms] [applied 7ms] [issued 1]
08-08 12:16:11.536  1703  2200 D ConnectivityService: NetworkReassignment :
08-08 12:16:11.536  1703  2200 D ConnectivityService:   14632 : null  111
08-08 12:16:11.537 15316 15316 I bnhk    : onResume
08-08 12:16:11.542  2978 17602 I ApplicationPackageManager: package : com.sec.android.app.clockpackage, useAppIconResources : false
08-08 12:16:11.543  1230  1230 I BufferQueueProducer: [NavigationBar0$_2415#94](this:0xb40000746dd4b8a0,id:-1,api:0,p:-1,c:1230) queueBuffer: fps=0.05 dur=76411.07 max=76155.17 min=22.24
08-08 12:16:11.544  1230  1230 D DisplayModeController: setDesiredMode 4627039422300187648 {mode={fps=90.00 Hz, modePtr={id=0, vsyncRate=90.00 Hz, peakRefreshRate=90.00 Hz}}, emitEvent=true, force=false}
08-08 12:16:11.547 19137 19137 D ApplicationLoaders: Returning zygote-cached class loader: /system/framework/org.apache.http.legacy.jar
08-08 12:16:11.547 19137 19137 D ApplicationLoaders: Returning zygote-cached class loader: /system_ext/framework/androidx.window.extensions.jar
08-08 12:16:11.547 19137 19137 D ApplicationLoaders: Returning zygote-cached class loader: /system_ext/framework/androidx.window.sidecar.jar
08-08 12:16:11.548  1703  1859 D BatteryExternalStatsWorker: Update CPU state
08-08 12:16:11.548  1703  1859 D BatteryExternalStatsWorker: mStats lock released
08-08 12:16:11.548  1703  1859 D BatteryExternalStatsWorker: done updateExternalStatsLocked
08-08 12:16:11.549  2978 17602 I LiveIconUtil: getLiveIcon was called in ClockPackage
08-08 12:16:11.550  3148  3231 I GpsSession_FLP: Total distance      : 0.03 km
08-08 12:16:11.550  3148  3231 I GpsSession_FLP: Total duration      : 73 seconds
08-08 12:16:11.550  3148  3231 I GpsSession_FLP: Total fix duration  : 72 seconds 
08-08 12:16:11.550  3148  3231 I GpsSession_FLP: Total lost duration : 0 seconds
08-08 12:16:11.550  3148  3231 I GpsSession_FLP: Total lost sections : 1
08-08 12:16:11.550  3148  3231 I GpsSession_FLP: Time To First Fix   : 1 seconds
08-08 12:16:11.550  3148  3231 I SharedPreferences_FLP: removeExpiredLogs, 6 to 6
08-08 12:16:11.550  3148  3231 I ShadowRecoveryDetector_FLP: restored 6 daily summary
08-08 12:16:11.551  3148  3231 I SharedPreferences_FLP: removeExpiredLogs, 6 to 6
08-08 12:16:11.552  1158 18930 W AudioALSACaptureDataProviderNormal: readThread, latency_in_s,0.000000,0.020058,0.002590, totalTime 0.022649 > logTimeout 0.022000 TIMEOUT!!
08-08 12:16:11.553  2978 17602 I LiveIconUtil: getLiveIcon res = com.sec.android.app.clockpackage
08-08 12:16:11.556  2978  4631 I VRI[LauncherActivity]@44574e: mWNT: t=0xb40000700aac5480 mBlastBufferQueue=0xb40000700a861000 fn= 1 HdrRenderState mRenderHdrSdrRatio=1.0 caller= android.view.ViewRootImpl$11.onFrameDraw:15016 android.view.ThreadedRenderer$1.onFrameDraw:761 <bottom of call stack> 
08-08 12:16:11.556  2978  4631 I VRI[LauncherActivity]@44574e: Setting up sync and frameCommitCallback
08-08 12:16:11.560  1166  1204 E HfLooper: eventConvertAll, lux = 995.000000
08-08 12:16:11.560 14493 14493 D BoundBrokerSvc: onBind: Intent { act=com.google.android.gms.inappreach.service.START dat=chimera-action:/... cmp=com.google.android.gms/.chimera.GmsApiService }
08-08 12:16:11.561 14493 14493 D BoundBrokerSvc: Loading bound service for intent: Intent { act=com.google.android.gms.inappreach.service.START dat=chimera-action:/... cmp=com.google.android.gms/.chimera.GmsApiService }
08-08 12:16:11.563  2978 17602 I LiveIconUtil: stdIconSize : 135 , targetIconSize : 163
08-08 12:16:11.563  2978 17602 I LiveIconUtil: iconDpi : 640 , mTargetIconDpi : 450
08-08 12:16:11.564  2978  4481 I BLASTBufferQueue: [VRI[LauncherActivity]@44574e#190](f:0,a:0,s:0) onFrameAvailable the first frame is available
08-08 12:16:11.564  2978  4481 I BLASTBufferQueue: [VRI[LauncherActivity]@44574e#190](f:0,a:1,s:0) acquireNextBufferLocked size=1080x2408 mFrameNumber=1 applyTransaction=true mTimestamp=190772838971754(auto) mPendingTransactions.size=0 graphicBufferId=12790412609468 transform=0
08-08 12:16:11.564  2978  4481 I VRI[LauncherActivity]@44574e: Received frameCommittedCallback lastAttemptedDrawFrameNum=1 didProduceBuffer=true
08-08 12:16:11.566  2978  2978 I HoneySpace.NotificationListener: onNotificationRemoved sbn : StatusBarNotification(pkg=com.atakmap.app.civ user=UserHandle{0} id=72992 tag=null key=0|com.atakmap.app.civ|72992|null|10461: Notification(channel=com.at... shortcut=null contentView=null vibrate=null sound=null defaults=0 flags=ONGOING_EVENT|NO_CLEAR|FOREGROUND_SERVICE color=0x00000000 vis=PRIVATE semFlags=0x0 semPriority=0 semMissedCount=0)), reason : 8
08-08 12:16:11.566  1703  2351 D WindowManager: finishDrawingWindow: Window{5741aa6 u0 com.sec.android.app.launcher/com.sec.android.app.launcher.activities.LauncherActivity} mDrawState=DRAW_PENDING seqId=0
08-08 12:16:11.566  2978  5361 I HoneySpace.NotificationListener: onNotificationRemoved com.atakmap.app.civ: 0|com.atakmap.app.civ|72992|null|10461: 0
08-08 12:16:11.566  2978  2978 I VRI[LauncherActivity]@44574e: onDisplayChanged oldDisplayState=2 newDisplayState=2
08-08 12:16:11.566  2978  2978 I VRI[RecentsTransitionOverlay]@e281c98: onDisplayChanged oldDisplayState=2 newDisplayState=2
08-08 12:16:11.566  2978  2978 I VRI[RecentsActivity]@e359b85: onDisplayChanged oldDisplayState=2 newDisplayState=2
08-08 12:16:11.566  2978 14285 I HoneySpace.Memory-Monitor: current state = 2, didTrim = false
08-08 12:16:11.567  2978 14285 I HoneySpace.BadgeDataSourceImpl: Get notification count. PK(p='com.google.android.gm', u=UserHandle{0}) - forceBadgeCount: false, notification listener: 18, badge provider: 0
08-08 12:16:11.567  1703  2351 W ParceledListSlice: Element #47 is 20452 bytes.
08-08 12:16:11.568  2978 17169 I HoneySpace.PackageEventOperator: [ApplistViewModel] badge count is updated. com.atakmap.app.civ/com.atakmap.app.ATAKActivityCiv#UserHandle{0}|4545 : 0
08-08 12:16:11.568  2978 17169 I HoneySpace.BadgeDataSourceImpl: Get notification count. PK(p='com.google.android.gm', u=UserHandle{0}) - forceBadgeCount: false, notification listener: 18, badge provider: 0
08-08 12:16:11.568  2978  2978 I InsetsSourceConsumer: applyRequestedVisibilityToControl: visible=true, type=statusBars, host=com.sec.android.app.launcher/com.sec.android.app.launcher.activities.LauncherActivity
08-08 12:16:11.569  2978  2978 I InsetsSourceConsumer: applyRequestedVisibilityToControl: visible=true, type=navigationBars, host=com.sec.android.app.launcher/com.sec.android.app.launcher.activities.LauncherActivity
08-08 12:16:11.570  1703  1838 V WindowManager: SyncGroup 1511: Finished!
08-08 12:16:11.571  1703  1838 V WindowManager: performShowLocked: mDrawState=HAS_DRAWN in Window{366fe18 u0 (1-1)-Window{6cbdd70 alpha=1.0 fl=}}
08-08 12:16:11.571  1703  1838 V WindowManager: performShowLocked: mDrawState=HAS_DRAWN in Window{5741aa6 u0 com.sec.android.app.launcher/com.sec.android.app.launcher.activities.LauncherActivity}
08-08 12:16:11.571  1703  1838 D ChangeTransitionController: onTransactionReady: TransitionRecord{cbe1620 id=1511 type=CLOSE flags=0x0}
08-08 12:16:11.571  1703  1838 V WindowManager: Start calculating TransitionInfo based on participants: {ActivityRecord{e85262 u0 com.atakmap.app.civ/com.atakmap.android.update.AppMgmtActivity t572 f} isExiting}, ActivityRecord{17e7785 u0 com.atakmap.app.civ/com.atakmap.app.ATAKActivityCiv t572 f} isExiting}, ActivityRecord{265a15d u0 com.sec.android.app.launcher/.activities.LauncherActivity t448}, Task{3a9f81b #448 type=home I=com.sec.android.app.launcher/.activities.LauncherActivity}, WallpaperWindowToken{9a0a983 token=android.os.Binder@e20c832}_<system>, Task{a1a9cdd #1 type=home}}
08-08 12:16:11.572  1703  1838 V WindowManager:   Final targets: [Task{a1a9cdd #1 type=home}, Task{12199da #572 type=standard A=10461:com.atakmap.app.civ}, WallpaperWindowToken{9a0a983 token=android.os.Binder@e20c832}_<system>]
08-08 12:16:11.572  2978  3064 I HoneySpace.TaskbarEventTracker: invokeEvent() called with: event = SystemUiStateChanged(stateFlags=268435456)
08-08 12:16:11.573  1230  1751 I BufferQueueDebug: [Transition Root: Task=1#22263](this:0xb40000746d26f8a0,id:-1,api:0,p:-1,c:-1) BufferQueue core=(1230:/system/bin/surfaceflinger)
08-08 12:16:11.574  1230  1751 I SurfaceFlinger: id=22263 createSurf, flag=84004, Transition Root: Task=1#22263
08-08 12:16:11.575  1230  1751 I BufferQueueDebug: [Surface(name=WallpaperWindowToken{9a0a983 token=android.os.Binder@e20c832})/@0x166fa47 - rotation-leash#22264](this:0xb40000746d2a38a0,id:-1,api:0,p:-1,c:-1) BufferQueue core=(1230:/system/bin/surfaceflinger)
08-08 12:16:11.576  1230  1751 I SurfaceFlinger: id=22264 createSurf, flag=84000, Surface(name=WallpaperWindowToken{9a0a983 token=android.os.Binder@e20c832})/@0x166fa47 - rotation-leash#22264
08-08 12:16:11.577  1703  1838 I SurfaceControlRegistry: show, t=StartTransaction_SyncId<1511> sc=WallpaperWindowToken{9a0a983 token=android.os.Binder@e20c832}, caller=android.view.SurfaceControl$Transaction.show:3232 com.android.server.wm.Transition.onTransactionReady:2007 com.android.server.wm.BLASTSyncEngine$SyncGroup.finishNow:195 com.android.server.wm.BLASTSyncEngine.onSurfacePlacement:269 com.android.server.wm.RootWindowContainer.performSurfacePlacementNoTrace:459 com.android.server.wm.RootWindowContainer.performSurfacePlacement:9 
08-08 12:16:11.577  1703  1838 I SurfaceControlRegistry: show, t=StartTransaction_SyncId<1511> sc=ActivityRecord{265a15d u0 com.sec.android.app.launcher/.activities.LauncherActivity t448}, caller=android.view.SurfaceControl$Transaction.show:3232 com.android.server.wm.Transition.onTransactionReady:2273 com.android.server.wm.BLASTSyncEngine$SyncGroup.finishNow:195 com.android.server.wm.BLASTSyncEngine.onSurfacePlacement:269 com.android.server.wm.RootWindowContainer.performSurfacePlacementNoTrace:459 com.android.server.wm.RootWindowContainer.performSurfacePlacement:9 
08-08 12:16:11.578  1703  1838 I SurfaceControlRegistry: show, t=StartTransaction_SyncId<1511> sc=Task=448, caller=android.view.SurfaceControl$Transaction.show:3232 com.android.server.wm.Transition.onTransactionReady:2300 com.android.server.wm.BLASTSyncEngine$SyncGroup.finishNow:195 com.android.server.wm.BLASTSyncEngine.onSurfacePlacement:269 com.android.server.wm.RootWindowContainer.performSurfacePlacementNoTrace:459 com.android.server.wm.RootWindowContainer.performSurfacePlacement:9 
08-08 12:16:11.579  1703  1838 V WindowManager: Calling onTransitionReady: {id=1511 t=CLOSE f=0x0 trk=0 r=[0@Point(0, 0)] c=[
08-08 12:16:11.579  1703  1838 V WindowManager:         {WCT{RemoteToken{4cfd02 Task{a1a9cdd #1 type=home}}} m=TO_FRONT f=SHOW_WALLPAPER|MOVE_TO_TOP|EDGE_EXTENSION_RESTRICTION leash=Surface(name=Task=1)/@0x18e39e4 sb=Rect(0, 0 - 2408, 1080) eb=Rect(0, 0 - 2408, 1080) d=0 endFixedRotation=0 taskParent=-1 inset=Rect(0, 0 - 0, 0)},
08-08 12:16:11.579  1703  1838 V WindowManager:         {WCT{RemoteToken{ac240d7 Task{12199da #572 type=standard A=10461:com.atakmap.app.civ}}} m=TO_BACK f=NONE leash=Surface(name=Task=572)/@0x94bb271 sb=Rect(0, 0 - 2408, 1080) eb=Rect(0, 0 - 2408, 1080) d=0 taskParent=-1 inset=Rect(0, 0 - 0, 0) dim=true},
08-08 12:16:11.579  1703  1838 V WindowManager:         {null m=TO_FRONT f=IS_WALLPAPER|IS_FIXED_PORTRAIT p=WCT{RemoteToken{8c15b4a RemoteWallpaperAnim:1:1@13587561}} leash=Surface(name=Surface(name=WallpaperWindowToken{9a0a983 token=android.os.Binder@e20c832})/@0x166fa47 - rotation-leash)/@0xc794521 sb=Rect(0, 0 - 1080, 2408) eb=Rect(0, 0 - 2408, 1080) d=0 r=0->1:-1 inset=Rect(0, 0 - 0, 0)}
08-08 12:16:11.579  1703  1838 V WindowManager:     ]}
08-08 12:16:11.581  1703  1838 D RestrictionPolicy: isScreenCaptureEnabled : ret=true userId=0
08-08 12:16:11.582  1703  1838 D ScreenCapture: [Capture_TEST] : setIsScreenShotBySystem false
08-08 12:16:11.584  2978  4753 I HoneySpace.PredictionDataSourceImpl: TYPE_SUGGESTED_APPS updated: 9
08-08 12:16:11.585  2415  4136 V WindowManagerShell: onTransitionReady(transaction=7314329437704)
08-08 12:16:11.586  2415  2468 V WindowManagerShell: onTransitionReady (#1511) android.os.BinderProxy@8a16df3: {id=1511 t=CLOSE f=0x0 trk=0 r=[0@Point(0, 0)] c=[{WCT{android.window.IWindowContainerToken$Stub$Proxy@e59e5c3} m=TO_FRONT f=SHOW_WALLPAPER|MOVE_TO_TOP|EDGE_EXTENSION_RESTRICTION leash=Surface(name=Task=1)/@0xabc8e27 sb=Rect(0, 0 - 2408, 1080) eb=Rect(0, 0 - 2408, 1080) d=0 endFixedRotation=0 taskParent=-1 inset=Rect(0, 0 - 0, 0)},{WCT{android.window.IWindowContainerToken$Stub$Proxy@81a6e40} m=TO_BACK f=NONE leash=Surface(name=Task=572)/@0xec298d4 sb=Rect(0, 0 - 2408, 1080) eb=Rect(0, 0 - 2408, 1080) d=0 taskParent=-1 inset=Rect(0, 0 - 0, 0) dim=true},{null m=TO_FRONT f=IS_WALLPAPER|IS_FIXED_PORTRAIT p=WCT{android.window.IWindowContainerToken$Stub$Proxy@658a179} leash=Surface(name=Surface(name=WallpaperWindowToken{9a0a983 token=android.os.Binder@e20c832})/@0x166fa47 - rotation-leash)/@0xb63da7d sb=Rect(0, 0 - 1080, 2408) eb=Rect(0, 0 - 2408, 1080) d=0 r=0->1:-1 inset=Rect(0, 0 - 0, 0)}]}
08-08 12:16:11.586  2978  4754 I HoneySpace.PredictionDataSourceImpl: TYPE_RECOMMENDED_WIDGETS updated: 24
08-08 12:16:11.586  2415  2468 I SurfaceControlRegistry: show, t=StartTransaction_SyncId<1511> sc=Surface(name=WallpaperWindowToken{9a0a983 token=android.os.Binder@e20c832})/@0x166fa47 - rotation-leash, caller=android.view.SurfaceControl$Transaction.show:3232 com.android.wm.shell.transition.Transitions.dispatchReady:557 com.android.wm.shell.transition.Transitions.onTransitionReady:244 com.android.wm.shell.transition.Transitions$TransitionPlayerImpl$$ExternalSyntheticLambda0.run:13 android.os.Handler.handleCallback:959 android.os.Handler.dispatchMessage:100 
08-08 12:16:11.587  2415  2468 I SurfaceControlRegistry: hide, t=FinishTransaction_SyncId<1511> sc=Task=572, caller=android.view.SurfaceControl$Transaction.hide:3258 com.android.wm.shell.transition.Transitions.dispatchReady:929 com.android.wm.shell.transition.Transitions.onTransitionReady:244 com.android.wm.shell.transition.Transitions$TransitionPlayerImpl$$ExternalSyntheticLambda0.run:13 android.os.Handler.handleCallback:959 android.os.Handler.dispatchMessage:100 
08-08 12:16:11.587  2415  2468 I SurfaceControlRegistry: show, t=StartTransaction_SyncId<1511> sc=Task=1, caller=android.view.SurfaceControl$Transaction.show:3232 com.android.wm.shell.transition.Transitions.dispatchReady:934 com.android.wm.shell.transition.Transitions.onTransitionReady:244 com.android.wm.shell.transition.Transitions$TransitionPlayerImpl$$ExternalSyntheticLambda0.run:13 android.os.Handler.handleCallback:959 android.os.Handler.dispatchMessage:100 
08-08 12:16:11.587  2415  2468 I SurfaceControlRegistry: show, t=FinishTransaction_SyncId<1511> sc=Task=1, caller=android.view.SurfaceControl$Transaction.show:3232 com.android.wm.shell.transition.Transitions.dispatchReady:988 com.android.wm.shell.transition.Transitions.onTransitionReady:244 com.android.wm.shell.transition.Transitions$TransitionPlayerImpl$$ExternalSyntheticLambda0.run:13 android.os.Handler.handleCallback:959 android.os.Handler.dispatchMessage:100 
08-08 12:16:11.587  2415  2468 V WindowManagerShell: Playing animation for (#1511) android.os.BinderProxy@8a16df3@0
08-08 12:16:11.587  2415  2468 I SurfaceControlRegistry: show, t=StartTransaction_SyncId<1511> sc=Transition Root: Task=1, caller=android.view.SurfaceControl$Transaction.show:3232 com.android.wm.shell.transition.Transitions.playTransition:81 com.android.wm.shell.transition.Transitions.processReadyQueue:250 com.android.wm.shell.transition.Transitions.dispatchReady:1007 com.android.wm.shell.transition.Transitions.onTransitionReady:244 com.android.wm.shell.transition.Transitions$TransitionPlayerImpl$$ExternalSyntheticLambda0.run:13 
08-08 12:16:11.588  2415  2468 V WindowManagerShell:  try handler com.android.wm.shell.transition.DefaultMixedHandler@15069e1
08-08 12:16:11.588  2415  2468 V WindowManagerShell:  try handler com.android.wm.shell.keyguard.KeyguardTransitionHandler@485d306
08-08 12:16:11.588  2415  2468 V WindowManagerShell:  try handler com.android.wm.shell.pip.PipTransition@feaddc7
08-08 12:16:11.588  2415  2468 V WindowManagerShell:  try handler com.android.wm.shell.activityembedding.ActivityEmbeddingController@57d3ff4
08-08 12:16:11.588  2415  2468 V WindowManagerShell:  try handler com.android.wm.shell.splitscreen.StageCoordinator@a88c31d
08-08 12:16:11.588  2415  2468 V WindowManagerShell:  try handler com.android.wm.shell.recents.RecentsTransitionHandler@d1c1992
08-08 12:16:11.588  2415  2468 V ShellRecents: RecentsTransitionHandler.startAnimation: no controller found
08-08 12:16:11.588  2415  2468 V WindowManagerShell:  try handler com.android.wm.shell.transition.RemoteTransitionHandler@dad8f63
08-08 12:16:11.588  2415  2468 V WindowManagerShell: Transition doesn't have explicit remote, search filters for match for {id=1511 t=CLOSE f=0x0 trk=0 r=[0@Point(0, 0)] c=[{WCT{android.window.IWindowContainerToken$Stub$Proxy@e59e5c3} m=TO_FRONT f=SHOW_WALLPAPER|MOVE_TO_TOP|EDGE_EXTENSION_RESTRICTION leash=Surface(name=Task=1)/@0xabc8e27 sb=Rect(0, 0 - 2408, 1080) eb=Rect(0, 0 - 2408, 1080) d=0 endFixedRotation=0 taskParent=-1 inset=Rect(0, 0 - 0, 0)},{WCT{android.window.IWindowContainerToken$Stub$Proxy@81a6e40} m=TO_BACK f=NONE leash=Surface(name=Task=572)/@0xec298d4 sb=Rect(0, 0 - 2408, 1080) eb=Rect(0, 0 - 2408, 1080) d=0 taskParent=-1 inset=Rect(0, 0 - 0, 0) dim=true},{null m=TO_FRONT f=IS_WALLPAPER|IS_FIXED_PORTRAIT p=WCT{android.window.IWindowContainerToken$Stub$Proxy@658a179} leash=Surface(name=Surface(name=WallpaperWindowToken{9a0a983 token=android.os.Binder@e20c832})/@0x166fa47 - rotation-leash)/@0xb63da7d sb=Rect(0, 0 - 1080, 2408) eb=Rect(0, 0 - 2408, 1080) d=0 r=0->1:-1 inset=Rect(0, 0 - 0, 0)}]}
08-08 12:16:11.590  2415  2468 V WindowManagerShell:  Checking filter Pair{{types=[] flags=0x0] notFlags=0x100 checks=[{atype=home independent=true modes=[OPEN,TO_FRONT] flags=NONE mustBeTask=false order=TOP topActivity=ComponentInfo{com.sec.android.app.launcher/com.sec.android.app.launcher.Launcher} launchCookie=null},{atype=recents independent=true modes=[CLOSE,TO_BACK] flags=NONE mustBeTask=false order=ANY topActivity=null launchCookie=null}]} RemoteTransition { remoteTransition = android.window.IRemoteTransition$Stub$Proxy@46463e6, appThread = android.app.IApplicationThread$Stub$Proxy@f12cd27, debugName = QuickstepLaunchHomeFromRecentsflags =NONE }}
08-08 12:16:11.591  2415  2468 V WindowManagerShell:  Checking filter Pair{{types=[] flags=0x0] notFlags=0x100 checks=[{atype=home independent=true modes=[OPEN,TO_FRONT] flags=NONE mustBeTask=false order=TOP topActivity=ComponentInfo{com.sec.android.app.launcher/com.sec.android.app.launcher.Launcher} launchCookie=null},{atype=standard independent=true modes=[CLOSE,TO_BACK] flags=NONE mustBeTask=false order=ANY topActivity=null launchCookie=null}]} RemoteTransition { remoteTransition = android.window.IRemoteTransition$Stub$Proxy@8ad6bd4, appThread = android.app.IApplicationThread$Stub$Proxy@2a9b17d, debugName = QuickstepLaunchHomeflags =NONE }}
08-08 12:16:11.591  2415  2468 D RemoteTransitionHandler: Found filterPair{{types=[] flags=0x0] notFlags=0x100 checks=[{atype=home independent=true modes=[OPEN,TO_FRONT] flags=NONE mustBeTask=false order=TOP topActivity=ComponentInfo{com.sec.android.app.launcher/com.sec.android.app.launcher.Launcher} launchCookie=null},{atype=standard independent=true modes=[CLOSE,TO_BACK] flags=NONE mustBeTask=false order=ANY topActivity=null launchCookie=null}]} RemoteTransition { remoteTransition = android.window.IRemoteTransition$Stub$Proxy@8ad6bd4, appThread = android.app.IApplicationThread$Stub$Proxy@2a9b17d, debugName = QuickstepLaunchHomeflags =NONE }}
08-08 12:16:11.591  2415  2468 V WindowManagerShell:  Delegate animation for (#1511) to RemoteTransition { remoteTransition = android.window.IRemoteTransition$Stub$Proxy@8ad6bd4, appThread = android.app.IApplicationThread$Stub$Proxy@2a9b17d, debugName = QuickstepLaunchHomeflags =NONE }
08-08 12:16:11.591  2415  2468 V WindowManagerShell:  Excluded change from remote targets at (#1511), change={null m=TO_FRONT f=IS_WALLPAPER|IS_FIXED_PORTRAIT p=WCT{android.window.IWindowContainerToken$Stub$Proxy@658a179} leash=Surface(name=Surface(name=WallpaperWindowToken{9a0a983 token=android.os.Binder@e20c832})/@0x166fa47 - rotation-leash)/@0xb63da7d sb=Rect(0, 0 - 1080, 2408) eb=Rect(0, 0 - 2408, 1080) d=0 r=0->1:-1 inset=Rect(0, 0 - 0, 0)}
08-08 12:16:11.599  1230  1295 I BufferQueueDebug: [Surface(name=Task=1)/@0xd472771_transition-leash#22265](this:0xb40000746d8218a0,id:-1,api:0,p:-1,c:-1) BufferQueue core=(1230:/system/bin/surfaceflinger)
08-08 12:16:11.600  1230  1295 I SurfaceFlinger: id=22265 createSurf, flag=84000, Surface(name=Task=1)/@0xd472771_transition-leash#22265
08-08 12:16:11.601  1703  2351 V AudioService.RecordingActivityMonitor: updateSoundAppPolicy packageName = com.atakmap.app.civ
08-08 12:16:11.601  1703  1834 V WindowManager: Sent Transition (#1511) createdAt=08-08 12:16:11.351 via request=TransitionRequestInfo { type = CLOSE, triggerTask = null, pipTask = null, remoteTransition = null, displayChange = null, flags = 0, debugId = 1511 }
08-08 12:16:11.601  1703  1834 V WindowManager:     startWCT=WindowContainerTransaction { changes = {} hops = [] errorCallbackToken=null taskFragmentOrganizer=null }
08-08 12:16:11.601  1703  2546 D TextToSpeechManagerPerUserService: Unbinding TTS engine: com.google.android.tts. Reason: client process death is reported
08-08 12:16:11.601  2978  3000 I SurfaceControlRegistry: show, t=StartTransaction_SyncId<1511> sc=Task=1, caller=android.view.SurfaceControl$Transaction.show:3232 P.g.a:125 P.g.o:0 P.g.n:0 com.android.systemui.animation.RemoteAnimationTargetCompat.wrap:48 com.android.systemui.animation.RemoteAnimationTargetCompat.wrapApps:10 
08-08 12:16:11.601  1703  1834 V WindowManager:     info={id=1511 t=CLOSE f=0x0 trk=0 r=[0@Point(0, 0)] c=[
08-08 12:16:11.601  1703  1834 V WindowManager:         {WCT{RemoteToken{4cfd02 Task{a1a9cdd #1 type=home}}} m=TO_FRONT f=SHOW_WALLPAPER|MOVE_TO_TOP|EDGE_EXTENSION_RESTRICTION leash=Surface(name=Task=1)/@0x18e39e4 sb=Rect(0, 0 - 2408, 1080) eb=Rect(0, 0 - 2408, 1080) d=0 endFixedRotation=0 taskParent=-1 inset=Rect(0, 0 - 0, 0)},
08-08 12:16:11.601  1703  1834 V WindowManager:         {WCT{RemoteToken{ac240d7 Task{12199da #572 type=standard A=10461:com.atakmap.app.civ}}} m=TO_BACK f=NONE leash=Surface(name=Task=572)/@0x94bb271 sb=Rect(0, 0 - 2408, 1080) eb=Rect(0, 0 - 2408, 1080) d=0 taskParent=-1 inset=Rect(0, 0 - 0, 0) dim=true},
08-08 12:16:11.601  1703  1834 V WindowManager:         {null m=TO_FRONT f=IS_WALLPAPER|IS_FIXED_PORTRAIT p=WCT{RemoteToken{8c15b4a RemoteWallpaperAnim:1:1@13587561}} leash=Surface(name=Surface(name=WallpaperWindowToken{9a0a983 token=android.os.Binder@e20c832})/@0x166fa47 - rotation-leash)/@0xc794521 sb=Rect(0, 0 - 1080, 2408) eb=Rect(0, 0 - 2408, 1080) d=0 r=0->1:-1 inset=Rect(0, 0 - 0, 0)}
08-08 12:16:11.601  1703  1834 V WindowManager:     ]}
08-08 12:16:11.602  1703  2351 D InputMethodManagerService: onClientRemoved
08-08 12:16:11.603  1230  1751 D SurfaceFlinger: [SF client] REMOVE (0xb400007470062700) for (18366:com.atakmap.app.civ)
08-08 12:16:11.603  1230  1751 D SurfaceFlinger: [SF client] REMOVE (0xb4000074701f2200) for (18366:com.atakmap.app.civ)
08-08 12:16:11.603  1230  1751 D SurfaceFlinger: [SF client] REMOVE (0xb400007486ae2200) for (18366:com.atakmap.app.civ)
08-08 12:16:11.603  1230  1751 D SurfaceFlinger: [SF client] REMOVE (0xb4000074701f2400) for (18366:com.atakmap.app.civ)
08-08 12:16:11.603  1230  1751 I SurfaceFlinger: onHandleDestroyed: name=Surface(name=a88b1c6 StatusBar)/@0x8f4ae95 - animation-leash of insets_animation#22252, layerId=22252, parentId=0
08-08 12:16:11.603  1230  1751 I SurfaceFlinger: id=22252 Removed Surface(name=a88b1c6 StatusBar)/@0x8f4ae95 - animation-leash of insets_animation#22252 (201)
08-08 12:16:11.603  1230  1751 D SurfaceFlinger: [SF client] REMOVE (0xb400007486af4000) for (18366:com.atakmap.app.civ)
08-08 12:16:11.603  1230  1751 I SurfaceFlinger: onHandleDestroyed: name=Surface(name=b268301 NavigationBar0)/@0x67d8e77 - animation-leash of insets_animation#22253, layerId=22253, parentId=0
08-08 12:16:11.603  1230  1751 I SurfaceFlinger: id=22253 Removed Surface(name=b268301 NavigationBar0)/@0x67d8e77 - animation-leash of insets_animation#22253 (201)
08-08 12:16:11.603  1230  1751 D SurfaceFlinger: [SF client] REMOVE (0xb400007470034b80) for (18366:com.atakmap.app.civ)
08-08 12:16:11.603  1230  1751 D SurfaceFlinger: [SF client] REMOVE (0xb400007470197b00) for (18366:com.atakmap.app.civ)
08-08 12:16:11.603  1230  1751 D SurfaceFlinger: [SF client] REMOVE (0xb4000074a52a3e80) for (18366:com.atakmap.app.civ)
08-08 12:16:11.603  1230  1751 D SurfaceFlinger: [SF client] REMOVE (0xb4000074a53aaa00) for (18366:com.atakmap.app.civ)
08-08 12:16:11.603  1230  1751 D SurfaceFlinger: [SF client] REMOVE (0xb4000074794d3d00) for (18366:com.atakmap.app.civ)
08-08 12:16:11.603  1230  1751 D SurfaceFlinger: [SF client] REMOVE (0xb4000074701f2300) for (18366:com.atakmap.app.civ)
08-08 12:16:11.603  1703  2351 D InputTransport: Input channel destroyed: 'ClientS', fd=1049
08-08 12:16:11.603  1230  1751 I BufferQueueDebug: [Surface(name=Task=572)/@0xb473dd7_transition-leash#22266](this:0xb40000746ce5c8a0,id:-1,api:0,p:-1,c:-1) BufferQueue core=(1230:/system/bin/surfaceflinger)
08-08 12:16:11.604  1230  1751 I SurfaceFlinger: id=22266 createSurf, flag=84000, Surface(name=Task=572)/@0xb473dd7_transition-leash#22266
08-08 12:16:11.604  1703  1838 D WindowManager: updateSystemBarAttributes: displayId=0, focusedCanBeNavColorWin=false, win=Window{5741aa6 u0 com.sec.android.app.launcher/com.sec.android.app.launcher.activities.LauncherActivity}, navColorWin=Window{5741aa6 u0 com.sec.android.app.launcher/com.sec.android.app.launcher.activities.LauncherActivity}, caller=com.android.server.wm.DisplayPolicy.finishPostLayoutPolicyLw:17 com.android.server.wm.RootWindowContainer.applySurfaceChangesTransaction$1:194 com.android.server.wm.RootWindowContainer.performSurfacePlacementNoTrace:59 
08-08 12:16:11.604  1230  1751 D SurfaceFlinger: [SF client] REMOVE (0xb4000074794d8680) for (18366:com.atakmap.app.civ)
08-08 12:16:11.604  1703  2546 D PowerManagerService: [api] handleWakeLockDeath : release WakeLock : PARTIAL_WAKE_LOCK                 'com.atakmap.app:atakWakeLock' ACQ=-1m12s495ms LONG (uid=10461 pid=18366 displayId=-1 lock=8a34434)
08-08 12:16:11.605  1202 15433 I AudioFlinger: removeDlbCodecCallback pid:18366 type:-1
08-08 12:16:11.606  2978  3000 I SurfaceControlRegistry: show, t=StartTransaction_SyncId<1511> sc=Task=572, caller=android.view.SurfaceControl$Transaction.show:3232 P.g.a:125 P.g.o:0 P.g.n:0 com.android.systemui.animation.RemoteAnimationTargetCompat.wrap:48 com.android.systemui.animation.RemoteAnimationTargetCompat.wrapApps:10 
08-08 12:16:11.606  1703  4475 V ActivityManager: Got obituary of 18366:com.atakmap.app.civ
08-08 12:16:11.607  1703  2546 E AppOps  : Operation not started: uid=10461 pkg=com.atakmap.app.civ(null) op=WAKE_LOCK
08-08 12:16:11.607  1202  1307 V APM_AudioPolicyManager: setAppState(portId:73, state:0)
08-08 12:16:11.607  1703  2188 E WifiMulticastLockManager: Multicaster binderDied
08-08 12:16:11.607  1703  2200 D ConnectivityService: releasing NetworkRequest [ REQUEST id=14622, [ Capabilities: INTERNET&NOT_RESTRICTED&TRUSTED&NOT_VCN_MANAGED&NOT_BANDWIDTH_CONSTRAINED Uid: 10461 RequestorUid: 10461 RequestorPkg: com.atakmap.app.civ UnderlyingNetworks: Null] ] (release request)
08-08 12:16:11.608  1703  2200 D ConnectivityService:  Removing from current network [111 WIFI], leaving 137 requests.
08-08 12:16:11.608  1462  8073 I CameraService: unregisterMonitorUid uid: 10461 last ref, remove it
08-08 12:16:11.608  1703  1838 D WindowManager: updateSystemBarAttributes, bhv=2, apr=0, statusBarAprRegions=[AppearanceRegion{ bounds=[0,0][1080,2408]}, AppearanceRegion{ bounds=[64,0][2408,1080]}], requestedVisibilities=-9
08-08 12:16:11.608  2415  2415 D SamsungLightBarControlHelper: onStatusBarAppearanceChanged() -  sbModeChanged:false, statusBarMode:0, barState:MODE_TRANSPARENT, isKeyguardShowing:false, navbarColorManagedByIme:false, (AppearanceRegion{ bounds=[0,0][1080,2408]}, AppearanceRegion{ bounds=[64,0][2408,1080]}, )
08-08 12:16:11.609  1703  1703 W TextToSpeechManagerPerUserService: Disconnected from TTS engine
08-08 12:16:11.609  1703  1703 W ActivityManager: pid 1703 system sent binder code 2 with flags 1 to frozen apps and got error -32
08-08 12:16:11.609  1703  1703 D ActivityManager: Too many transaction errors, throttling freezer binder callback.
08-08 12:16:11.609  1703  2351 I ImeTracker: com.atakmap.app.civ:321f94eb: onRequestHide at ORIGIN_SERVER reason HIDE_REMOVE_CLIENT fromUser false
08-08 12:16:11.609  1703  1703 I TextToSpeechManagerPerUserService: Failed running callback method: android.os.DeadObjectException
08-08 12:16:11.609  1703  2351 D InputMethodManagerService: setWindowStateInner, windowToken=android.os.BinderProxy@fd32ae, state=ImeTargetWindowState{ imeToken android.os.Binder@6c257d2 imeFocusChanged false hasEditorFocused false requestedImeVisible false imeDisplayId 0 softInputModeState STATE_UNSPECIFIED|ADJUST_RESIZE isStartInputByGainFocus true}
08-08 12:16:11.609  1703  1703 W ServiceConnector.Impl: mayInterruptIfRunning not supported - ignoring
08-08 12:16:11.611  1703  2351 I ImeTracker: com.atakmap.app.civ:321f94eb: onCancelled at PHASE_SERVER_SHOULD_HIDE
08-08 12:16:11.611  1703  2351 V InputMethodManagerService: hideCurrentInputLocked : canceled, shouldHideSoftInput=false, mInputShown=false, mImeWindowVis=0
08-08 12:16:11.611  1230  1230 I Layer   : id=22252 Destroyed Surface(name=a88b1c6 StatusBar)/@0x8f4ae95 - animation-leash of insets_animation#22252
08-08 12:16:11.611  1230  1230 I BufferQueueDebug: [Surface(name=a88b1c6 StatusBar)/@0x8f4ae95 - animation-leash of insets_animation#22252](this:0xb40000746cb118a0,id:-1,api:0,p:-1,c:1230) onDestructor()
08-08 12:16:11.611  1230  1230 I Layer   : id=22253 Destroyed Surface(name=b268301 NavigationBar0)/@0x67d8e77 - animation-leash of insets_animation#22253
08-08 12:16:11.611  1230  1230 I BufferQueueDebug: [Surface(name=b268301 NavigationBar0)/@0x67d8e77 - animation-leash of insets_animation#22253](this:0xb40000746d2558a0,id:-1,api:0,p:-1,c:1230) onDestructor()
08-08 12:16:11.612  1703  1847 I libprocessgroup: Removed cgroup /sys/fs/cgroup/uid_10461/pid_18366
08-08 12:16:11.612  2978  3000 I SurfaceControlRegistry: apply, t=StartTransaction_SyncId<1511>, caller=android.view.SurfaceControl$Transaction.apply:3135 android.view.SurfaceControl$Transaction.apply:3122 android.view.SurfaceControl$Transaction.apply:3078 com.android.systemui.animation.RemoteAnimationRunnerCompat$1.startAnimation:634 android.window.IRemoteTransition$Stub.onTransact:158 android.os.Binder.execTransactInternal:1541 
08-08 12:16:11.612  1149  1149 I Zygote  : Process 18366 exited due to signal 9 (Killed)
08-08 12:16:11.613  2978  3000 I HoneySpace.ShellAnimationRunner: [onAnimationStart] appTarget(0) : taskId-1, mode-0
08-08 12:16:11.613  1158  4034 D MTKAdapterStreamLayer: updateMetadataCommon(), 
08-08 12:16:11.613  1158  4034 D AudioALSAStreamIn: updateSinkMetadataV7(), sink_metadata->tracks  NULL!
08-08 12:16:11.613  2978  3000 I HoneySpace.ShellAnimationRunner: cookie: -2147483648
08-08 12:16:11.613  2978  3000 I HoneySpace.ShellAnimationRunner: [onAnimationStart] appTarget(1) : taskId-572, mode-1
08-08 12:16:11.613  2978  2978 I HoneySpace.ShellAnimationRunner: this , com.honeyspace.transition.ShellAnimationRunner@5269a21
08-08 12:16:11.613  2978  2978 I HoneySpace.ShellAnimationRunner: finishExistingAnimation, null
08-08 12:16:11.613  2978  2978 I HoneySpace.AppCloseAnimationDelegate: onAnimationStart
08-08 12:16:11.613  1703  1847 I libprocessgroup: Removed cgroup /sys/fs/cgroup/uid_99210/pid_18703
08-08 12:16:11.615  1703  3225 I WindowManager: WIN DEATH: Window{1d3c84f u0 com.atakmap.app.civ/com.atakmap.android.update.AppMgmtActivity}
08-08 12:16:11.615  1703  3225 D InputTransport: Input channel destroyed: '1d3c84f', fd=1058
08-08 12:16:11.615  2978  2978 I HoneySpace.AppCloseAnimationDelegate: findTargetView() called with: targets = com.honeyspace.transition.remote.RemoteAnimationTargets@b8e6a5c, centerMostInfo = null
08-08 12:16:11.615  1703  3225 W InputManager-JNI: Input channel object '1d3c84f com.atakmap.app.civ/com.atakmap.android.update.AppMgmtActivity (client)' was disposed without first being removed with the input manager!
08-08 12:16:11.615  1703  3225 D InputTransport: Input channel destroyed: '1d3c84f', fd=1063
08-08 12:16:11.616  1202 18928 D StreamHalAidl: 0xb40000791ba42f48 StreamInHalAidl::standby
08-08 12:16:11.616  1703  3225 V WindowManager: Remove Window{1d3c84f u0 com.atakmap.app.civ/com.atakmap.android.update.AppMgmtActivity}: mSurfaceController=Surface(name=com.atakmap.app.civ/com.atakmap.android.update.AppMgmtActivity$_18366)/@0x5ed90a3 mAnimatingExit=false mRemoveOnExit=false mHasSurface=true surfaceShowing=true animating=false app-animation=false mDisplayFrozen=false callers=com.android.server.wm.Session.binderDied:118 android.os.IBinder$DeathRecipient.binderDied:339 android.os.BinderProxy.sendDeathNotice:794 <bottom of call stack> <bottom of call stack> <bottom of call stack> 
08-08 12:16:11.616  2415  2468 V WindowManagerShell:  animated by com.android.wm.shell.transition.RemoteTransitionHandler@dad8f63
08-08 12:16:11.616  1202 18928 D StreamHalAidl: 0xb40000791ba42f48 StreamInHalAidl::pause
08-08 12:16:11.616  1158 18927 D AHAL_Stream: cycle: received command Command{pause: Void{}} in reader
08-08 12:16:11.616  2978 17169 I HoneySpace.RecentTasks: onRecentTasksChanged
08-08 12:16:11.616  1158 18927 I AHAL_Stream: pause()
08-08 12:16:11.617  2978  2978 I HoneySpace.AppCloseAnimationDelegate: findTargetValue [cookie-4545, pkgName-com.atakmap.app.civ]
08-08 12:16:11.617  1158 18927 I MTKAdapterStreamLayer: pause(), call standby()
08-08 12:16:11.617  1158 18927 D AudioALSAStreamIn: standby(), halRequest 0, mDestroy 0, flag 0, this 0xb40000701cda7f00
08-08 12:16:11.617  1703  3225 I WindowManager: WIN DEATH: Window{ddab43 u0 com.atakmap.app.civ/com.atakmap.app.ATAKActivityCiv}
08-08 12:16:11.617  1158 18927 D AudioALSAStreamIn: close_(), this = 0xb40000701cda7f00
08-08 12:16:11.617  1158 18927 D AudioALSAStreamIn: updateStandByFrameCount(), update the mStandbyFrameCount = 0-> 1027200
08-08 12:16:11.617  1158 18927 D AudioALSACaptureHandlerNormal: +close()
08-08 12:16:11.618  1703  3225 D InputTransport: Input channel destroyed: 'ddab43 ', fd=1036
08-08 12:16:11.619  1703  3225 W InputManager-JNI: Input channel object 'ddab43 com.atakmap.app.civ/com.atakmap.app.ATAKActivityCiv (client)' was disposed without first being removed with the input manager!
08-08 12:16:11.619  1703  3225 D InputTransport: Input channel destroyed: 'ddab43 ', fd=1044
08-08 12:16:11.619  2978  2978 I HoneySpace.AppListFastRecyclerViewAdapter: findCloseTarget : 4545, ComponentInfo{com.atakmap.app.civ/com.atakmap.app.ATAKActivityCiv}
08-08 12:16:11.619  2978  2978 I HoneySpace.AppCloseAnimationDelegate: findTargetView found:Value(view=com.honeyspace.ui.common.iconview.IconViewImpl{9982b09 VFED..CL. ........ 747,1172-996,1465 #7f0a029b app:id/icon} - ATAK, visibility:0, alpha:1.0, badge:0, icon:163x163, iconAlpha:255, iconState:NONE, iconSize:177, forceHideBadge:false, isTransparent:false, x=3, y=4, component=ComponentInfo{com.atakmap.app.civ/com.atakmap.app.ATAKActivityCiv}, isTargetShortcut=false), com.honeyspace.ui.common.iconview.IconViewImpl{9982b09 VFED..CL. ........ 747,1172-996,1465 #7f0a029b app:id/icon} - ATAK, visibility:0, alpha:1.0, badge:0, icon:163x163, iconAlpha:255, iconState:NONE, iconSize:177, forceHideBadge:false, isTransparent:false, x=3, y=4
08-08 12:16:11.619  2978  2978 I HoneySpace.AppCloseAnimationDelegate: getCloseAnimator : isGestureClosing-false, target-com.honeyspace.ui.common.iconview.IconViewImpl{9982b09 VFED..CL. ........ 747,1172-996,1465 #7f0a029b app:id/icon} - ATAK, visibility:0, alpha:1.0, badge:0, icon:163x163, iconAlpha:255, iconState:NONE, iconSize:177, forceHideBadge:false, isTransparent:false, x=3, y=4
08-08 12:16:11.619  2978  2978 I HoneySpace.FloatingAnimator: playerCount : 1
08-08 12:16:11.619  2978  2978 I HoneySpace.FloatingAnimator: [Player:A(11.619)] create
08-08 12:16:11.619  2978  2978 I HoneySpace.AppCloseAnimationDelegate: playFloatingIconAnim, appPlayer: A(11.619)
08-08 12:16:11.619  2978  2978 I HoneySpace.TransitionUtils: [getRotationChange] home-0, app-1
08-08 12:16:11.619  2978  2978 I HoneySpace.TransitionUtils: getWindowTargetBounds: Rect(0, 0 - 1080, 2408)
08-08 12:16:11.619  2978  2978 I HoneySpace.FloatingAnimator: [Player:A(11.619)] setup. isLandscape:false, isTranslucent:false, screenSize[2408, 1080], isMultiTargets:false, useCurrentDrawable:false
08-08 12:16:11.620  1703  3225 V WindowManager: Remove Window{ddab43 u0 com.atakmap.app.civ/com.atakmap.app.ATAKActivityCiv}: mSurfaceController=null mAnimatingExit=false mRemoveOnExit=false mHasSurface=false surfaceShowing=false animating=false app-animation=false mDisplayFrozen=false callers=com.android.server.wm.Session.binderDied:118 android.os.IBinder$DeathRecipient.binderDied:339 android.os.BinderProxy.sendDeathNotice:794 <bottom of call stack> <bottom of call stack> <bottom of call stack> 
08-08 12:16:11.620  1703  3225 D RestrictionPolicy: isScreenCaptureEnabled : ret=true userId=0
08-08 12:16:11.622  2978  2978 I HoneySpace.FloatingAnimator: add positionListener - com.honeyspace.transition.anim.floating.b@7c5d048
08-08 12:16:11.623  1703  1837 W ActivityManager: setHasOverlayUi called on unknown pid: 18366
08-08 12:16:11.623  2415  2415 D SystemUIService: SYSUI_RAM_OPTIMIZATION onTrimMemory=20
08-08 12:16:11.623  2978  2978 I HoneySpace.FloatingAnimator: [Player:A(11.619)] value animator:[262764573] started
08-08 12:16:11.623  2978  2978 I HoneySpace.IconView: setIconVisible : visible-false, currentForceHideBadge-false
08-08 12:16:11.623  2415  2415 D CentralSurfaces: SYSUI_RAM_OPTIMIZATION onTrimMemory=20
08-08 12:16:11.624  2415  2566 D HWUI    : CacheManager::trimMemory(20)
08-08 12:16:11.624  2978  2978 I HoneySpace.ContentsAnimator: from : 0.0
08-08 12:16:11.625  1703  2213 V MdnieScenarioControlService: mAclOffEnabled : false
08-08 12:16:11.625  1230  1230 D SurfaceFlinger: Display 4627039422300187648 HWC layers:
08-08 12:16:11.625  1230  1230 D SurfaceFlinger:        DEVICE |   0xb4000074793af740 | 0000 | RGBA_8888    |    0.0    0.0 1080.0 2408.0 |    0    0 1080 2408 | Wallpaper BBQ wrapper 5_system#76 (1)
08-08 12:16:11.625  1230  1230 D SurfaceFlinger:        DEVICE |   0xb400007479764d80 | 0001 | RGBA_8888    |    0.0    0.0 1080.0 2344.0 |    0   64 1080 2408 | com.atakmap.app.civ/com.atakmap.android.update.AppMgmtActivity$_18366#22236 (7)
08-08 12:16:11.625  1230  1230 D SurfaceFlinger:        DEVICE |   0xb4000074921b6240 | 0001 | RGBA_8888    |    0.0    0.0 1080.0  135.0 |    0 2273 1080 2408 | NavigationBar0$_2415#94 (21715)
08-08 12:16:11.625  1230  1230 D SurfaceFlinger: 
08-08 12:16:11.625  2978  2978 I HoneySpace.ContentsAnimator: ContentsAnimator start [95603647]
08-08 12:16:11.626  2978  2978 I HoneySpace.AnimationResult: setAnimation, animation: false
08-08 12:16:11.626  2978 11377 I HoneySpace.WallpaperAnimator: createWallpaperSurface
08-08 12:16:11.626  2978  2978 I HoneySpace.AppTransitionAnimationAwait: proceed 0
08-08 12:16:11.626  2978  2978 I HoneySpace.AppTransitionAnimationAwait: prepare refCnt:1 timeout:800
08-08 12:16:11.627  1703  3225 I WindowManager: Reparenting to leash, surface=Surface(name=RemoteWallpaperAnim:1:1)/@0x417ae5a, syncState=0, syncCommitDepth=0, leashParent=Surface(name=OneHanded:0:14)/@0x8d0d88b
08-08 12:16:11.627  1230  1751 I BufferQueueDebug: [Surface(name=RemoteWallpaperAnim:1:1)/@0x417ae5a - animation-leash of remote_wallpaper#22267](this:0xb40000746cff58a0,id:-1,api:0,p:-1,c:-1) BufferQueue core=(1230:/system/bin/surfaceflinger)
08-08 12:16:11.628  1230  1751 I SurfaceFlinger: id=22267 createSurf, flag=24000, Surface(name=RemoteWallpaperAnim:1:1)/@0x417ae5a - animation-leash of remote_wallpaper#22267
08-08 12:16:11.628  1703  3225 D WindowManager: makeSurface duration=1 leash=Surface(name=Surface(name=RemoteWallpaperAnim:1:1)/@0x417ae5a - animation-leash of remote_wallpaper)/@0x8747759
08-08 12:16:11.628  1703  3225 D WindowManager: startAnimation for remote wallpaper, leash=Surface(name=Surface(name=RemoteWallpaperAnim:1:1)/@0x417ae5a - animation-leash of remote_wallpaper)/@0x8747759
08-08 12:16:11.628  1703  3225 D WindowManager: startRemoteWallpaperAnimation, d=0, leash=Surface(name=Surface(name=RemoteWallpaperAnim:1:1)/@0x417ae5a - animation-leash of remote_wallpaper)/@0x8747759
08-08 12:16:11.629  2978 17602 E AppIconSolution: Couldn't get theme package resources, package is null
08-08 12:16:11.629  2978 17602 I AppIconSolution: load= live icon for com.sec.android.app.clockpackage, from overlay = false
08-08 12:16:11.629  1703  1742 W ParceledListSlice: Element #12 is 21612 bytes.
08-08 12:16:11.630  1158 18927 D AudioALSACaptureDataClientAurisysNormal: pthread_join hProcessThread done
08-08 12:16:11.630  1158 18927 D AudioALSACaptureDataProviderBase: detach(), 0xb40000701cd68f00, mCaptureDataClientVector.size()=1, Identity=0xb40000701ccb0400
08-08 12:16:11.630  1158 18927 D AudioALSACaptureDataProviderNormal: close()
08-08 12:16:11.632  2978 17602 I LauncherActivityInfo: packageName: com.sec.android.app.clockpackage, useThemeIcon: false, height: 288, width: 288, density: 640
08-08 12:16:11.633  1703  1838 I SurfaceControl: apply, lowDebugName=startRemoteWallpaperAnimation_231350046, caller=android.view.SurfaceControl$Transaction.apply:3122 android.view.SurfaceControl$Transaction.apply:3078 com.android.server.wm.WindowAnimator.animate:380 com.android.server.wm.WindowAnimator$$ExternalSyntheticLambda1.doFrame:14 android.view.Choreographer$CallbackRecord.run:1749 android.view.Choreographer$CallbackRecord.run:1760 
08-08 12:16:11.633  1230  1230 I SurfaceFlinger: onHandleDestroyed: name=ddab43 com.atakmap.app.civ/com.atakmap.app.ATAKActivityCiv#22201, layerId=22201, parentId=0
08-08 12:16:11.633  1230  1230 I SurfaceFlinger: id=22201 Removed ddab43 com.atakmap.app.civ/com.atakmap.app.ATAKActivityCiv#22201 (201)
08-08 12:16:11.636  2978 17602 I HoneySpace.LiveIconSupplier: updateIcon - 56, CLOCK, true - 12:16, view: #658d4b6, parent: ApplistCellLayout#93fb7e8
08-08 12:16:11.641  2978 17169 I HoneySpace.HistoryViewModel@71172901@OneUI: Illegal access. Unknown type. skip load history items
08-08 12:16:11.644  1230  1230 I Layer   : id=22201 Destroyed ddab43 com.atakmap.app.civ/com.atakmap.app.ATAKActivityCiv#22201
08-08 12:16:11.644  1230  1230 I BufferQueueDebug: [ddab43 com.atakmap.app.civ/com.atakmap.app.ATAKActivityCiv#22201](this:0xb40000746d0b88a0,id:-1,api:0,p:-1,c:1230) onDestructor()
08-08 12:16:11.645  2978  2978 I HoneySpace.FloatingAnimator: container x: 10.601443, y: 0.81145, scale : 0.9938643
08-08 12:16:11.645  1703  1837 D WindowManager: mRunner#onAnimationStart for remote wallpaper=[android.view.RemoteAnimationTarget@3be93ff], transaction=startRemoteWallpaperAnimation_231350046
08-08 12:16:11.645 19137 19137 W oid.apps.photos: Failed to find entry 'classes.dex': Entry not found
08-08 12:16:11.646  2978  3000 I HoneySpace.WallpaperAnimator: onAnimationStart, wallpapers: Surface(name=Surface(name=RemoteWallpaperAnim:1:1)/@0x417ae5a - animation-leash of remote_wallpaper)/@0x5b4319a
08-08 12:16:11.646 19137 19137 W oid.apps.photos: Failed to find entry 'classes.dex': Entry not found
08-08 12:16:11.646 19137 19137 W oid.apps.photos: Failed to find entry 'classes.dex': Entry not found
08-08 12:16:11.649 19137 19137 D nativeloader: Configuring clns-7 for other apk /data/app/~~d2xNh5tFFKKmoSd7vhoXgQ==/com.google.android.apps.photos-mkgKKUTrHq6nOR3SwfgU2w==/base.apk:/data/app/~~d2xNh5tFFKKmoSd7vhoXgQ==/com.google.android.apps.photos-mkgKKUTrHq6nOR3SwfgU2w==/split_config.arm64_v8a.apk:/data/app/~~d2xNh5tFFKKmoSd7vhoXgQ==/com.google.android.apps.photos-mkgKKUTrHq6nOR3SwfgU2w==/split_config.en.apk:/data/app/~~d2xNh5tFFKKmoSd7vhoXgQ==/com.google.android.apps.photos-mkgKKUTrHq6nOR3SwfgU2w==/split_config.xxhdpi.apk. target_sdk_version=36, uses_libraries=libOpenCL.so, library_path=/data/app/~~d2xNh5tFFKKmoSd7vhoXgQ==/com.google.android.apps.photos-mkgKKUTrHq6nOR3SwfgU2w==/lib/arm64:/data/app/~~d2xNh5tFFKKmoSd7vhoXgQ==/com.google.android.apps.photos-mkgKKUTrHq6nOR3SwfgU2w==/base.apk!/lib/arm64-v8a:/data/app/~~d2xNh5tFFKKmoSd7vhoXgQ==/com.google.android.apps.photos-mkgKKUTrHq6nOR3SwfgU2w==/split_config.arm64_v8a.apk!/lib/arm64-v8a:/data/app/~~d2xNh5tFFKKmoSd7vhoXgQ==/com.google.android.apps.photos-mkgKKUTrHq6nOR3SwfgU2w==/split_config.en.apk!/lib
08-08 12:16:11.650  1158 18930 D AudioALSACaptureDataProviderNormal: -readThread(), pid: 1158, tid: 18930
08-08 12:16:11.650  2978  2978 I HoneySpace.WallpaperAnimator: startWallpaperAnimation, isOpen-false, from:1.3, to:1.0, duration:250
08-08 12:16:11.650  2978  2978 I HoneySpace.WallpaperAnimator: wallpaper animation start [200424139]
08-08 12:16:11.650  1158 18927 D AudioALSACaptureDataProviderNormal: pthread_join hReadThread done
08-08 12:16:11.650  1158 18927 D AudioALSACaptureDataProviderBase: closeWavDump(), mCaptureDataProviderType = 0, DumpName = /data/vendor/audiohal/audio_dump/, mBytesWavDumpWritten = 0, format = 4, channels = 2, sample_rate = 48000
08-08 12:16:11.653  2978  4632 I VRI[LauncherActivity]@44574e: mWNT: t=0xb40000700aac5a80 mBlastBufferQueue=0xb40000700a861000 fn= 4 HdrRenderState mRenderHdrSdrRatio=1.0 caller= com.android.systemui.shared.launcher.ViewRootImplCompat.mergeWithNextTransaction:4 com.honeyspace.transition.utils.SurfaceTransactionApplier.scheduleApply$lambda$1:26 com.honeyspace.transition.utils.SurfaceTransactionApplier.b:0 
08-08 12:16:11.655  2978  2978 I HoneySpace.FloatingAnimator: container x: 45.19822, y: 3.4595375, scale : 0.97355634
08-08 12:16:11.659  1158 18927 D AudioALSADeviceConfigManager: ApplyDeviceTurnoffSequenceByName(), DeviceName = ADDA_TO_CAPTURE1 descriptor->DeviceStatusCounter = 1, Ctlsize=4
